Product: MDK-ARM Professional 5.10
Component: ARM Compiler 5.04 update 1 (build 49)
Tool: armlink [5040049]

==============================================================================

Section Cross References

    main.o(.text) refers to sys.o(.text) for NVIC_Configuration
    main.o(.text) refers to delay.o(.text) for delay_init
    main.o(.text) refers to usart.o(.text) for uart_init
    main.o(.text) refers to lcd.o(.text) for LCD_Init
    main.o(.text) refers to timer.o(.text) for TIM3_Int_Init
    main.o(.text) refers to cjson.o(.text) for cJSON_CreateObject
    main.o(.text) refers to noretval__2printf.o(.text) for __2printf
    main.o(.text) refers to touch.o(.data) for tp_dev
    main.o(.text) refers to lcd.o(.data) for POINT_COLOR
    main.o(.text) refers to timer.o(.data) for g_timer
    main.o(.text) refers to usart.o(.bss) for USART_RX_BUF
    system_stm32f10x.o(.text) refers to system_stm32f10x.o(.data) for SystemCoreClock
    led.o(.text) refers to stm32f10x_rcc.o(.text) for RCC_APB2PeriphClockCmd
    led.o(.text) refers to stm32f10x_gpio.o(.text) for GPIO_Init
    lcd.o(.text) refers to stm32f10x_gpio.o(.text) for GPIO_ResetBits
    lcd.o(.text) refers to delay.o(.text) for delay_us
    lcd.o(.text) refers to lcd.o(.bss) for lcddev
    lcd.o(.text) refers to lcd.o(.data) for POINT_COLOR
    lcd.o(.text) refers to stm32f10x_rcc.o(.text) for RCC_APB2PeriphClockCmd
    lcd.o(.text) refers to lcd.o(.constdata) for asc2_1206
    key.o(.text) refers to stm32f10x_rcc.o(.text) for RCC_APB2PeriphClockCmd
    key.o(.text) refers to stm32f10x_gpio.o(.text) for GPIO_PinRemapConfig
    key.o(.text) refers to delay.o(.text) for delay_ms
    key.o(.text) refers to key.o(.data) for key_up
    myiic.o(.text) refers to stm32f10x_rcc.o(.text) for RCC_APB2PeriphClockCmd
    myiic.o(.text) refers to stm32f10x_gpio.o(.text) for GPIO_Init
    myiic.o(.text) refers to delay.o(.text) for delay_us
    24cxx.o(.text) refers to myiic.o(.text) for IIC_Init
    24cxx.o(.text) refers to delay.o(.text) for delay_ms
    ctiic.o(.text) refers to delay.o(.text) for delay_us
    ott2001a.o(.text) refers to _printf_percent.o(.ARM.Collect$$_printf_percent$$00000000) for _printf_percent
    ott2001a.o(.text) refers to _printf_x.o(.ARM.Collect$$_printf_percent$$0000000C) for _printf_x
    ott2001a.o(.text) refers to _printf_hex_int.o(.text) for _printf_longlong_hex
    ott2001a.o(.text) refers to ctiic.o(.text) for CT_IIC_Start
    ott2001a.o(.text) refers to stm32f10x_rcc.o(.text) for RCC_APB2PeriphClockCmd
    ott2001a.o(.text) refers to stm32f10x_gpio.o(.text) for GPIO_Init
    ott2001a.o(.text) refers to delay.o(.text) for delay_ms
    ott2001a.o(.text) refers to noretval__2printf.o(.text) for __2printf
    ott2001a.o(.text) refers to dflt_clz.o(x$fpl$dflt) for __aeabi_i2d
    ott2001a.o(.text) refers to dmul.o(x$fpl$dmul) for __aeabi_dmul
    ott2001a.o(.text) refers to dfixu.o(x$fpl$dfixu) for __aeabi_d2uiz
    ott2001a.o(.text) refers to daddsub_clz.o(x$fpl$drsb) for __aeabi_drsub
    ott2001a.o(.text) refers to ott2001a.o(.data) for t
    ott2001a.o(.text) refers to touch.o(.data) for tp_dev
    ott2001a.o(.text) refers to ott2001a.o(.constdata) for OTT_TPX_TBL
    touch.o(.text) refers to delay.o(.text) for delay_us
    touch.o(.text) refers to lcd.o(.text) for LCD_DrawLine
    touch.o(.text) refers to fflt_clz.o(x$fpl$fflt) for __aeabi_i2f
    touch.o(.text) refers to fflt_clz.o(x$fpl$ffltu) for __aeabi_ui2f
    touch.o(.text) refers to fmul.o(x$fpl$fmul) for __aeabi_fmul
    touch.o(.text) refers to faddsub_clz.o(x$fpl$fadd) for __aeabi_fadd
    touch.o(.text) refers to ffixu.o(x$fpl$ffixu) for __aeabi_f2uiz
    touch.o(.text) refers to 24cxx.o(.text) for AT24CXX_WriteLenByte
    touch.o(.text) refers to touch.o(.data) for CMD_RDX
    touch.o(.text) refers to lcd.o(.data) for POINT_COLOR
    touch.o(.text) refers to dflt_clz.o(x$fpl$dfltu) for __aeabi_ui2d
    touch.o(.text) refers to sqrt.o(i.sqrt) for sqrt
    touch.o(.text) refers to dfixu.o(x$fpl$dfixu) for __aeabi_d2uiz
    touch.o(.text) refers to fdiv.o(x$fpl$fdiv) for __aeabi_fdiv
    touch.o(.text) refers to f2d.o(x$fpl$f2d) for __aeabi_f2d
    touch.o(.text) refers to lcd.o(.bss) for lcddev
    touch.o(.text) refers to touch.o(.constdata) for TP_ADJDIS_TBL
    touch.o(.text) refers to dleqf.o(x$fpl$dleqf) for __aeabi_cdcmple
    touch.o(.text) refers to drleqf.o(x$fpl$drleqf) for __aeabi_cdrcmple
    touch.o(.text) refers to faddsub_clz.o(x$fpl$fsub) for __aeabi_fsub
    touch.o(.text) refers to ffix.o(x$fpl$ffix) for __aeabi_f2iz
    touch.o(.text) refers to ott2001a.o(.text) for OTT2001A_Init
    touch.o(.text) refers to stm32f10x_rcc.o(.text) for RCC_APB2PeriphClockCmd
    touch.o(.text) refers to stm32f10x_gpio.o(.text) for GPIO_Init
    touch.o(.data) refers to touch.o(.text) for TP_Init
    touch.o(.data) refers to touch.o(.conststring) for .conststring
    timer.o(.text) refers to stm32f10x_rcc.o(.text) for RCC_APB1PeriphClockCmd
[...]
    .bss                                     0x20000096   Section     2208  usart.o(.bss)
    .bss                                     0x20000938   Section       96  libspace.o(.bss)
    HEAP                                     0x20000998   Section     4096  startup_stm32f10x_hd.o(HEAP)
    Heap_Mem                                 0x20000998   Data        4096  startup_stm32f10x_hd.o(HEAP)
    STACK                                    0x20001998   Section     1024  startup_stm32f10x_hd.o(STACK)
    Stack_Mem                                0x20001998   Data        1024  startup_stm32f10x_hd.o(STACK)
    __initial_sp                             0x20001d98   Data           0  startup_stm32f10x_hd.o(STACK)

    Global Symbols

    Symbol Name                              Value     Ov Type        Size  Object(Section)

    BuildAttributes$$THM_ISAv4$P$D$K$B$S$PE$A:L22UL41UL21$X:L11$S22US41US21$IEEE1$IW$USESV6$~STKCKD$USESV7$~SHL$OTIME$ROPI$IEEEX$EBA8$UX$STANDARDLIB$REQ8$PRES8$EABIv2 0x00000000   Number         0  anon$$obj.o ABSOLUTE
    __ARM_use_no_argv                        0x00000000   Number         0  main.o ABSOLUTE
    _printf_flags                            0x00000000   Number         0  printf_stubs.o ABSOLUTE
    _printf_return_value                     0x00000000   Number         0  printf_stubs.o ABSOLUTE
    _printf_sizespec                         0x00000000   Number         0  printf_stubs.o ABSOLUTE
    _printf_widthprec                        0x00000000   Number         0  printf_stubs.o ABSOLUTE
    __ARM_exceptions_init                     - Undefined Weak Reference
    __alloca_initialize                       - Undefined Weak Reference
    __cpp_initialize__aeabi_                  - Undefined Weak Reference
    __cxa_finalize                            - Undefined Weak Reference
    __sigvec_lookup                           - Undefined Weak Reference
    __user_heap_extent                        - Undefined Weak Reference
    _atexit_init                              - Undefined Weak Reference
    _call_atexit_fns                          - Undefined Weak Reference
    _clock_init                               - Undefined Weak Reference
    _fp_trap_init                             - Undefined Weak Reference
    _fp_trap_shutdown                         - Undefined Weak Reference
    _get_lc_collate                           - Undefined Weak Reference
    _get_lc_monetary                          - Undefined Weak Reference
    _get_lc_time                              - Undefined Weak Reference
    _getenv_init                              - Undefined Weak Reference
    _handle_redirection                       - Undefined Weak Reference
    _initio                                   - Undefined Weak Reference
    _mutex_acquire                            - Undefined Weak Reference
    _mutex_free                               - Undefined Weak Reference
    _mutex_release                            - Undefined Weak Reference
    _printf_truncate_signed                   - Undefined Weak Reference
    _printf_truncate_unsigned                 - Undefined Weak Reference
    _rand_init                                - Undefined Weak Reference
    _signal_finish                            - Undefined Weak Reference
    _signal_init                              - Undefined Weak Reference
    _terminateio                              - Undefined Weak Reference
    __Vectors_Size                           0x00000130   Number         0  startup_stm32f10x_hd.o ABSOLUTE
    __Vectors                                0x08000000   Data           4  startup_stm32f10x_hd.o(RESET)
    __Vectors_End                            0x08000130   Data           0  startup_stm32f10x_hd.o(RESET)
    __main                                   0x08000131   Thumb Code     8  __main.o(!!!main)
    __scatterload                            0x08000139   Thumb Code     0  __scatter.o(!!!scatter)
    __scatterload_rt2                        0x08000139   Thumb Code    44  __scatter.o(!!!scatter)
    __scatterload_rt2_thumb_only             0x08000139   Thumb Code     0  __scatter.o(!!!scatter)
    __scatterload_null                       0x08000147   Thumb Code     0  __scatter.o(!!!scatter)
    __scatterload_copy                       0x0800016d   Thumb Code    26  __scatter_copy.o(!!handler_copy)
    __scatterload_zeroinit                   0x08000189   Thumb Code    28  __scatter_zi.o(!!handler_zi)
    _printf_f                                0x080001a5   Thumb Code     0  _printf_f.o(.ARM.Collect$$_printf_percent$$00000003)
    _printf_percent                          0x080001a5   Thumb Code     0  _printf_percent.o(.ARM.Collect$$_printf_percent$$00000000)
    _printf_e                                0x080001ab   Thumb Code     0  _printf_e.o(.ARM.Collect$$_printf_percent$$00000004)
    _printf_d                                0x080001b1   Thumb Code     0  _printf_d.o(.ARM.Collect$$_printf_percent$$00000009)
    _printf_x                                0x080001b7   Thumb Code     0  _printf_x.o(.ARM.Collect$$_printf_percent$$0000000C)
    _printf_percent_end                      0x080001bd   Thumb Code     0  _printf_percent_end.o(.ARM.Collect$$_printf_percent$$00000017)
    __rt_lib_init                            0x080001c1   Thumb Code     0  libinit.o(.ARM.Collect$$libinit$$00000000)
    __rt_lib_init_fp_1                       0x080001c3   Thumb Code     0  libinit2.o(.ARM.Collect$$libinit$$00000002)
    __rt_lib_init_heap_2                     0x080001c3   Thumb Code     0  libinit2.o(.ARM.Collect$$libinit$$00000003)
    __rt_lib_init_heap_1                     0x080001cb   Thumb Code     0  libinit2.o(.ARM.Collect$$libinit$$00000008)
    __rt_lib_init_lc_common                  0x080001cb   Thumb Code     0  libinit2.o(.ARM.Collect$$libinit$$0000000D)
    __rt_lib_init_rand_1                     0x080001cb   Thumb Code     0  libinit2.o(.ARM.Collect$$libinit$$0000000C)
    __rt_lib_init_user_alloc_1               0x080001cb   Thumb Code     0  libinit2.o(.ARM.Collect$$libinit$$0000000A)
    __rt_lib_init_lc_collate_1               0x080001d1   Thumb Code     0  libinit2.o(.ARM.Collect$$libinit$$0000000F)
    __rt_lib_init_lc_ctype_2                 0x080001d1   Thumb Code     0  libinit2.o(.ARM.Collect$$libinit$$00000010)
    __rt_lib_init_lc_ctype_1                 0x080001dd   Thumb Code     0  libinit2.o(.ARM.Collect$$libinit$$00000011)
    __rt_lib_init_lc_monetary_1              0x080001dd   Thumb Code     0  libinit2.o(.ARM.Collect$$libinit$$00000013)
    __rt_lib_init_lc_numeric_2               0x080001dd   Thumb Code     0  libinit2.o(.ARM.Collect$$libinit$$00000014)
    __rt_lib_init_alloca_1                   0x080001e7   Thumb Code     0  libinit2.o(.ARM.Collect$$libinit$$0000002C)
    __rt_lib_init_argv_1                     0x080001e7   Thumb Code     0  libinit2.o(.ARM.Collect$$libinit$$0000002A)
    __rt_lib_init_atexit_1                   0x080001e7   Thumb Code     0  libinit2.o(.ARM.Collect$$libinit$$00000019)
    __rt_lib_init_clock_1                    0x080001e7   Thumb Code     0  libinit2.o(.ARM.Collect$$libinit$$0000001F)
    __rt_lib_init_cpp_1                      0x080001e7   Thumb Code     0  libinit2.o(.ARM.Collect$$libinit$$00000030)
    __rt_lib_init_exceptions_1               0x080001e7   Thumb Code     0  libinit2.o(.ARM.Collect$$libinit$$0000002E)
    __rt_lib_init_fp_trap_1                  0x080001e7   Thumb Code     0  libinit2.o(.ARM.Collect$$libinit$$0000001D)
    __rt_lib_init_getenv_1                   0x080001e7   Thumb Code     0  libinit2.o(.ARM.Collect$$libinit$$00000021)
    __rt_lib_init_lc_numeric_1               0x080001e7   Thumb Code     0  libinit2.o(.ARM.Collect$$libinit$$00000015)
    __rt_lib_init_lc_time_1                  0x080001e7   Thumb Code     0  libinit2.o(.ARM.Collect$$libinit$$00000017)
    __rt_lib_init_return                     0x080001e7   Thumb Code     0  libinit2.o(.ARM.Collect$$libinit$$00000031)
    __rt_lib_init_signal_1                   0x080001e7   Thumb Code     0  libinit2.o(.ARM.Collect$$libinit$$0000001B)
    __rt_lib_init_stdio_1                    0x080001e7   Thumb Code     0  libinit2.o(.ARM.Collect$$libinit$$00000023)
    __rt_lib_shutdown                        0x080001e9   Thumb Code     0  libshutdown.o(.ARM.Collect$$libshutdown$$00000000)
    __rt_lib_shutdown_fp_trap_1              0x080001eb   Thumb Code     0  libshutdown2.o(.ARM.Collect$$libshutdown$$00000006)
    __rt_lib_shutdown_heap_1                 0x080001eb   Thumb Code     0  libshutdown2.o(.ARM.Collect$$libshutdown$$0000000E)
    __rt_lib_shutdown_return                 0x080001eb   Thumb Code     0  libshutdown2.o(.ARM.Collect$$libshutdown$$0000000F)
    __rt_lib_shutdown_signal_1               0x080001eb   Thumb Code     0  libshutdown2.o(.ARM.Collect$$libshutdown$$00000009)
    __rt_lib_shutdown_stdio_1                0x080001eb   Thumb Code     0  libshutdown2.o(.ARM.Collect$$libshutdown$$00000003)
    __rt_lib_shutdown_user_alloc_1           0x080001eb   Thumb Code     0  libshutdown2.o(.ARM.Collect$$libshutdown$$0000000B)
    __rt_entry                               0x080001ed   Thumb Code     0  rtentry.o(.ARM.Collect$$rtentry$$00000000)
    __rt_entry_presh_1                       0x080001ed   Thumb Code     0  rtentry2.o(.ARM.Collect$$rtentry$$00000002)
    __rt_entry_sh                            0x080001ed   Thumb Code     0  rtentry4.o(.ARM.Collect$$rtentry$$00000004)
    __rt_entry_li                            0x080001f3   Thumb Code     0  rtentry2.o(.ARM.Collect$$rtentry$$0000000A)
    __rt_entry_postsh_1                      0x080001f3   Thumb Code     0  rtentry2.o(.ARM.Collect$$rtentry$$00000009)
    __rt_entry_main                          0x080001f7   Thumb Code     0  rtentry2.o(.ARM.Collect$$rtentry$$0000000D)
    __rt_entry_postli_1                      0x080001f7   Thumb Code     0  rtentry2.o(.ARM.Collect$$rtentry$$0000000C)
    __rt_exit                                0x080001ff   Thumb Code     0  rtexit.o(.ARM.Collect$$rtexit$$00000000)
    __rt_exit_ls                             0x08000201   Thumb Code     0  rtexit2.o(.ARM.Collect$$rtexit$$00000003)
    __rt_exit_prels_1                        0x08000201   Thumb Code     0  rtexit2.o(.ARM.Collect$$rtexit$$00000002)
    __rt_exit_exit                           0x08000205   Thumb Code     0  rtexit2.o(.ARM.Collect$$rtexit$$00000004)
    _maybe_terminate_alloc                   0x0800020d   Thumb Code     0  maybetermalloc1.o(.emb_text)
    main                                     0x0800020d   Thumb Code   492  main.o(.text)
    NMI_Handler                              0x08000529   Thumb Code     2  stm32f10x_it.o(.text)
    HardFault_Handler                        0x0800052b   Thumb Code     4  stm32f10x_it.o(.text)
    MemManage_Handler                        0x0800052f   Thumb Code     4  stm32f10x_it.o(.text)
    BusFault_Handler                         0x08000533   Thumb Code     4  stm32f10x_it.o(.text)
    UsageFault_Handler                       0x08000537   Thumb Code     4  stm32f10x_it.o(.text)
    SVC_Handler                              0x0800053b   Thumb Code     2  stm32f10x_it.o(.text)
    DebugMon_Handler                         0x0800053d   Thumb Code     2  stm32f10x_it.o(.text)
    PendSV_Handler                           0x0800053f   Thumb Code     2  stm32f10x_it.o(.text)
    SysTick_Handler                          0x08000541   Thumb Code     2  stm32f10x_it.o(.text)
    SystemInit                               0x08000623   Thumb Code    78  system_stm32f10x.o(.text)
    SystemCoreClockUpdate                    0x08000671   Thumb Code   142  system_stm32f10x.o(.text)
    LCD_WR_REG                               0x08000725   Thumb Code    60  lcd.o(.text)
    LCD_WR_DATAX                             0x08000761   Thumb Code    60  lcd.o(.text)
    LCD_RD_DATA                              0x0800079d   Thumb Code   118  lcd.o(.text)
    LCD_WriteReg                             0x08000813   Thumb Code    68  lcd.o(.text)
    LCD_ReadReg                              0x08000857   Thumb Code    16  lcd.o(.text)
    LCD_WriteRAM_Prepare                     0x08000867   Thumb Code    12  lcd.o(.text)
    LCD_WriteRAM                             0x08000873   Thumb Code    60  lcd.o(.text)
    LCD_BGR2RGB                              0x080008af   Thumb Code    26  lcd.o(.text)
    LCD_SetCursor                            0x080008c9   Thumb Code   860  lcd.o(.text)
    LCD_ReadPoint                            0x08000c25   Thumb Code   464  lcd.o(.text)
    LCD_DisplayOn                            0x08000df5   Thumb Code    80  lcd.o(.text)
    LCD_DisplayOff                           0x08000e45   Thumb Code    78  lcd.o(.text)
    LCD_Scan_Dir                             0x08000e93   Thumb Code  1504  lcd.o(.text)
    LCD_DrawPoint                            0x08001473   Thumb Code    76  lcd.o(.text)
    LCD_Fast_DrawPoint                       0x080014bf   Thumb Code   980  lcd.o(.text)
    LCD_Display_Dir                          0x08001893   Thumb Code   420  lcd.o(.text)
    LCD_Set_Window                           0x08001a37   Thumb Code  1212  lcd.o(.text)
    LCD_Clear                                0x08001ef3   Thumb Code   164  lcd.o(.text)
    LCD_Init                                 0x08001f97   Thumb Code 14852  lcd.o(.text)
    LCD_Fill                                 0x0800599b   Thumb Code   226  lcd.o(.text)
    LCD_Color_Fill                           0x08005a7d   Thumb Code   140  lcd.o(.text)
    LCD_DrawLine                             0x08005b09   Thumb Code   176  lcd.o(.text)
    LCD_DrawRectangle                        0x08005bb9   Thumb Code    80  lcd.o(.text)
    LCD_Draw_Circle                          0x08005c09   Thumb Code   176  lcd.o(.text)
    LCD_ShowChar                             0x08005cb9   Thumb Code   272  lcd.o(.text)
    LCD_Pow                                  0x08005dc9   Thumb Code    22  lcd.o(.text)
    LCD_ShowNum                              0x08005ddf   Thumb Code   148  lcd.o(.text)
    LCD_ShowxNum                             0x08005e73   Thumb Code   190  lcd.o(.text)
    LCD_ShowString                           0x08005f31   Thumb Code   102  lcd.o(.text)
    dspLine                                  0x08005f97   Thumb Code    64  lcd.o(.text)
    dipAll                                   0x08005fd7   Thumb Code    48  lcd.o(.text)
    IIC_Init                                 0x08006021   Thumb Code    52  myiic.o(.text)
    IIC_Start                                0x08006055   Thumb Code    68  myiic.o(.text)
    IIC_Stop                                 0x08006099   Thumb Code    62  myiic.o(.text)
    IIC_Wait_Ack                             0x080060d7   Thumb Code    86  myiic.o(.text)
    IIC_Ack                                  0x0800612d   Thumb Code    66  myiic.o(.text)
    IIC_NAck                                 0x0800616f   Thumb Code    66  myiic.o(.text)
    IIC_Send_Byte                            0x080061b1   Thumb Code    90  myiic.o(.text)
    IIC_Read_Byte                            0x0800620b   Thumb Code    98  myiic.o(.text)
    AT24CXX_Init                             0x08006279   Thumb Code     8  24cxx.o(.text)
    AT24CXX_ReadOneByte                      0x08006281   Thumb Code    88  24cxx.o(.text)
    AT24CXX_WriteOneByte                     0x080062d9   Thumb Code    80  24cxx.o(.text)
    AT24CXX_WriteLenByte                     0x08006329   Thumb Code    42  24cxx.o(.text)
    AT24CXX_ReadLenByte                      0x08006353   Thumb Code    44  24cxx.o(.text)
    AT24CXX_Check                            0x0800637f   Thumb Code    46  24cxx.o(.text)
    AT24CXX_Read                             0x080063ad   Thumb Code    34  24cxx.o(.text)
    AT24CXX_Write                            0x080063cf   Thumb Code    36  24cxx.o(.text)
    CT_Delay                                 0x080063f5   Thumb Code    10  ctiic.o(.text)
    CT_IIC_Init                              0x080063ff   Thumb Code    62  ctiic.o(.text)
    CT_IIC_Start                             0x0800643d   Thumb Code    60  ctiic.o(.text)
    CT_IIC_Stop                              0x08006479   Thumb Code    64  ctiic.o(.text)
    CT_IIC_Wait_Ack                          0x080064b9   Thumb Code    86  ctiic.o(.text)
    CT_IIC_Ack                               0x0800650f   Thumb Code    66  ctiic.o(.text)
    CT_IIC_NAck                              0x08006551   Thumb Code    66  ctiic.o(.text)
    CT_IIC_Send_Byte                         0x08006593   Thumb Code    82  ctiic.o(.text)
    CT_IIC_Read_Byte                         0x080065e5   Thumb Code    94  ctiic.o(.text)
    OTT2001A_WR_Reg                          0x08006655   Thumb Code    92  ott2001a.o(.text)
    OTT2001A_RD_Reg                          0x080066b1   Thumb Code    98  ott2001a.o(.text)
    OTT2001A_SensorControl                   0x08006713   Thumb Code    28  ott2001a.o(.text)
    OTT2001A_Init                            0x0800672f   Thumb Code   156  ott2001a.o(.text)
    CTP_Scan                                 0x080067cb   Thumb Code   446  ott2001a.o(.text)
    TP_Write_Byte                            0x080069c1   Thumb Code    56  touch.o(.text)
    TP_Read_AD                               0x080069f9   Thumb Code   132  touch.o(.text)
    TP_Read_XOY                              0x08006a7d   Thumb Code   120  touch.o(.text)
    TP_Read_XY                               0x08006af5   Thumb Code    38  touch.o(.text)
    TP_Read_XY2                              0x08006b1b   Thumb Code   192  touch.o(.text)
    TP_Drow_Touch_Point                      0x08006bdb   Thumb Code   108  touch.o(.text)
    TP_Draw_Big_Point                        0x08006c47   Thumb Code    54  touch.o(.text)
    TP_Scan                                  0x08006c7d   Thumb Code   264  touch.o(.text)
    TP_Save_Adjdata                          0x08006d85   Thumb Code   112  touch.o(.text)
    TP_Get_Adjdata                           0x08006df5   Thumb Code   120  touch.o(.text)
    TP_Adj_Info_Show                         0x08006e6d   Thumb Code   376  touch.o(.text)
    TP_Adjust                                0x08006fe5   Thumb Code  1246  touch.o(.text)
    TP_Init                                  0x080074c3   Thumb Code   170  touch.o(.text)
    TIM3_Int_Init                            0x080075c5   Thumb Code    90  timer.o(.text)
    TIM3_IRQHandler                          0x0800761f   Thumb Code    52  timer.o(.text)
    delay_init                               0x0800765d   Thumb Code    50  delay.o(.text)
    delay_us                                 0x0800768f   Thumb Code    72  delay.o(.text)
    delay_ms                                 0x080076d7   Thumb Code    72  delay.o(.text)
    NVIC_Configuration                       0x08007731   Thumb Code    12  sys.o(.text)
    _sys_exit                                0x0800773d   Thumb Code     6  usart.o(.text)
    fputc                                    0x08007743   Thumb Code    24  usart.o(.text)
    _ttywrch                                 0x0800775b   Thumb Code     4  usart.o(.text)
    uart_init                                0x0800775f   Thumb Code   158  usart.o(.text)
    USART1_IRQHandler                        0x080077fd   Thumb Code   252  usart.o(.text)
    Reset_Handler                            0x0800790d   Thumb Code     8  startup_stm32f10x_hd.o(.text)
    ADC1_2_IRQHandler                        0x08007927   Thumb Code     0  startup_stm32f10x_hd.o(.text)
    ADC3_IRQHandler                          0x08007927   Thumb Code     0  startup_stm32f10x_hd.o(.text)
    CAN1_RX1_IRQHandler                      0x08007927   Thumb Code     0  startup_stm32f10x_hd.o(.text)
    CAN1_SCE_IRQHandler                      0x08007927   Thumb Code     0  startup_stm32f10x_hd.o(.text)
    DMA1_Channel1_IRQHandler                 0x08007927   Thumb Code     0  startup_stm32f10x_hd.o(.text)
    DMA1_Channel2_IRQHandler                 0x08007927   Thumb Code     0  startup_stm32f10x_hd.o(.text)
    DMA1_Channel3_IRQHandler                 0x08007927   Thumb Code     0  startup_stm32f10x_hd.o(.text)
    DMA1_Channel4_IRQHandler                 0x08007927   Thumb Code     0  startup_stm32f10x_hd.o(.text)
    DMA1_Channel5_IRQHandler                 0x08007927   Thumb Code     0  startup_stm32f10x_hd.o(.text)
    DMA1_Channel6_IRQHandler                 0x08007927   Thumb Code     0  startup_stm32f10x_hd.o(.text)
    DMA1_Channel7_IRQHandler                 0x08007927   Thumb Code     0  startup_stm32f10x_hd.o(.text)
    DMA2_Channel1_IRQHandler                 0x08007927   Thumb Code     0  startup_stm32f10x_hd.o(.text)
    DMA2_Channel2_IRQHandler                 0x08007927   Thumb Code     0  startup_stm32f10x_hd.o(.text)
    DMA2_Channel3_IRQHandler                 0x08007927   Thumb Code     0  startup_stm32f10x_hd.o(.text)
    DMA2_Channel4_5_IRQHandler               0x08007927   Thumb Code     0  startup_stm32f10x_hd.o(.text)
    EXTI0_IRQHandler                         0x08007927   Thumb Code     0  startup_stm32f10x_hd.o(.text)
    EXTI15_10_IRQHandler                     0x08007927   Thumb Code     0  startup_stm32f10x_hd.o(.text)
    EXTI1_IRQHandler                         0x08007927   Thumb Code     0  startup_stm32f10x_hd.o(.text)
    EXTI2_IRQHandler                         0x08007927   Thumb Code     0  startup_stm32f10x_hd.o(.text)
    EXTI3_IRQHandler                         0x08007927   Thumb Code     0  startup_stm32f10x_hd.o(.text)
    EXTI4_IRQHandler                         0x08007927   Thumb Code     0  startup_stm32f10x_hd.o(.text)
    EXTI9_5_IRQHandler                       0x08007927   Thumb Code     0  startup_stm32f10x_hd.o(.text)
    FLASH_IRQHandler                         0x08007927   Thumb Code     0  startup_stm32f10x_hd.o(.text)
    FSMC_IRQHandler                          0x08007927   Thumb Code     0  startup_stm32f10x_hd.o(.text)
    I2C1_ER_IRQHandler                       0x08007927   Thumb Code     0  startup_stm32f10x_hd.o(.text)
    I2C1_EV_IRQHandler                       0x08007927   Thumb Code     0  startup_stm32f10x_hd.o(.text)
    I2C2_ER_IRQHandler                       0x08007927   Thumb Code     0  startup_stm32f10x_hd.o(.text)
    I2C2_EV_IRQHandler                       0x08007927   Thumb Code     0  startup_stm32f10x_hd.o(.text)
    PVD_IRQHandler                           0x08007927   Thumb Code     0  startup_stm32f10x_hd.o(.text)
    RCC_IRQHandler                           0x08007927   Thumb Code     0  startup_stm32f10x_hd.o(.text)
    RTCAlarm_IRQHandler                      0x08007927   Thumb Code     0  startup_stm32f10x_hd.o(.text)
    RTC_IRQHandler                           0x08007927   Thumb Code     0  startup_stm32f10x_hd.o(.text)
    SDIO_IRQHandler                          0x08007927   Thumb Code     0  startup_stm32f10x_hd.o(.text)
    SPI1_IRQHandler                          0x08007927   Thumb Code     0  startup_stm32f10x_hd.o(.text)
    SPI2_IRQHandler                          0x08007927   Thumb Code     0  startup_stm32f10x_hd.o(.text)
    SPI3_IRQHandler                          0x08007927   Thumb Code     0  startup_stm32f10x_hd.o(.text)
    TAMPER_IRQHandler                        0x08007927   Thumb Code     0  startup_stm32f10x_hd.o(.text)
    TIM1_BRK_IRQHandler                      0x08007927   Thumb Code     0  startup_stm32f10x_hd.o(.text)
    TIM1_CC_IRQHandler                       0x08007927   Thumb Code     0  startup_stm32f10x_hd.o(.text)
    TIM1_TRG_COM_IRQHandler                  0x08007927   Thumb Code     0  startup_stm32f10x_hd.o(.text)
    TIM1_UP_IRQHandler                       0x08007927   Thumb Code     0  startup_stm32f10x_hd.o(.text)
    TIM2_IRQHandler                          0x08007927   Thumb Code     0  startup_stm32f10x_hd.o(.text)
    TIM4_IRQHandler                          0x08007927   Thumb Code     0  startup_stm32f10x_hd.o(.text)
    TIM5_IRQHandler                          0x08007927   Thumb Code     0  startup_stm32f10x_hd.o(.text)
    TIM6_IRQHandler                          0x08007927   Thumb Code     0  startup_stm32f10x_hd.o(.text)
    TIM7_IRQHandler                          0x08007927   Thumb Code     0  startup_stm32f10x_hd.o(.text)
    TIM8_BRK_IRQHandler                      0x08007927   Thumb Code     0  startup_stm32f10x_hd.o(.text)
    TIM8_CC_IRQHandler                       0x08007927   Thumb Code     0  startup_stm32f10x_hd.o(.text)
    TIM8_TRG_COM_IRQHandler                  0x08007927   Thumb Code     0  startup_stm32f10x_hd.o(.text)
    TIM8_UP_IRQHandler                       0x08007927   Thumb Code     0  startup_stm32f10x_hd.o(.text)
    UART4_IRQHandler                         0x08007927   Thumb Code     0  startup_stm32f10x_hd.o(.text)
    UART5_IRQHandler                         0x08007927   Thumb Code     0  startup_stm32f10x_hd.o(.text)
    USART2_IRQHandler                        0x08007927   Thumb Code     0  startup_stm32f10x_hd.o(.text)
    USART3_IRQHandler                        0x08007927   Thumb Code     0  startup_stm32f10x_hd.o(.text)
    USBWakeUp_IRQHandler                     0x08007927   Thumb Code     0  startup_stm32f10x_hd.o(.text)
    USB_HP_CAN1_TX_IRQHandler                0x08007927   Thumb Code     0  startup_stm32f10x_hd.o(.text)
    USB_LP_CAN1_RX0_IRQHandler               0x08007927   Thumb Code     0  startup_stm32f10x_hd.o(.text)
    WWDG_IRQHandler                          0x08007927   Thumb Code     0  startup_stm32f10x_hd.o(.text)
    __user_initial_stackheap                 0x08007929   Thumb Code     0  startup_stm32f10x_hd.o(.text)
    GPIO_DeInit                              0x0800794d   Thumb Code   172  stm32f10x_gpio.o(.text)
    GPIO_AFIODeInit                          0x080079f9   Thumb Code    20  stm32f10x_gpio.o(.text)
    GPIO_Init                                0x08007a0d   Thumb Code   278  stm32f10x_gpio.o(.text)
    GPIO_StructInit                          0x08007b23   Thumb Code    16  stm32f10x_gpio.o(.text)
    GPIO_ReadInputDataBit                    0x08007b33   Thumb Code    18  stm32f10x_gpio.o(.text)
    GPIO_ReadInputData                       0x08007b45   Thumb Code     8  stm32f10x_gpio.o(.text)
    GPIO_ReadOutputDataBit                   0x08007b4d   Thumb Code    18  stm32f10x_gpio.o(.text)
    GPIO_ReadOutputData                      0x08007b5f   Thumb Code     8  stm32f10x_gpio.o(.text)
    GPIO_SetBits                             0x08007b67   Thumb Code     4  stm32f10x_gpio.o(.text)
    GPIO_ResetBits                           0x08007b6b   Thumb Code     4  stm32f10x_gpio.o(.text)
    GPIO_WriteBit                            0x08007b6f   Thumb Code    10  stm32f10x_gpio.o(.text)
    GPIO_Write                               0x08007b79   Thumb Code     4  stm32f10x_gpio.o(.text)
    GPIO_PinLockConfig                       0x08007b7d   Thumb Code    18  stm32f10x_gpio.o(.text)
    GPIO_EventOutputConfig                   0x08007b8f   Thumb Code    26  stm32f10x_gpio.o(.text)
    GPIO_EventOutputCmd                      0x08007ba9   Thumb Code     6  stm32f10x_gpio.o(.text)
    GPIO_PinRemapConfig                      0x08007baf   Thumb Code   138  stm32f10x_gpio.o(.text)
    GPIO_EXTILineConfig                      0x08007c39   Thumb Code    66  stm32f10x_gpio.o(.text)
    GPIO_ETH_MediaInterfaceConfig            0x08007c7b   Thumb Code     8  stm32f10x_gpio.o(.text)
    RCC_DeInit                               0x08007ca9   Thumb Code    64  stm32f10x_rcc.o(.text)
    RCC_HSEConfig                            0x08007ce9   Thumb Code    70  stm32f10x_rcc.o(.text)
    RCC_GetFlagStatus                        0x08007d2f   Thumb Code    56  stm32f10x_rcc.o(.text)
    RCC_WaitForHSEStartUp                    0x08007d67   Thumb Code    56  stm32f10x_rcc.o(.text)
    RCC_AdjustHSICalibrationValue            0x08007d9f   Thumb Code    20  stm32f10x_rcc.o(.text)
    RCC_HSICmd                               0x08007db3   Thumb Code     6  stm32f10x_rcc.o(.text)
    RCC_PLLConfig                            0x08007db9   Thumb Code    24  stm32f10x_rcc.o(.text)
    RCC_PLLCmd                               0x08007dd1   Thumb Code     6  stm32f10x_rcc.o(.text)
    RCC_SYSCLKConfig                         0x08007dd7   Thumb Code    18  stm32f10x_rcc.o(.text)
    RCC_GetSYSCLKSource                      0x08007de9   Thumb Code    10  stm32f10x_rcc.o(.text)
    RCC_HCLKConfig                           0x08007df3   Thumb Code    18  stm32f10x_rcc.o(.text)
    RCC_PCLK1Config                          0x08007e05   Thumb Code    18  stm32f10x_rcc.o(.text)
    RCC_PCLK2Config                          0x08007e17   Thumb Code    20  stm32f10x_rcc.o(.text)
    RCC_ITConfig                             0x08007e2b   Thumb Code    26  stm32f10x_rcc.o(.text)
    RCC_USBCLKConfig                         0x08007e45   Thumb Code     8  stm32f10x_rcc.o(.text)
    RCC_ADCCLKConfig                         0x08007e4d   Thumb Code    18  stm32f10x_rcc.o(.text)
    RCC_LSEConfig                            0x08007e5f   Thumb Code    50  stm32f10x_rcc.o(.text)
    RCC_LSICmd                               0x08007e91   Thumb Code     6  stm32f10x_rcc.o(.text)
    RCC_RTCCLKConfig                         0x08007e97   Thumb Code    12  stm32f10x_rcc.o(.text)
    RCC_RTCCLKCmd                            0x08007ea3   Thumb Code     8  stm32f10x_rcc.o(.text)
    RCC_GetClocksFreq                        0x08007eab   Thumb Code   192  stm32f10x_rcc.o(.text)
    RCC_AHBPeriphClockCmd                    0x08007f6b   Thumb Code    26  stm32f10x_rcc.o(.text)
    RCC_APB2PeriphClockCmd                   0x08007f85   Thumb Code    26  stm32f10x_rcc.o(.text)
    RCC_APB1PeriphClockCmd                   0x08007f9f   Thumb Code    26  stm32f10x_rcc.o(.text)
    RCC_APB2PeriphResetCmd                   0x08007fb9   Thumb Code    26  stm32f10x_rcc.o(.text)
    RCC_APB1PeriphResetCmd                   0x08007fd3   Thumb Code    26  stm32f10x_rcc.o(.text)
    RCC_BackupResetCmd                       0x08007fed   Thumb Code     8  stm32f10x_rcc.o(.text)
    RCC_ClockSecuritySystemCmd               0x08007ff5   Thumb Code     6  stm32f10x_rcc.o(.text)
    RCC_MCOConfig                            0x08007ffb   Thumb Code     6  stm32f10x_rcc.o(.text)
    RCC_ClearFlag                            0x08008001   Thumb Code    14  stm32f10x_rcc.o(.text)
    RCC_GetITStatus                          0x0800800f   Thumb Code    20  stm32f10x_rcc.o(.text)
    RCC_ClearITPendingBit                    0x08008023   Thumb Code     6  stm32f10x_rcc.o(.text)
    USART_DeInit                             0x0800804d   Thumb Code   134  stm32f10x_usart.o(.text)
    USART_Init                               0x080080d3   Thumb Code   210  stm32f10x_usart.o(.text)
    USART_StructInit                         0x080081a5   Thumb Code    24  stm32f10x_usart.o(.text)
    USART_ClockInit                          0x080081bd   Thumb Code    34  stm32f10x_usart.o(.text)
    USART_ClockStructInit                    0x080081df   Thumb Code    12  stm32f10x_usart.o(.text)
    USART_Cmd                                0x080081eb   Thumb Code    24  stm32f10x_usart.o(.text)
    USART_ITConfig                           0x08008203   Thumb Code    74  stm32f10x_usart.o(.text)
    USART_DMACmd                             0x0800824d   Thumb Code    18  stm32f10x_usart.o(.text)
    USART_SetAddress                         0x0800825f   Thumb Code    18  stm32f10x_usart.o(.text)
    USART_WakeUpConfig                       0x08008271   Thumb Code    18  stm32f10x_usart.o(.text)
    USART_ReceiverWakeUpCmd                  0x08008283   Thumb Code    24  stm32f10x_usart.o(.text)
    USART_LINBreakDetectLengthConfig         0x0800829b   Thumb Code    18  stm32f10x_usart.o(.text)
    USART_LINCmd                             0x080082ad   Thumb Code    24  stm32f10x_usart.o(.text)
    USART_SendData                           0x080082c5   Thumb Code     8  stm32f10x_usart.o(.text)
    USART_ReceiveData                        0x080082cd   Thumb Code    10  stm32f10x_usart.o(.text)
    USART_SendBreak                          0x080082d7   Thumb Code    10  stm32f10x_usart.o(.text)
    USART_SetGuardTime                       0x080082e1   Thumb Code    16  stm32f10x_usart.o(.text)
    USART_SetPrescaler                       0x080082f1   Thumb Code    16  stm32f10x_usart.o(.text)
    USART_SmartCardCmd                       0x08008301   Thumb Code    24  stm32f10x_usart.o(.text)
    USART_SmartCardNACKCmd                   0x08008319   Thumb Code    24  stm32f10x_usart.o(.text)
    USART_HalfDuplexCmd                      0x08008331   Thumb Code    24  stm32f10x_usart.o(.text)
    USART_OverSampling8Cmd                   0x08008349   Thumb Code    22  stm32f10x_usart.o(.text)
    USART_OneBitMethodCmd                    0x0800835f   Thumb Code    24  stm32f10x_usart.o(.text)
    USART_IrDAConfig                         0x08008377   Thumb Code    18  stm32f10x_usart.o(.text)
    USART_IrDACmd                            0x08008389   Thumb Code    24  stm32f10x_usart.o(.text)
    USART_GetFlagStatus                      0x080083a1   Thumb Code    26  stm32f10x_usart.o(.text)
    USART_ClearFlag                          0x080083bb   Thumb Code    18  stm32f10x_usart.o(.text)
    USART_GetITStatus                        0x080083cd   Thumb Code    84  stm32f10x_usart.o(.text)
    USART_ClearITPendingBit                  0x08008421   Thumb Code    52  stm32f10x_usart.o(.text)
    NVIC_PriorityGroupConfig                 0x08008455   Thumb Code    10  misc.o(.text)
    NVIC_Init                                0x0800845f   Thumb Code   100  misc.o(.text)
    NVIC_SetVectorTable                      0x080084c3   Thumb Code    14  misc.o(.text)
    NVIC_SystemLPConfig                      0x080084d1   Thumb Code    34  misc.o(.text)
    SysTick_CLKSourceConfig                  0x080084f3   Thumb Code    40  misc.o(.text)
    TIM_DeInit                               0x08008531   Thumb Code   424  stm32f10x_tim.o(.text)
    TIM_TimeBaseInit                         0x080086d9   Thumb Code   122  stm32f10x_tim.o(.text)
    TIM_OC1Init                              0x08008753   Thumb Code   132  stm32f10x_tim.o(.text)
    TIM_OC2Init                              0x080087d7   Thumb Code   154  stm32f10x_tim.o(.text)
    TIM_OC3Init                              0x08008871   Thumb Code   150  stm32f10x_tim.o(.text)
    TIM_OC4Init                              0x08008907   Thumb Code   182  stm32f10x_tim.o(.text)
    TIM_SetIC4Prescaler                      0x080089bd   Thumb Code    26  stm32f10x_tim.o(.text)
    TIM_SetIC3Prescaler                      0x08008a59   Thumb Code    18  stm32f10x_tim.o(.text)
    TIM_SetIC2Prescaler                      0x08008ae5   Thumb Code    26  stm32f10x_tim.o(.text)
    TIM_SetIC1Prescaler                      0x08008b81   Thumb Code    18  stm32f10x_tim.o(.text)
    TIM_ICInit                               0x08008bff   Thumb Code   150  stm32f10x_tim.o(.text)
    TIM_PWMIConfig                           0x08008c95   Thumb Code   124  stm32f10x_tim.o(.text)
    TIM_BDTRConfig                           0x08008d11   Thumb Code    32  stm32f10x_tim.o(.text)
    TIM_TimeBaseStructInit                   0x08008d31   Thumb Code    18  stm32f10x_tim.o(.text)
    TIM_OCStructInit                         0x08008d43   Thumb Code    20  stm32f10x_tim.o(.text)
    TIM_ICStructInit                         0x08008d57   Thumb Code    18  stm32f10x_tim.o(.text)
    TIM_BDTRStructInit                       0x08008d69   Thumb Code    40  stm32f10x_tim.o(.text)
    TIM_Cmd                                  0x08008d91   Thumb Code    24  stm32f10x_tim.o(.text)
    TIM_CtrlPWMOutputs                       0x08008da9   Thumb Code    30  stm32f10x_tim.o(.text)
    TIM_ITConfig                             0x08008dc7   Thumb Code    18  stm32f10x_tim.o(.text)
    TIM_GenerateEvent                        0x08008dd9   Thumb Code     4  stm32f10x_tim.o(.text)
    TIM_DMAConfig                            0x08008ddd   Thumb Code    10  stm32f10x_tim.o(.text)
    TIM_DMACmd                               0x08008de7   Thumb Code    18  stm32f10x_tim.o(.text)
    TIM_InternalClockConfig                  0x08008df9   Thumb Code    12  stm32f10x_tim.o(.text)
    TIM_SelectInputTrigger                   0x08008e05   Thumb Code    18  stm32f10x_tim.o(.text)
    TIM_ITRxExternalClockConfig              0x08008e17   Thumb Code    24  stm32f10x_tim.o(.text)
    TIM_TIxExternalClockConfig               0x08008e2f   Thumb Code    62  stm32f10x_tim.o(.text)
    TIM_ETRConfig                            0x08008e6d   Thumb Code    28  stm32f10x_tim.o(.text)
    TIM_ETRClockMode1Config                  0x08008e89   Thumb Code    54  stm32f10x_tim.o(.text)
    TIM_ETRClockMode2Config                  0x08008ebf   Thumb Code    32  stm32f10x_tim.o(.text)
    TIM_PrescalerConfig                      0x08008edf   Thumb Code     6  stm32f10x_tim.o(.text)
    TIM_CounterModeConfig                    0x08008ee5   Thumb Code    18  stm32f10x_tim.o(.text)
    TIM_EncoderInterfaceConfig               0x08008ef7   Thumb Code    66  stm32f10x_tim.o(.text)
    TIM_ForcedOC1Config                      0x08008f39   Thumb Code    18  stm32f10x_tim.o(.text)
    TIM_ForcedOC2Config                      0x08008f4b   Thumb Code    26  stm32f10x_tim.o(.text)
    TIM_ForcedOC3Config                      0x08008f65   Thumb Code    18  stm32f10x_tim.o(.text)
    TIM_ForcedOC4Config                      0x08008f77   Thumb Code    26  stm32f10x_tim.o(.text)
    TIM_ARRPreloadConfig                     0x08008f91   Thumb Code    24  stm32f10x_tim.o(.text)
    TIM_SelectCOM                            0x08008fa9   Thumb Code    24  stm32f10x_tim.o(.text)
    TIM_SelectCCDMA                          0x08008fc1   Thumb Code    24  stm32f10x_tim.o(.text)
    TIM_CCPreloadControl                     0x08008fd9   Thumb Code    24  stm32f10x_tim.o(.text)
    TIM_OC1PreloadConfig                     0x08008ff1   Thumb Code    18  stm32f10x_tim.o(.text)
    TIM_OC2PreloadConfig                     0x08009003   Thumb Code    26  stm32f10x_tim.o(.text)
    TIM_OC3PreloadConfig                     0x0800901d   Thumb Code    18  stm32f10x_tim.o(.text)
    TIM_OC4PreloadConfig                     0x0800902f   Thumb Code    26  stm32f10x_tim.o(.text)
    TIM_OC1FastConfig                        0x08009049   Thumb Code    18  stm32f10x_tim.o(.text)
    TIM_OC2FastConfig                        0x0800905b   Thumb Code    26  stm32f10x_tim.o(.text)
    TIM_OC3FastConfig                        0x08009075   Thumb Code    18  stm32f10x_tim.o(.text)
    TIM_OC4FastConfig                        0x08009087   Thumb Code    26  stm32f10x_tim.o(.text)
    TIM_ClearOC1Ref                          0x080090a1   Thumb Code    18  stm32f10x_tim.o(.text)
    TIM_ClearOC2Ref                          0x080090b3   Thumb Code    24  stm32f10x_tim.o(.text)
    TIM_ClearOC3Ref                          0x080090cb   Thumb Code    18  stm32f10x_tim.o(.text)
    TIM_ClearOC4Ref                          0x080090dd   Thumb Code    24  stm32f10x_tim.o(.text)
    TIM_OC1PolarityConfig                    0x080090f5   Thumb Code    18  stm32f10x_tim.o(.text)
    TIM_OC1NPolarityConfig                   0x08009107   Thumb Code    18  stm32f10x_tim.o(.text)
    TIM_OC2PolarityConfig                    0x08009119   Thumb Code    26  stm32f10x_tim.o(.text)
    TIM_OC2NPolarityConfig                   0x08009133   Thumb Code    26  stm32f10x_tim.o(.text)
    TIM_OC3PolarityConfig                    0x0800914d   Thumb Code    26  stm32f10x_tim.o(.text)
    TIM_OC3NPolarityConfig                   0x08009167   Thumb Code    26  stm32f10x_tim.o(.text)
    TIM_OC4PolarityConfig                    0x08009181   Thumb Code    26  stm32f10x_tim.o(.text)
    TIM_CCxCmd                               0x0800919b   Thumb Code    30  stm32f10x_tim.o(.text)
    TIM_CCxNCmd                              0x080091b9   Thumb Code    30  stm32f10x_tim.o(.text)
    TIM_SelectOCxM                           0x080091d7   Thumb Code    82  stm32f10x_tim.o(.text)
    TIM_UpdateDisableConfig                  0x08009229   Thumb Code    24  stm32f10x_tim.o(.text)
    TIM_UpdateRequestConfig                  0x08009241   Thumb Code    24  stm32f10x_tim.o(.text)
    TIM_SelectHallSensor                     0x08009259   Thumb Code    24  stm32f10x_tim.o(.text)
    TIM_SelectOnePulseMode                   0x08009271   Thumb Code    18  stm32f10x_tim.o(.text)
    TIM_SelectOutputTrigger                  0x08009283   Thumb Code    18  stm32f10x_tim.o(.text)
    TIM_SelectSlaveMode                      0x08009295   Thumb Code    18  stm32f10x_tim.o(.text)
    TIM_SelectMasterSlaveMode                0x080092a7   Thumb Code    18  stm32f10x_tim.o(.text)
    TIM_SetCounter                           0x080092b9   Thumb Code     4  stm32f10x_tim.o(.text)
    TIM_SetAutoreload                        0x080092bd   Thumb Code     4  stm32f10x_tim.o(.text)
    TIM_SetCompare1                          0x080092c1   Thumb Code     4  stm32f10x_tim.o(.text)
    TIM_SetCompare2                          0x080092c5   Thumb Code     4  stm32f10x_tim.o(.text)
    TIM_SetCompare3                          0x080092c9   Thumb Code     4  stm32f10x_tim.o(.text)
    TIM_SetCompare4                          0x080092cd   Thumb Code     6  stm32f10x_tim.o(.text)
    TIM_SetClockDivision                     0x080092d3   Thumb Code    18  stm32f10x_tim.o(.text)
    TIM_GetCapture1                          0x080092e5   Thumb Code     6  stm32f10x_tim.o(.text)
    TIM_GetCapture2                          0x080092eb   Thumb Code     6  stm32f10x_tim.o(.text)
    TIM_GetCapture3                          0x080092f1   Thumb Code     6  stm32f10x_tim.o(.text)
    TIM_GetCapture4                          0x080092f7   Thumb Code     8  stm32f10x_tim.o(.text)
    TIM_GetCounter                           0x080092ff   Thumb Code     6  stm32f10x_tim.o(.text)
    TIM_GetPrescaler                         0x08009305   Thumb Code     6  stm32f10x_tim.o(.text)
    TIM_GetFlagStatus                        0x0800930b   Thumb Code    18  stm32f10x_tim.o(.text)
    TIM_ClearFlag                            0x0800931d   Thumb Code     6  stm32f10x_tim.o(.text)
    TIM_GetITStatus                          0x08009323   Thumb Code    34  stm32f10x_tim.o(.text)
    TIM_ClearITPendingBit                    0x08009345   Thumb Code     6  stm32f10x_tim.o(.text)
    cJSON_GetErrorPtr                        0x0800934d   Thumb Code     6  cjson.o(.text)
    cJSON_InitHooks                          0x080093c7   Thumb Code    48  cjson.o(.text)
    cJSON_Delete                             0x08009411   Thumb Code    74  cjson.o(.text)
    cJSON_ParseWithOpts                      0x08009dcd   Thumb Code    96  cjson.o(.text)
    cJSON_Parse                              0x08009e2d   Thumb Code    16  cjson.o(.text)
    cJSON_Print                              0x0800a2af   Thumb Code    16  cjson.o(.text)
    cJSON_PrintUnformatted                   0x0800a2bf   Thumb Code    16  cjson.o(.text)
    cJSON_GetArraySize                       0x0800a2cf   Thumb Code    18  cjson.o(.text)
    cJSON_GetArrayItem                       0x0800a2e1   Thumb Code    18  cjson.o(.text)
    cJSON_GetObjectItem                      0x0800a2f3   Thumb Code    30  cjson.o(.text)
    cJSON_AddItemToArray                     0x0800a347   Thumb Code    42  cjson.o(.text)
    cJSON_AddItemToObject                    0x0800a371   Thumb Code    44  cjson.o(.text)
    cJSON_AddItemReferenceToArray            0x0800a39d   Thumb Code    24  cjson.o(.text)
    cJSON_AddItemReferenceToObject           0x0800a3b5   Thumb Code    32  cjson.o(.text)
    cJSON_DetachItemFromArray                0x0800a3d5   Thumb Code    66  cjson.o(.text)
    cJSON_DeleteItemFromArray                0x0800a417   Thumb Code    22  cjson.o(.text)
    cJSON_DetachItemFromObject               0x0800a42d   Thumb Code    50  cjson.o(.text)
    cJSON_DeleteItemFromObject               0x0800a45f   Thumb Code    22  cjson.o(.text)
    cJSON_ReplaceItemInArray                 0x0800a475   Thumb Code    90  cjson.o(.text)
    cJSON_ReplaceItemInObject                0x0800a4cf   Thumb Code    62  cjson.o(.text)
    cJSON_CreateNull                         0x0800a50d   Thumb Code    18  cjson.o(.text)
    cJSON_CreateTrue                         0x0800a51f   Thumb Code    18  cjson.o(.text)
    cJSON_CreateFalse                        0x0800a531   Thumb Code    18  cjson.o(.text)
    cJSON_CreateBool                         0x0800a543   Thumb Code    26  cjson.o(.text)
    cJSON_CreateNumber                       0x0800a55d   Thumb Code    36  cjson.o(.text)
    cJSON_CreateString                       0x0800a581   Thumb Code    28  cjson.o(.text)
    cJSON_CreateArray                        0x0800a59d   Thumb Code    18  cjson.o(.text)
    cJSON_CreateObject                       0x0800a5af   Thumb Code    18  cjson.o(.text)
    cJSON_CreateIntArray                     0x0800a5c1   Thumb Code    68  cjson.o(.text)
    cJSON_CreateFloatArray                   0x0800a605   Thumb Code    68  cjson.o(.text)
    cJSON_CreateDoubleArray                  0x0800a649   Thumb Code    68  cjson.o(.text)
    cJSON_CreateStringArray                  0x0800a68d   Thumb Code    62  cjson.o(.text)
    cJSON_Duplicate                          0x0800a6cb   Thumb Code   172  cjson.o(.text)
    cJSON_Minify                             0x0800a777   Thumb Code   186  cjson.o(.text)
    __use_no_semihosting                     0x0800a831   Thumb Code     2  use_no_semi_2.o(.text)
    malloc                                   0x0800a833   Thumb Code    94  h1_alloc.o(.text)
    free                                     0x0800a891   Thumb Code    78  h1_free.o(.text)
    tolower                                  0x0800a8df   Thumb Code    26  tolower.o(.text)
    __2printf                                0x0800a8f9   Thumb Code    20  noretval__2printf.o(.text)
    __2sprintf                               0x0800a911   Thumb Code    34  noretval__2sprintf.o(.text)
    _printf_pre_padding                      0x0800a939   Thumb Code    44  _printf_pad.o(.text)
    _printf_post_padding                     0x0800a965   Thumb Code    34  _printf_pad.o(.text)
    _printf_int_dec                          0x0800a989   Thumb Code   100  _printf_dec.o(.text)
    _printf_int_hex                          0x0800a9fd   Thumb Code    84  _printf_hex_int.o(.text)
    _printf_longlong_hex                     0x0800a9fd   Thumb Code     0  _printf_hex_int.o(.text)
    __printf                                 0x0800aa55   Thumb Code   308  __printf_flags_wp.o(.text)
    strchr                                   0x0800ab8d   Thumb Code    20  strchr.o(.text)
    strcpy                                   0x0800aba1   Thumb Code    72  strcpy.o(.text)
    strlen                                   0x0800abe9   Thumb Code    62  strlen.o(.text)
    strncmp                                  0x0800ac27   Thumb Code   150  strncmp.o(.text)
    __aeabi_memcpy                           0x0800acbd   Thumb Code     0  rt_memcpy_v6.o(.text)
    __rt_memcpy                              0x0800acbd   Thumb Code   138  rt_memcpy_v6.o(.text)
    _memcpy_lastbytes                        0x0800ad23   Thumb Code     0  rt_memcpy_v6.o(.text)
    __aeabi_memcpy4                          0x0800ad47   Thumb Code     0  rt_memcpy_w.o(.text)
    __aeabi_memcpy8                          0x0800ad47   Thumb Code     0  rt_memcpy_w.o(.text)
    __rt_memcpy_w                            0x0800ad47   Thumb Code   100  rt_memcpy_w.o(.text)
    _memcpy_lastbytes_aligned                0x0800ad8f   Thumb Code     0  rt_memcpy_w.o(.text)
    __aeabi_memclr4                          0x0800adab   Thumb Code     0  rt_memclr_w.o(.text)
    __aeabi_memclr8                          0x0800adab   Thumb Code     0  rt_memclr_w.o(.text)
    __rt_memclr_w                            0x0800adab   Thumb Code    78  rt_memclr_w.o(.text)
    _memset_w                                0x0800adaf   Thumb Code     0  rt_memclr_w.o(.text)
    __use_two_region_memory                  0x0800adf9   Thumb Code     2  heapauxi.o(.text)
    __rt_heap_escrow                         0x0800adfb   Thumb Code     2  heapauxi.o(.text)
    __rt_heap_expand                         0x0800adfd   Thumb Code     2  heapauxi.o(.text)
    __I$use$semihosting                      0x0800adff   Thumb Code     0  use_no_semi.o(.text)
    __use_no_semihosting_swi                 0x0800adff   Thumb Code     2  use_no_semi.o(.text)
    __rt_ctype_table                         0x0800ae01   Thumb Code    16  rt_ctype_table.o(.text)
    __rt_heap_descriptor                     0x0800ae11   Thumb Code     8  rt_heap_descriptor_intlibspace.o(.text)
    __use_no_heap                            0x0800ae19   Thumb Code     2  hguard.o(.text)
    __heap$guard                             0x0800ae1b   Thumb Code     2  hguard.o(.text)
    _terminate_user_alloc                    0x0800ae1d   Thumb Code     2  init_alloc.o(.text)
    _init_user_alloc                         0x0800ae1f   Thumb Code     2  init_alloc.o(.text)
    __Heap_Full                              0x0800ae21   Thumb Code    34  init_alloc.o(.text)
    __Heap_Broken                            0x0800ae43   Thumb Code     6  init_alloc.o(.text)
    _init_alloc                              0x0800ae49   Thumb Code    94  init_alloc.o(.text)
    __Heap_Initialize                        0x0800aea7   Thumb Code    10  h1_init.o(.text)
    __Heap_DescSize                          0x0800aeb1   Thumb Code     4  h1_init.o(.text)
    __read_errno                             0x0800aeb5   Thumb Code    10  _rserrno.o(.text)
    __set_errno                              0x0800aebf   Thumb Code    12  _rserrno.o(.text)
    _printf_int_common                       0x0800aecb   Thumb Code   178  _printf_intcommon.o(.text)
    __lib_sel_fp_printf                      0x0800af7d   Thumb Code     2  _printf_fp_dec.o(.text)
    _printf_fp_dec_real                      0x0800b12b   Thumb Code   616  _printf_fp_dec.o(.text)
    _printf_char_common                      0x0800b39f   Thumb Code    32  _printf_char_common.o(.text)
    _sputc                                   0x0800b3c5   Thumb Code    10  _sputc.o(.text)
    _printf_char_file                        0x0800b3d1   Thumb Code    32  _printf_char_file.o(.text)
    __user_libspace                          0x0800b3f5   Thumb Code     8  libspace.o(.text)
    __user_perproc_libspace                  0x0800b3f5   Thumb Code     0  libspace.o(.text)
    __user_perthread_libspace                0x0800b3f5   Thumb Code     0  libspace.o(.text)
    __rt_locale                              0x0800b3fd   Thumb Code     8  rt_locale_intlibspace.o(.text)
    __aeabi_errno_addr                       0x0800b405   Thumb Code     8  rt_errno_addr_intlibspace.o(.text)
    __errno$intlibspace                      0x0800b405   Thumb Code     0  rt_errno_addr_intlibspace.o(.text)
    __rt_errno_addr$intlibspace              0x0800b405   Thumb Code     0  rt_errno_addr_intlibspace.o(.text)
    __Heap_ProvideMemory                     0x0800b40d   Thumb Code    52  h1_extend.o(.text)
    _ll_udiv10                               0x0800b441   Thumb Code   138  lludiv10.o(.text)
    _printf_fp_infnan                        0x0800b4cd   Thumb Code   112  _printf_fp_infnan.o(.text)
    _btod_etento                             0x0800b54d   Thumb Code   212  bigflt0.o(.text)
    ferror                                   0x0800b625   Thumb Code     8  ferror.o(.text)
    __rt_SIGRTMEM                            0x0800b62d   Thumb Code    14  defsig_rtmem_outer.o(.text)
    __user_setup_stackheap                   0x0800b63b   Thumb Code    74  sys_stackheap_outer.o(.text)
    exit                                     0x0800b685   Thumb Code    12  exit.o(.text)
    __sig_exit                               0x0800b691   Thumb Code    10  defsig_exit.o(.text)
    __rt_SIGRTMEM_inner                      0x0800b69d   Thumb Code    22  defsig_rtmem_inner.o(.text)
    strcmp                                   0x0800b6ed   Thumb Code   128  strcmpv7m.o(.text)
    __default_signal_display                 0x0800b76d   Thumb Code    50  defsig_general.o(.text)
    _btod_d2e                                0x0800b79f   Thumb Code    62  btod.o(CL$$btod_d2e)
    _d2e_denorm_low                          0x0800b7dd   Thumb Code    70  btod.o(CL$$btod_d2e_denorm_low)
    _d2e_norm_op1                            0x0800b823   Thumb Code    96  btod.o(CL$$btod_d2e_norm_op1)
    __btod_div_common                        0x0800b883   Thumb Code   696  btod.o(CL$$btod_div_common)
    _e2e                                     0x0800bbbb   Thumb Code   198  btod.o(CL$$btod_e2e)
    _btod_ediv                               0x0800bc81   Thumb Code    40  btod.o(CL$$btod_ediv)
    _btod_emul                               0x0800bca9   Thumb Code    40  btod.o(CL$$btod_emul)
    __btod_mult_common                       0x0800bcd1   Thumb Code   580  btod.o(CL$$btod_mult_common)
    __ARM_fpclassify                         0x0800bf15   Thumb Code    40  fpclassify.o(i.__ARM_fpclassify)
    __kernel_poly                            0x0800bf3d   Thumb Code   170  poly.o(i.__kernel_poly)
    __mathlib_dbl_underflow                  0x0800bfe9   Thumb Code    10  dunder.o(i.__mathlib_dbl_underflow)
    _is_digit                                0x0800bff9   Thumb Code    14  __printf_wp.o(i._is_digit)
    floor                                    0x0800c009   Thumb Code   204  floor.o(i.floor)
    pow                                      0x0800c0e5   Thumb Code  2510  pow.o(i.pow)
    sqrt                                     0x0800cac5   Thumb Code    76  sqrt.o(i.sqrt)
    _get_lc_ctype                            0x0800cb11   Thumb Code    44  lc_ctype_c.o(locale$$code)
    _get_lc_numeric                          0x0800cb3d   Thumb Code    44  lc_numeric_c.o(locale$$code)
    __aeabi_dadd                             0x0800cb69   Thumb Code     0  daddsub_clz.o(x$fpl$dadd)
    _dadd                                    0x0800cb69   Thumb Code   332  daddsub_clz.o(x$fpl$dadd)
    __fpl_dcheck_NaN1                        0x0800ccb9   Thumb Code    10  dcheck1.o(x$fpl$dcheck1)
    __fpl_dcmp_Inf                           0x0800ccc9   Thumb Code    24  dcmpi.o(x$fpl$dcmpinf)
    __aeabi_ddiv                             0x0800cce1   Thumb Code     0  ddiv.o(x$fpl$ddiv)
    _ddiv                                    0x0800cce1   Thumb Code   552  ddiv.o(x$fpl$ddiv)
    __aeabi_d2iz                             0x0800cf91   Thumb Code     0  dfix.o(x$fpl$dfix)
    _dfix                                    0x0800cf91   Thumb Code    94  dfix.o(x$fpl$dfix)
    __aeabi_d2uiz                            0x0800cff1   Thumb Code     0  dfixu.o(x$fpl$dfixu)
    _dfixu                                   0x0800cff1   Thumb Code    90  dfixu.o(x$fpl$dfixu)
    __aeabi_i2d                              0x0800d04b   Thumb Code     0  dflt_clz.o(x$fpl$dflt)
    _dflt                                    0x0800d04b   Thumb Code    46  dflt_clz.o(x$fpl$dflt)
    __aeabi_ui2d                             0x0800d079   Thumb Code     0  dflt_clz.o(x$fpl$dfltu)
    _dfltu                                   0x0800d079   Thumb Code    38  dflt_clz.o(x$fpl$dfltu)
    __aeabi_cdcmple                          0x0800d0a1   Thumb Code     0  dleqf.o(x$fpl$dleqf)
    _dcmple                                  0x0800d0a1   Thumb Code   120  dleqf.o(x$fpl$dleqf)
    __fpl_dcmple_InfNaN                      0x0800d103   Thumb Code     0  dleqf.o(x$fpl$dleqf)
    __aeabi_dmul                             0x0800d119   Thumb Code     0  dmul.o(x$fpl$dmul)
    _dmul                                    0x0800d119   Thumb Code   332  dmul.o(x$fpl$dmul)
    __fpl_dnaninf                            0x0800d26d   Thumb Code   156  dnaninf.o(x$fpl$dnaninf)
    __fpl_dretinf                            0x0800d309   Thumb Code    12  dretinf.o(x$fpl$dretinf)
    __aeabi_cdrcmple                         0x0800d315   Thumb Code     0  drleqf.o(x$fpl$drleqf)
    _drcmple                                 0x0800d315   Thumb Code   108  drleqf.o(x$fpl$drleqf)
    __aeabi_drsub                            0x0800d381   Thumb Code     0  daddsub_clz.o(x$fpl$drsb)
    _drsb                                    0x0800d381   Thumb Code    22  daddsub_clz.o(x$fpl$drsb)
    _dsqrt                                   0x0800d399   Thumb Code   456  dsqrt_noumaal.o(x$fpl$dsqrt)
    __aeabi_dsub                             0x0800d565   Thumb Code     0  daddsub_clz.o(x$fpl$dsub)
    _dsub                                    0x0800d565   Thumb Code   464  daddsub_clz.o(x$fpl$dsub)
    __aeabi_f2d                              0x0800d739   Thumb Code     0  f2d.o(x$fpl$f2d)
    _f2d                                     0x0800d739   Thumb Code    86  f2d.o(x$fpl$f2d)
    __aeabi_fadd                             0x0800d791   Thumb Code     0  faddsub_clz.o(x$fpl$fadd)
    _fadd                                    0x0800d791   Thumb Code   196  faddsub_clz.o(x$fpl$fadd)
    __aeabi_fdiv                             0x0800d855   Thumb Code     0  fdiv.o(x$fpl$fdiv)
    _fdiv                                    0x0800d855   Thumb Code   384  fdiv.o(x$fpl$fdiv)
    __aeabi_f2iz                             0x0800d9d9   Thumb Code     0  ffix.o(x$fpl$ffix)
    _ffix                                    0x0800d9d9   Thumb Code    54  ffix.o(x$fpl$ffix)
    __aeabi_f2uiz                            0x0800da11   Thumb Code     0  ffixu.o(x$fpl$ffixu)
    _ffixu                                   0x0800da11   Thumb Code    62  ffixu.o(x$fpl$ffixu)
    __aeabi_i2f                              0x0800da51   Thumb Code     0  fflt_clz.o(x$fpl$fflt)
    _fflt                                    0x0800da51   Thumb Code    48  fflt_clz.o(x$fpl$fflt)
    __aeabi_ui2f                             0x0800da81   Thumb Code     0  fflt_clz.o(x$fpl$ffltu)
    _ffltu                                   0x0800da81   Thumb Code    38  fflt_clz.o(x$fpl$ffltu)
    __aeabi_fmul                             0x0800daa9   Thumb Code     0  fmul.o(x$fpl$fmul)
    _fmul                                    0x0800daa9   Thumb Code   258  fmul.o(x$fpl$fmul)
    __fpl_fnaninf                            0x0800dbab   Thumb Code   140  fnaninf.o(x$fpl$fnaninf)
    __fpl_fretinf                            0x0800dc37   Thumb Code    10  fretinf.o(x$fpl$fretinf)
    __aeabi_fsub                             0x0800dc41   Thumb Code     0  faddsub_clz.o(x$fpl$fsub)
    _fsub                                    0x0800dc41   Thumb Code   234  faddsub_clz.o(x$fpl$fsub)
    _printf_fp_dec                           0x0800dd2b   Thumb Code     4  printf1.o(x$fpl$printf1)
    __fpl_return_NaN                         0x0800dd2f   Thumb Code   100  retnan.o(x$fpl$retnan)
    __ARM_scalbn                             0x0800dd93   Thumb Code    92  scalbn.o(x$fpl$scalbn)
    __fpl_cmpreturn                          0x0800ddef   Thumb Code    48  trapv.o(x$fpl$trapveneer)
    __I$use$fp                               0x0800de1e   Number         0  usenofp.o(x$fpl$usenofp)
    asc2_1206                                0x0800de1e   Data        1140  lcd.o(.constdata)
    asc2_1608                                0x0800e292   Data        1520  lcd.o(.constdata)
    asc2_2412                                0x0800e882   Data        3420  lcd.o(.constdata)
    OTT_TPX_TBL                              0x0800f5de   Data          10  ott2001a.o(.constdata)
    TP_ADJDIS_TBL                            0x0800f5e8   Data          12  touch.o(.constdata)
    __mathlib_zero                           0x0800f6c0   Data           8  qnan.o(.constdata)
    Region$$Table$$Base                      0x0800f7d8   Number         0  anon$$obj.o(Region$$Table)
    Region$$Table$$Limit                     0x0800f7f8   Number         0  anon$$obj.o(Region$$Table)
    __ctype                                  0x0800f805   Data           0  lc_ctype_c.o(locale$$data)
    SystemCoreClock                          0x20000000   Data           4  system_stm32f10x.o(.data)
    AHBPrescTable                            0x20000004   Data          16  system_stm32f10x.o(.data)
    POINT_COLOR                              0x20000014   Data           2  lcd.o(.data)
    BACK_COLOR                               0x20000016   Data           2  lcd.o(.data)
    tp_dev                                   0x2000001c   Data          52  touch.o(.data)
    CMD_RDX                                  0x20000050   Data           1  touch.o(.data)
    CMD_RDY                                  0x20000051   Data           1  touch.o(.data)
    TP_REMIND_MSG_TBL                        0x20000054   Data           4  touch.o(.data)
    g_timer                                  0x20000058   Data           1  timer.o(.data)
    __stdout                                 0x20000060   Data           4  usart.o(.data)
    bufCur                                   0x20000064   Data           1  usart.o(.data)
    lcddev                                   0x20000088   Data          14  lcd.o(.bss)
    USART_RX_BUF                             0x20000096   Data        2048  usart.o(.bss)
    USART_RX_STA                             0x20000896   Data          32  usart.o(.bss)
    IMPORT_BUF                               0x200008b6   Data         128  usart.o(.bss)
    __libspace_start                         0x20000938   Data          96  libspace.o(.bss)
    __temporary_stack_top$libspace           0x20000998   Data           0  libspace.o(.bss)



==============================================================================

Memory Map of the image

  Image Entry point : 0x08000131

  Load Region LR_IROM1 (Base: 0x08000000, Size: 0x0000f9ac, Max: 0x00040000, ABSOLUTE)

    Execution Region ER_IROM1 (Base: 0x08000000, Size: 0x0000f924, Max: 0x00040000, ABSOLUTE)

    Base Addr    Size         Type   Attr      Idx    E Section Name        Object

    0x08000000   0x00000130   Data   RO          358    RESET               startup_stm32f10x_hd.o
    0x08000130   0x00000008   Code   RO          607  * !!!main             c_w.l(__main.o)
    0x08000138   0x00000034   Code   RO          981    !!!scatter          c_w.l(__scatter.o)
    0x0800016c   0x0000001a   Code   RO          983    !!handler_copy      c_w.l(__scatter_copy.o)
    0x08000186   0x00000002   PAD
    0x08000188   0x0000001c   Code   RO          985    !!handler_zi        c_w.l(__scatter_zi.o)
    0x080001a4   0x00000000   Code   RO          590    .ARM.Collect$$_printf_percent$$00000000  c_w.l(_printf_percent.o)
    0x080001a4   0x00000006   Code   RO          588    .ARM.Collect$$_printf_percent$$00000003  c_w.l(_printf_f.o)
    0x080001aa   0x00000006   Code   RO          589    .ARM.Collect$$_printf_percent$$00000004  c_w.l(_printf_e.o)
    0x080001b0   0x00000006   Code   RO          587    .ARM.Collect$$_printf_percent$$00000009  c_w.l(_printf_d.o)
    0x080001b6   0x00000006   Code   RO          586    .ARM.Collect$$_printf_percent$$0000000C  c_w.l(_printf_x.o)
    0x080001bc   0x00000004   Code   RO          731    .ARM.Collect$$_printf_percent$$00000017  c_w.l(_printf_percent_end.o)
    0x080001c0   0x00000002   Code   RO          921    .ARM.Collect$$libinit$$00000000  c_w.l(libinit.o)
    0x080001c2   0x00000000   Code   RO          735    .ARM.Collect$$libinit$$00000002  c_w.l(libinit2.o)
    0x080001c2   0x00000008   Code   RO          736    .ARM.Collect$$libinit$$00000003  c_w.l(libinit2.o)
    0x080001ca   0x00000000   Code   RO          738    .ARM.Collect$$libinit$$00000008  c_w.l(libinit2.o)
    0x080001ca   0x00000000   Code   RO          740    .ARM.Collect$$libinit$$0000000A  c_w.l(libinit2.o)
    0x080001ca   0x00000000   Code   RO          742    .ARM.Collect$$libinit$$0000000C  c_w.l(libinit2.o)
    0x080001ca   0x00000006   Code   RO          743    .ARM.Collect$$libinit$$0000000D  c_w.l(libinit2.o)
    0x080001d0   0x00000000   Code   RO          745    .ARM.Collect$$libinit$$0000000F  c_w.l(libinit2.o)
    0x080001d0   0x0000000c   Code   RO          746    .ARM.Collect$$libinit$$00000010  c_w.l(libinit2.o)
    0x080001dc   0x00000000   Code   RO          747    .ARM.Collect$$libinit$$00000011  c_w.l(libinit2.o)
    0x080001dc   0x00000000   Code   RO          749    .ARM.Collect$$libinit$$00000013  c_w.l(libinit2.o)
    0x080001dc   0x0000000a   Code   RO          750    .ARM.Collect$$libinit$$00000014  c_w.l(libinit2.o)
    0x080001e6   0x00000000   Code   RO          751    .ARM.Collect$$libinit$$00000015  c_w.l(libinit2.o)
    0x080001e6   0x00000000   Code   RO          753    .ARM.Collect$$libinit$$00000017  c_w.l(libinit2.o)
    0x080001e6   0x00000000   Code   RO          755    .ARM.Collect$$libinit$$00000019  c_w.l(libinit2.o)
    0x080001e6   0x00000000   Code   RO          757    .ARM.Collect$$libinit$$0000001B  c_w.l(libinit2.o)
    0x080001e6   0x00000000   Code   RO          759    .ARM.Collect$$libinit$$0000001D  c_w.l(libinit2.o)
    0x080001e6   0x00000000   Code   RO          761    .ARM.Collect$$libinit$$0000001F  c_w.l(libinit2.o)
    0x080001e6   0x00000000   Code   RO          763    .ARM.Collect$$libinit$$00000021  c_w.l(libinit2.o)
    0x080001e6   0x00000000   Code   RO          765    .ARM.Collect$$libinit$$00000023  c_w.l(libinit2.o)
    0x080001e6   0x00000000   Code   RO          769    .ARM.Collect$$libinit$$0000002A  c_w.l(libinit2.o)
    0x080001e6   0x00000000   Code   RO          771    .ARM.Collect$$libinit$$0000002C  c_w.l(libinit2.o)
    0x080001e6   0x00000000   Code   RO          773    .ARM.Collect$$libinit$$0000002E  c_w.l(libinit2.o)
    0x080001e6   0x00000000   Code   RO          775    .ARM.Collect$$libinit$$00000030  c_w.l(libinit2.o)
    0x080001e6   0x00000002   Code   RO          776    .ARM.Collect$$libinit$$00000031  c_w.l(libinit2.o)
    0x080001e8   0x00000002   Code   RO          978    .ARM.Collect$$libshutdown$$00000000  c_w.l(libshutdown.o)
    0x080001ea   0x00000000   Code   RO          936    .ARM.Collect$$libshutdown$$00000003  c_w.l(libshutdown2.o)
    0x080001ea   0x00000000   Code   RO          939    .ARM.Collect$$libshutdown$$00000006  c_w.l(libshutdown2.o)
    0x080001ea   0x00000000   Code   RO          942    .ARM.Collect$$libshutdown$$00000009  c_w.l(libshutdown2.o)
    0x080001ea   0x00000000   Code   RO          944    .ARM.Collect$$libshutdown$$0000000B  c_w.l(libshutdown2.o)
    0x080001ea   0x00000000   Code   RO          947    .ARM.Collect$$libshutdown$$0000000E  c_w.l(libshutdown2.o)
    0x080001ea   0x00000002   Code   RO          948    .ARM.Collect$$libshutdown$$0000000F  c_w.l(libshutdown2.o)
    0x080001ec   0x00000000   Code   RO          691    .ARM.Collect$$rtentry$$00000000  c_w.l(rtentry.o)
    0x080001ec   0x00000000   Code   RO          809    .ARM.Collect$$rtentry$$00000002  c_w.l(rtentry2.o)
    0x080001ec   0x00000006   Code   RO          821    .ARM.Collect$$rtentry$$00000004  c_w.l(rtentry4.o)
    0x080001f2   0x00000000   Code   RO          811    .ARM.Collect$$rtentry$$00000009  c_w.l(rtentry2.o)
    0x080001f2   0x00000004   Code   RO          812    .ARM.Collect$$rtentry$$0000000A  c_w.l(rtentry2.o)
    0x080001f6   0x00000000   Code   RO          814    .ARM.Collect$$rtentry$$0000000C  c_w.l(rtentry2.o)
    0x080001f6   0x00000008   Code   RO          815    .ARM.Collect$$rtentry$$0000000D  c_w.l(rtentry2.o)
    0x080001fe   0x00000002   Code   RO          924    .ARM.Collect$$rtexit$$00000000  c_w.l(rtexit.o)
    0x08000200   0x00000000   Code   RO          952    .ARM.Collect$$rtexit$$00000002  c_w.l(rtexit2.o)
    0x08000200   0x00000004   Code   RO          953    .ARM.Collect$$rtexit$$00000003  c_w.l(rtexit2.o)
    0x08000204   0x00000006   Code   RO          954    .ARM.Collect$$rtexit$$00000004  c_w.l(rtexit2.o)
    0x0800020a   0x00000002   PAD
    0x0800020c   0x00000000   Code   RO          835    .emb_text           c_w.l(maybetermalloc1.o)
    0x0800020c   0x0000031c   Code   RO            1    .text               main.o
    0x08000528   0x0000001a   Code   RO           94    .text               stm32f10x_it.o
    0x08000542   0x00000002   PAD
    0x08000544   0x000001e0   Code   RO          126    .text               system_stm32f10x.o
    0x08000724   0x000058fc   Code   RO          156    .text               lcd.o
    0x08006020   0x00000258   Code   RO          199    .text               myiic.o
    0x08006278   0x0000017a   Code   RO          211    .text               24cxx.o
    0x080063f2   0x00000002   PAD
    0x080063f4   0x00000260   Code   RO          223    .text               ctiic.o
    0x08006654   0x0000036c   Code   RO          238    .text               ott2001a.o
    0x080069c0   0x00000c04   Code   RO          254    .text               touch.o
    0x080075c4   0x00000098   Code   RO          278    .text               timer.o
    0x0800765c   0x000000d4   Code   RO          296    .text               delay.o
    0x08007730   0x0000000c   Code   RO          310    .text               sys.o
    0x0800773c   0x000001d0   Code   RO          322    .text               usart.o
    0x0800790c   0x00000040   Code   RO          359    .text               startup_stm32f10x_hd.o
    0x0800794c   0x0000035c   Code   RO          363    .text               stm32f10x_gpio.o
    0x08007ca8   0x000003a4   Code   RO          375    .text               stm32f10x_rcc.o
    0x0800804c   0x00000408   Code   RO          389    .text               stm32f10x_usart.o
    0x08008454   0x000000dc   Code   RO          401    .text               misc.o
    0x08008530   0x00000e1a   Code   RO          413    .text               stm32f10x_tim.o
    0x0800934a   0x00000002   PAD
    0x0800934c   0x000014e4   Code   RO          425    .text               cjson.o
    0x0800a830   0x00000002   Code   RO          465    .text               c_w.l(use_no_semi_2.o)
    0x0800a832   0x0000005e   Code   RO          471    .text               c_w.l(h1_alloc.o)
    0x0800a890   0x0000004e   Code   RO          473    .text               c_w.l(h1_free.o)
    0x0800a8de   0x0000001a   Code   RO          529    .text               c_w.l(tolower.o)
    0x0800a8f8   0x00000018   Code   RO          535    .text               c_w.l(noretval__2printf.o)
    0x0800a910   0x00000028   Code   RO          537    .text               c_w.l(noretval__2sprintf.o)
    0x0800a938   0x0000004e   Code   RO          541    .text               c_w.l(_printf_pad.o)
    0x0800a986   0x00000002   PAD
    0x0800a988   0x00000074   Code   RO          543    .text               c_w.l(_printf_dec.o)
    0x0800a9fc   0x00000058   Code   RO          548    .text               c_w.l(_printf_hex_int.o)
    0x0800aa54   0x00000138   Code   RO          578    .text               c_w.l(__printf_flags_wp.o)
    0x0800ab8c   0x00000014   Code   RO          591    .text               c_w.l(strchr.o)
    0x0800aba0   0x00000048   Code   RO          593    .text               c_w.l(strcpy.o)
    0x0800abe8   0x0000003e   Code   RO          595    .text               c_w.l(strlen.o)
    0x0800ac26   0x00000096   Code   RO          597    .text               c_w.l(strncmp.o)
    0x0800acbc   0x0000008a   Code   RO          599    .text               c_w.l(rt_memcpy_v6.o)
    0x0800ad46   0x00000064   Code   RO          601    .text               c_w.l(rt_memcpy_w.o)
    0x0800adaa   0x0000004e   Code   RO          603    .text               c_w.l(rt_memclr_w.o)
    0x0800adf8   0x00000006   Code   RO          605    .text               c_w.l(heapauxi.o)
    0x0800adfe   0x00000002   Code   RO          687    .text               c_w.l(use_no_semi.o)
    0x0800ae00   0x00000010   Code   RO          692    .text               c_w.l(rt_ctype_table.o)
    0x0800ae10   0x00000008   Code   RO          697    .text               c_w.l(rt_heap_descriptor_intlibspace.o)
    0x0800ae18   0x00000004   Code   RO          699    .text               c_w.l(hguard.o)
    0x0800ae1c   0x0000008a   Code   RO          701    .text               c_w.l(init_alloc.o)
    0x0800aea6   0x0000000e   Code   RO          705    .text               c_w.l(h1_init.o)
    0x0800aeb4   0x00000016   Code   RO          719    .text               c_w.l(_rserrno.o)
    0x0800aeca   0x000000b2   Code   RO          721    .text               c_w.l(_printf_intcommon.o)
    0x0800af7c   0x00000416   Code   RO          723    .text               c_w.l(_printf_fp_dec.o)
    0x0800b392   0x00000002   PAD
    0x0800b394   0x00000030   Code   RO          725    .text               c_w.l(_printf_char_common.o)
    0x0800b3c4   0x0000000a   Code   RO          727    .text               c_w.l(_sputc.o)
    0x0800b3ce   0x00000002   PAD
    0x0800b3d0   0x00000024   Code   RO          729    .text               c_w.l(_printf_char_file.o)
    0x0800b3f4   0x00000008   Code   RO          805    .text               c_w.l(libspace.o)
    0x0800b3fc   0x00000008   Code   RO          826    .text               c_w.l(rt_locale_intlibspace.o)
    0x0800b404   0x00000008   Code   RO          831    .text               c_w.l(rt_errno_addr_intlibspace.o)
    0x0800b40c   0x00000034   Code   RO          837    .text               c_w.l(h1_extend.o)
    0x0800b440   0x0000008a   Code   RO          841    .text               c_w.l(lludiv10.o)
    0x0800b4ca   0x00000002   PAD
    0x0800b4cc   0x00000080   Code   RO          843    .text               c_w.l(_printf_fp_infnan.o)
    0x0800b54c   0x000000d8   Code   RO          847    .text               c_w.l(bigflt0.o)
    0x0800b624   0x00000008   Code   RO          872    .text               c_w.l(ferror.o)
    0x0800b62c   0x0000000e   Code   RO          882    .text               c_w.l(defsig_rtmem_outer.o)
    0x0800b63a   0x0000004a   Code   RO          898    .text               c_w.l(sys_stackheap_outer.o)
    0x0800b684   0x0000000c   Code   RO          904    .text               c_w.l(exit.o)
    0x0800b690   0x0000000a   Code   RO          906    .text               c_w.l(defsig_exit.o)
    0x0800b69a   0x00000002   PAD
    0x0800b69c   0x00000050   Code   RO          908    .text               c_w.l(defsig_rtmem_inner.o)
    0x0800b6ec   0x00000080   Code   RO          910    .text               c_w.l(strcmpv7m.o)
    0x0800b76c   0x00000032   Code   RO          932    .text               c_w.l(defsig_general.o)
    0x0800b79e   0x0000003e   Code   RO          850    CL$$btod_d2e        c_w.l(btod.o)
    0x0800b7dc   0x00000046   Code   RO          852    CL$$btod_d2e_denorm_low  c_w.l(btod.o)
    0x0800b822   0x00000060   Code   RO          851    CL$$btod_d2e_norm_op1  c_w.l(btod.o)
    0x0800b882   0x00000338   Code   RO          860    CL$$btod_div_common  c_w.l(btod.o)
    0x0800bbba   0x000000c6   Code   RO          857    CL$$btod_e2e        c_w.l(btod.o)
    0x0800bc80   0x00000028   Code   RO          854    CL$$btod_ediv       c_w.l(btod.o)
    0x0800bca8   0x00000028   Code   RO          853    CL$$btod_emul       c_w.l(btod.o)
    0x0800bcd0   0x00000244   Code   RO          859    CL$$btod_mult_common  c_w.l(btod.o)
    0x0800bf14   0x00000028   Code   RO          798    i.__ARM_fpclassify  m_ws.l(fpclassify.o)
    0x0800bf3c   0x000000aa   Code   RO          800    i.__kernel_poly     m_ws.l(poly.o)
    0x0800bfe6   0x00000002   PAD
    0x0800bfe8   0x00000010   Code   RO          796    i.__mathlib_dbl_underflow  m_ws.l(dunder.o)
    0x0800bff8   0x0000000e   Code   RO          576    i._is_digit         c_w.l(__printf_wp.o)
    0x0800c006   0x00000002   PAD
    0x0800c008   0x000000dc   Code   RO          666    i.floor             m_ws.l(floor.o)
    0x0800c0e4   0x000009e0   Code   RO          670    i.pow               m_ws.l(pow.o)
    0x0800cac4   0x0000004c   Code   RO          680    i.sqrt              m_ws.l(sqrt.o)
    0x0800cb10   0x0000002c   Code   RO          877    locale$$code        c_w.l(lc_ctype_c.o)
    0x0800cb3c   0x0000002c   Code   RO          880    locale$$code        c_w.l(lc_numeric_c.o)
    0x0800cb68   0x00000150   Code   RO          609    x$fpl$dadd          fz_ws.l(daddsub_clz.o)
    0x0800ccb8   0x00000010   Code   RO          891    x$fpl$dcheck1       fz_ws.l(dcheck1.o)
    0x0800ccc8   0x00000018   Code   RO          777    x$fpl$dcmpinf       fz_ws.l(dcmpi.o)
    0x0800cce0   0x000002b0   Code   RO          780    x$fpl$ddiv          fz_ws.l(ddiv.o)
    0x0800cf90   0x0000005e   Code   RO          615    x$fpl$dfix          fz_ws.l(dfix.o)
    0x0800cfee   0x00000002   PAD
    0x0800cff0   0x0000005a   Code   RO          619    x$fpl$dfixu         fz_ws.l(dfixu.o)
    0x0800d04a   0x0000002e   Code   RO          624    x$fpl$dflt          fz_ws.l(dflt_clz.o)
    0x0800d078   0x00000026   Code   RO          623    x$fpl$dfltu         fz_ws.l(dflt_clz.o)
    0x0800d09e   0x00000002   PAD
    0x0800d0a0   0x00000078   Code   RO          629    x$fpl$dleqf         fz_ws.l(dleqf.o)
    0x0800d118   0x00000154   Code   RO          631    x$fpl$dmul          fz_ws.l(dmul.o)
    0x0800d26c   0x0000009c   Code   RO          783    x$fpl$dnaninf       fz_ws.l(dnaninf.o)
    0x0800d308   0x0000000c   Code   RO          785    x$fpl$dretinf       fz_ws.l(dretinf.o)
    0x0800d314   0x0000006c   Code   RO          633    x$fpl$drleqf        fz_ws.l(drleqf.o)
    0x0800d380   0x00000016   Code   RO          610    x$fpl$drsb          fz_ws.l(daddsub_clz.o)
    0x0800d396   0x00000002   PAD
    0x0800d398   0x000001cc   Code   RO          787    x$fpl$dsqrt         fz_ws.l(dsqrt_noumaal.o)
    0x0800d564   0x000001d4   Code   RO          611    x$fpl$dsub          fz_ws.l(daddsub_clz.o)
    0x0800d738   0x00000056   Code   RO          635    x$fpl$f2d           fz_ws.l(f2d.o)
    0x0800d78e   0x00000002   PAD
    0x0800d790   0x000000c4   Code   RO          637    x$fpl$fadd          fz_ws.l(faddsub_clz.o)
    0x0800d854   0x00000184   Code   RO          644    x$fpl$fdiv          fz_ws.l(fdiv.o)
    0x0800d9d8   0x00000036   Code   RO          647    x$fpl$ffix          fz_ws.l(ffix.o)
    0x0800da0e   0x00000002   PAD
    0x0800da10   0x0000003e   Code   RO          651    x$fpl$ffixu         fz_ws.l(ffixu.o)
    0x0800da4e   0x00000002   PAD
    0x0800da50   0x00000030   Code   RO          656    x$fpl$fflt          fz_ws.l(fflt_clz.o)
    0x0800da80   0x00000026   Code   RO          655    x$fpl$ffltu         fz_ws.l(fflt_clz.o)
    0x0800daa6   0x00000002   PAD
    0x0800daa8   0x00000102   Code   RO          661    x$fpl$fmul          fz_ws.l(fmul.o)
    0x0800dbaa   0x0000008c   Code   RO          789    x$fpl$fnaninf       fz_ws.l(fnaninf.o)
    0x0800dc36   0x0000000a   Code   RO          791    x$fpl$fretinf       fz_ws.l(fretinf.o)
    0x0800dc40   0x000000ea   Code   RO          639    x$fpl$fsub          fz_ws.l(faddsub_clz.o)
    0x0800dd2a   0x00000004   Code   RO          663    x$fpl$printf1       fz_ws.l(printf1.o)
    0x0800dd2e   0x00000064   Code   RO          922    x$fpl$retnan        fz_ws.l(retnan.o)
    0x0800dd92   0x0000005c   Code   RO          793    x$fpl$scalbn        fz_ws.l(scalbn.o)
    0x0800ddee   0x00000030   Code   RO          949    x$fpl$trapveneer    fz_ws.l(trapv.o)
    0x0800de1e   0x00000000   Code   RO          795    x$fpl$usenofp       fz_ws.l(usenofp.o)
    0x0800de1e   0x000017c0   Data   RO          158    .constdata          lcd.o
    0x0800f5de   0x0000000a   Data   RO          239    .constdata          ott2001a.o
    0x0800f5e8   0x0000000c   Data   RO          255    .constdata          touch.o
    0x0800f5f4   0x00000007   Data   RO          426    .constdata          cjson.o
    0x0800f5fb   0x00000028   Data   RO          549    .constdata          c_w.l(_printf_hex_int.o)
    0x0800f623   0x00000011   Data   RO          579    .constdata          c_w.l(__printf_flags_wp.o)
    0x0800f634   0x00000004   PAD
    0x0800f638   0x00000088   Data   RO          671    .constdata          m_ws.l(pow.o)
    0x0800f6c0   0x00000008   Data   RO          802    .constdata          m_ws.l(qnan.o)
    0x0800f6c8   0x00000094   Data   RO          848    .constdata          c_w.l(bigflt0.o)
    0x0800f75c   0x00000079   Data   RO          256    .conststring        touch.o
    0x0800f7d5   0x00000003   PAD
    0x0800f7d8   0x00000020   Data   RO          979    Region$$Table       anon$$obj.o
    0x0800f7f8   0x00000110   Data   RO          876    locale$$data        c_w.l(lc_ctype_c.o)
    0x0800f908   0x0000001c   Data   RO          879    locale$$data        c_w.l(lc_numeric_c.o)


    Execution Region RW_IRAM1 (Base: 0x20000000, Size: 0x00001d98, Max: 0x0000c000, ABSOLUTE)

    Base Addr    Size         Type   Attr      Idx    E Section Name        Object

    0x20000000   0x00000014   Data   RW          127    .data               system_stm32f10x.o
    0x20000014   0x00000004   Data   RW          159    .data               lcd.o
    0x20000018   0x00000001   Data   RW          240    .data               ott2001a.o
    0x20000019   0x00000003   PAD
    0x2000001c   0x0000003c   Data   RW          257    .data               touch.o
    0x20000058   0x00000001   Data   RW          279    .data               timer.o
    0x20000059   0x00000001   PAD
    0x2000005a   0x00000004   Data   RW          297    .data               delay.o
    0x2000005e   0x00000002   PAD
    0x20000060   0x00000005   Data   RW          324    .data               usart.o
    0x20000065   0x00000014   Data   RW          376    .data               stm32f10x_rcc.o
    0x20000079   0x00000003   PAD
    0x2000007c   0x0000000c   Data   RW          427    .data               cjson.o
    0x20000088   0x0000000e   Zero   RW          157    .bss                lcd.o
    0x20000096   0x000008a0   Zero   RW          323    .bss                usart.o
    0x20000936   0x00000002   PAD
    0x20000938   0x00000060   Zero   RW          806    .bss                c_w.l(libspace.o)
    0x20000998   0x00001000   Zero   RW          357    HEAP                startup_stm32f10x_hd.o
    0x20001998   0x00000400   Zero   RW          356    STACK               startup_stm32f10x_hd.o


==============================================================================

Image component sizes


      Code (inc. data)   RO Data    RW Data    ZI Data      Debug   Object Name

       378          0          0          0          0       2626   24cxx.o
      5348        180          7         12          0      20384   cjson.o
         0          0          0          0          0         32   core_cm3.o
       608         18          0          0          0       1989   ctiic.o
       212         18          0          4          0        999   delay.o
     22780        190       6080          4         14      24267   lcd.o
       796        304          0          0          0     256611   main.o
       220         22          0          0          0       1781   misc.o
       600         12          0          0          0       1844   myiic.o
       876         56         10          1          0       2590   ott2001a.o
        64         26        304          0       5120        792   startup_stm32f10x_hd.o
       860         38          0          0          0       5625   stm32f10x_gpio.o
        26          0          0          0          0       1170   stm32f10x_it.o
       932         36          0         20          0       8788   stm32f10x_rcc.o
      3610         88          0          0          0      22112   stm32f10x_tim.o
      1032         22          0          0          0       8352   stm32f10x_usart.o
        12          0          0          0          0        441   sys.o
       480         38          0         20          0       1707   system_stm32f10x.o
       152         10          0          1          0       1006   timer.o
      3076        180        133         60          0       6347   touch.o
       464         20          0          5       2208       3433   usart.o

    ----------------------------------------------------------------------
     42532       1258       6569        136       7344     372896   Object Totals
         0          0         32          0          0          0   (incl. Generated)
         6          0          3          9          2          0   (incl. Padding)

    ----------------------------------------------------------------------

      Code (inc. data)   RO Data    RW Data    ZI Data      Debug   Library Member Name

         8          0          0          0          0         68   __main.o
       312          4         17          0          0         92   __printf_flags_wp.o
        14          0          0          0          0         68   __printf_wp.o
        52          8          0          0          0          0   __scatter.o
        26          0          0          0          0          0   __scatter_copy.o
        28          0          0          0          0          0   __scatter_zi.o
        48          6          0          0          0         96   _printf_char_common.o
        36          4          0          0          0         80   _printf_char_file.o
         6          0          0          0          0          0   _printf_d.o
       116         16          0          0          0         92   _printf_dec.o
         6          0          0          0          0          0   _printf_e.o
         6          0          0          0          0          0   _printf_f.o
      1046          0          0          0          0        216   _printf_fp_dec.o
       128         16          0          0          0         84   _printf_fp_infnan.o
        88          4         40          0          0         88   _printf_hex_int.o
       178          0          0          0          0         88   _printf_intcommon.o
        78          0          0          0          0        108   _printf_pad.o
         0          0          0          0          0          0   _printf_percent.o
         4          0          0          0          0          0   _printf_percent_end.o
         6          0          0          0          0          0   _printf_x.o
        22          0          0          0          0        100   _rserrno.o
        10          0          0          0          0         68   _sputc.o
       216          4        148          0          0         96   bigflt0.o
      1910        128          0          0          0        672   btod.o
        10          0          0          0          0         68   defsig_exit.o
        50          0          0          0          0         88   defsig_general.o
        80         58          0          0          0         76   defsig_rtmem_inner.o
        14          0          0          0          0         80   defsig_rtmem_outer.o
        12          0          0          0          0         72   exit.o
         8          0          0          0          0         68   ferror.o
        94          0          0          0          0         80   h1_alloc.o
        52          0          0          0          0         68   h1_extend.o
        78          0          0          0          0         80   h1_free.o
        14          0          0          0          0         84   h1_init.o
         6          0          0          0          0        152   heapauxi.o
         4          0          0          0          0        136   hguard.o
       138          0          0          0          0        168   init_alloc.o
        44         10        272          0          0         76   lc_ctype_c.o
        44         10         28          0          0         76   lc_numeric_c.o
         2          0          0          0          0          0   libinit.o
        38          0          0          0          0          0   libinit2.o
         2          0          0          0          0          0   libshutdown.o
         2          0          0          0          0          0   libshutdown2.o
         8          4          0          0         96         68   libspace.o
       138          0          0          0          0         80   lludiv10.o
         0          0          0          0          0          0   maybetermalloc1.o
        24          4          0          0          0         84   noretval__2printf.o
        40          6          0          0          0         84   noretval__2sprintf.o
        16          4          0          0          0         76   rt_ctype_table.o
         8          4          0          0          0         68   rt_errno_addr_intlibspace.o
         8          4          0          0          0         68   rt_heap_descriptor_intlibspace.o
         8          4          0          0          0         68   rt_locale_intlibspace.o
        78          0          0          0          0         80   rt_memclr_w.o
       138          0          0          0          0         68   rt_memcpy_v6.o
       100          0          0          0          0         80   rt_memcpy_w.o
         0          0          0          0          0          0   rtentry.o
        12          0          0          0          0          0   rtentry2.o
         6          0          0          0          0          0   rtentry4.o
         2          0          0          0          0          0   rtexit.o
        10          0          0          0          0          0   rtexit2.o
        20          0          0          0          0         68   strchr.o
       128          0          0          0          0         68   strcmpv7m.o
        72          0          0          0          0         80   strcpy.o
        62          0          0          0          0         76   strlen.o
       150          0          0          0          0         80   strncmp.o
        74          0          0          0          0         80   sys_stackheap_outer.o
        26          0          0          0          0         76   tolower.o
         2          0          0          0          0         68   use_no_semi.o
         2          0          0          0          0         68   use_no_semi_2.o
       826         16          0          0          0        348   daddsub_clz.o
        16          4          0          0          0         68   dcheck1.o
        24          0          0          0          0         68   dcmpi.o
       688        140          0          0          0        208   ddiv.o
        94          4          0          0          0         92   dfix.o
        90          4          0          0          0         92   dfixu.o
        84          0          0          0          0        136   dflt_clz.o
       120          4          0          0          0         92   dleqf.o
       340         12          0          0          0        104   dmul.o
       156          4          0          0          0         92   dnaninf.o
        12          0          0          0          0         68   dretinf.o
       108          0          0          0          0         80   drleqf.o
       460         56          0          0          0        120   dsqrt_noumaal.o
        86          4          0          0          0         84   f2d.o
       430          8          0          0          0        168   faddsub_clz.o
       388         76          0          0          0         96   fdiv.o
        54          4          0          0          0         84   ffix.o
        62          4          0          0          0         84   ffixu.o
        86          0          0          0          0        136   fflt_clz.o
       258          4          0          0          0         84   fmul.o
       140          4          0          0          0         84   fnaninf.o
        10          0          0          0          0         68   fretinf.o
         4          0          0          0          0         68   printf1.o
       100          0          0          0          0         68   retnan.o
        92          0          0          0          0         68   scalbn.o
        48          0          0          0          0         68   trapv.o
         0          0          0          0          0          0   usenofp.o
        16          6          0          0          0         68   dunder.o
       220         16          0          0          0         84   floor.o
        40          0          0          0          0         68   fpclassify.o
       170          0          0          0          0         96   poly.o
      2528        190        136          0          0        332   pow.o
         0          0          8          0          0          0   qnan.o
        76          0          0          0          0         84   sqrt.o

    ----------------------------------------------------------------------
     14026        858        653          0         96       8336   Library Totals
        32          0          4          0          0          0   (incl. Padding)

    ----------------------------------------------------------------------

      Code (inc. data)   RO Data    RW Data    ZI Data      Debug   Library Name

      6168        298        505          0         96       4876   c_w.l
      4776        348          0          0          0       2728   fz_ws.l
      3050        212        144          0          0        732   m_ws.l

    ----------------------------------------------------------------------
     14026        858        653          0         96       8336   Library Totals

    ----------------------------------------------------------------------

==============================================================================


      Code (inc. data)   RO Data    RW Data    ZI Data      Debug   

     56558       2116       7222        136       7440     374936   Grand Totals
     56558       2116       7222        136       7440     374936   ELF Image Totals
     56558       2116       7222        136          0          0   ROM Totals

==============================================================================

    Total RO  Size (Code + RO Data)                63780 (  62.29kB)
    Total RW  Size (RW Data + ZI Data)              7576 (   7.40kB)
    Total ROM Size (Code + RO Data + RW Data)      63916 (  62.42kB)

==============================================================================

