Product: MDK-ARM Professional 5.10
Component: ARM Compiler 5.04 update 1 (build 49)
Tool: armlink [5040049]

==============================================================================

Section Cross References

    main.o(.text) refers to lcd.o(.text) for LCD_Clear
    main.o(.text) refers to key.o(.text) for KEY_Scan
    main.o(.text) refers to touch.o(.text) for TP_Draw_Big_Point
    main.o(.text) refers to delay.o(.text) for delay_ms
    main.o(.text) refers to lcd.o(.data) for POINT_COLOR
    main.o(.text) refers to lcd.o(.bss) for lcddev
    main.o(.text) refers to touch.o(.data) for tp_dev
    main.o(.text) refers to main.o(.constdata) for POINT_COLOR_TBL
    main.o(.text) refers to sys.o(.text) for NVIC_Configuration
    main.o(.text) refers to usart.o(.text) for uart_init
    main.o(.text) refers to timer.o(.text) for TIM3_Int_Init
    main.o(.text) refers to noretval__2printf.o(.text) for __2printf
    main.o(.text) refers to timer.o(.data) for g_timer
    main.o(.text) refers to usart.o(.bss) for USART_RX_BUF
    system_stm32f10x.o(.text) refers to system_stm32f10x.o(.data) for SystemCoreClock
    led.o(.text) refers to stm32f10x_rcc.o(.text) for RCC_APB2PeriphClockCmd
    led.o(.text) refers to stm32f10x_gpio.o(.text) for GPIO_Init
    lcd.o(.text) refers to stm32f10x_gpio.o(.text) for GPIO_ResetBits
    lcd.o(.text) refers to delay.o(.text) for delay_us
    lcd.o(.text) refers to lcd.o(.bss) for lcddev
    lcd.o(.text) refers to lcd.o(.data) for POINT_COLOR
    lcd.o(.text) refers to stm32f10x_rcc.o(.text) for RCC_APB2PeriphClockCmd
    lcd.o(.text) refers to lcd.o(.constdata) for asc2_1206
    key.o(.text) refers to stm32f10x_rcc.o(.text) for RCC_APB2PeriphClockCmd
    key.o(.text) refers to stm32f10x_gpio.o(.text) for GPIO_PinRemapConfig
    key.o(.text) refers to delay.o(.text) for delay_ms
    key.o(.text) refers to key.o(.data) for key_up
    myiic.o(.text) refers to stm32f10x_rcc.o(.text) for RCC_APB2PeriphClockCmd
    myiic.o(.text) refers to stm32f10x_gpio.o(.text) for GPIO_Init
    myiic.o(.text) refers to delay.o(.text) for delay_us
    24cxx.o(.text) refers to myiic.o(.text) for IIC_Init
    24cxx.o(.text) refers to delay.o(.text) for delay_ms
    ctiic.o(.text) refers to delay.o(.text) for delay_us
    ott2001a.o(.text) refers to _printf_percent.o(.ARM.Collect$$_printf_percent$$00000000) for _printf_percent
    ott2001a.o(.text) refers to _printf_x.o(.ARM.Collect$$_printf_percent$$0000000C) for _printf_x
    ott2001a.o(.text) refers to _printf_hex_int.o(.text) for _printf_longlong_hex
    ott2001a.o(.text) refers to ctiic.o(.text) for CT_IIC_Start
    ott2001a.o(.text) refers to stm32f10x_rcc.o(.text) for RCC_APB2PeriphClockCmd
    ott2001a.o(.text) refers to stm32f10x_gpio.o(.text) for GPIO_Init
    ott2001a.o(.text) refers to delay.o(.text) for delay_ms
    ott2001a.o(.text) refers to noretval__2printf.o(.text) for __2printf
    ott2001a.o(.text) refers to dflt_clz.o(x$fpl$dflt) for __aeabi_i2d
    ott2001a.o(.text) refers to dmul.o(x$fpl$dmul) for __aeabi_dmul
    ott2001a.o(.text) refers to dfixu.o(x$fpl$dfixu) for __aeabi_d2uiz
    ott2001a.o(.text) refers to daddsub_clz.o(x$fpl$drsb) for __aeabi_drsub
    ott2001a.o(.text) refers to ott2001a.o(.data) for t
    ott2001a.o(.text) refers to touch.o(.data) for tp_dev
    ott2001a.o(.text) refers to ott2001a.o(.constdata) for OTT_TPX_TBL
    touch.o(.text) refers to delay.o(.text) for delay_us
    touch.o(.text) refers to lcd.o(.text) for LCD_DrawLine
    touch.o(.text) refers to fflt_clz.o(x$fpl$fflt) for __aeabi_i2f
    touch.o(.text) refers to fflt_clz.o(x$fpl$ffltu) for __aeabi_ui2f
    touch.o(.text) refers to fmul.o(x$fpl$fmul) for __aeabi_fmul
    touch.o(.text) refers to faddsub_clz.o(x$fpl$fadd) for __aeabi_fadd
    touch.o(.text) refers to ffixu.o(x$fpl$ffixu) for __aeabi_f2uiz
    touch.o(.text) refers to 24cxx.o(.text) for AT24CXX_WriteLenByte
    touch.o(.text) refers to touch.o(.data) for CMD_RDX
    touch.o(.text) refers to lcd.o(.data) for POINT_COLOR
    touch.o(.text) refers to dflt_clz.o(x$fpl$dfltu) for __aeabi_ui2d
    touch.o(.text) refers to sqrt.o(i.sqrt) for sqrt
    touch.o(.text) refers to dfixu.o(x$fpl$dfixu) for __aeabi_d2uiz
    touch.o(.text) refers to fdiv.o(x$fpl$fdiv) for __aeabi_fdiv
    touch.o(.text) refers to f2d.o(x$fpl$f2d) for __aeabi_f2d
    touch.o(.text) refers to lcd.o(.bss) for lcddev
    touch.o(.text) refers to touch.o(.constdata) for TP_ADJDIS_TBL
    touch.o(.text) refers to dleqf.o(x$fpl$dleqf) for __aeabi_cdcmple
    touch.o(.text) refers to drleqf.o(x$fpl$drleqf) for __aeabi_cdrcmple
    touch.o(.text) refers to faddsub_clz.o(x$fpl$fsub) for __aeabi_fsub
    touch.o(.text) refers to ffix.o(x$fpl$ffix) for __aeabi_f2iz
    touch.o(.text) refers to ott2001a.o(.text) for OTT2001A_Init
    touch.o(.text) refers to stm32f10x_rcc.o(.text) for RCC_APB2PeriphClockCmd
    touch.o(.text) refers to stm32f10x_gpio.o(.text) for GPIO_Init
[...]
    ../clib/signal.c                         0x00000000   Number         0  defsig_rtmem_inner.o ABSOLUTE
    ../clib/signal.c                         0x00000000   Number         0  defsig_rtmem_outer.o ABSOLUTE
    ../clib/signal.c                         0x00000000   Number         0  defsig_rtmem_formal.o ABSOLUTE
    ../clib/signal.c                         0x00000000   Number         0  defsig_exit.o ABSOLUTE
    ../clib/signal.c                         0x00000000   Number         0  __raise.o ABSOLUTE
    ../clib/signal.c                         0x00000000   Number         0  defsig_general.o ABSOLUTE
    ../clib/signal.c                         0x00000000   Number         0  defsig_abrt_inner.o ABSOLUTE
    ../clib/signal.c                         0x00000000   Number         0  defsig_fpe_inner.o ABSOLUTE
    ../clib/signal.c                         0x00000000   Number         0  defsig_rtred_inner.o ABSOLUTE
    ../clib/signal.c                         0x00000000   Number         0  defsig_stak_inner.o ABSOLUTE
    ../clib/signal.c                         0x00000000   Number         0  defsig_pvfn_inner.o ABSOLUTE
    ../clib/signal.c                         0x00000000   Number         0  defsig_cppl_inner.o ABSOLUTE
    ../clib/signal.s                         0x00000000   Number         0  defsig.o ABSOLUTE
    ../clib/stdio.c                          0x00000000   Number         0  ferror.o ABSOLUTE
    ../clib/stdio.c                          0x00000000   Number         0  ferror_locked.o ABSOLUTE
    ../clib/stdlib.c                         0x00000000   Number         0  exit.o ABSOLUTE
    ../fplib/daddsub.s                       0x00000000   Number         0  daddsub_clz.o ABSOLUTE
    ../fplib/dcmpi.s                         0x00000000   Number         0  dcmpi.o ABSOLUTE
    ../fplib/dfixu.s                         0x00000000   Number         0  dfixu.o ABSOLUTE
    ../fplib/dflt.s                          0x00000000   Number         0  dflt_clz.o ABSOLUTE
    ../fplib/dleqf.s                         0x00000000   Number         0  dleqf.o ABSOLUTE
    ../fplib/dmul.s                          0x00000000   Number         0  dmul.o ABSOLUTE
    ../fplib/dnaninf.s                       0x00000000   Number         0  dnaninf.o ABSOLUTE
    ../fplib/dretinf.s                       0x00000000   Number         0  dretinf.o ABSOLUTE
    ../fplib/drleqf.s                        0x00000000   Number         0  drleqf.o ABSOLUTE
    ../fplib/dsqrt.s                         0x00000000   Number         0  dsqrt_noumaal.o ABSOLUTE
    ../fplib/f2d.s                           0x00000000   Number         0  f2d.o ABSOLUTE
    ../fplib/faddsub.s                       0x00000000   Number         0  faddsub_clz.o ABSOLUTE
    ../fplib/fdiv.s                          0x00000000   Number         0  fdiv.o ABSOLUTE
    ../fplib/ffix.s                          0x00000000   Number         0  ffix.o ABSOLUTE
    ../fplib/ffixu.s                         0x00000000   Number         0  ffixu.o ABSOLUTE
    ../fplib/fflt.s                          0x00000000   Number         0  fflt_clz.o ABSOLUTE
    ../fplib/fmul.s                          0x00000000   Number         0  fmul.o ABSOLUTE
    ../fplib/fnaninf.s                       0x00000000   Number         0  fnaninf.o ABSOLUTE
    ../fplib/fpinit.s                        0x00000000   Number         0  fpinit.o ABSOLUTE
    ../fplib/fretinf.s                       0x00000000   Number         0  fretinf.o ABSOLUTE
    ../fplib/usenofp.s                       0x00000000   Number         0  usenofp.o ABSOLUTE
    ../mathlib/sqrt.c                        0x00000000   Number         0  sqrt.o ABSOLUTE
    ../mathlib/sqrt.c                        0x00000000   Number         0  sqrt_x.o ABSOLUTE
    ..\CORE\core_cm3.c                       0x00000000   Number         0  core_cm3.o ABSOLUTE
    ..\CORE\startup_stm32f10x_hd.s           0x00000000   Number         0  startup_stm32f10x_hd.o ABSOLUTE
    ..\HARDWARE\24CXX\24cxx.c                0x00000000   Number         0  24cxx.o ABSOLUTE
    ..\HARDWARE\IIC\myiic.c                  0x00000000   Number         0  myiic.o ABSOLUTE
    ..\HARDWARE\KEY\key.c                    0x00000000   Number         0  key.o ABSOLUTE
    ..\HARDWARE\LCD\lcd.c                    0x00000000   Number         0  lcd.o ABSOLUTE
    ..\HARDWARE\LED\led.c                    0x00000000   Number         0  led.o ABSOLUTE
    ..\HARDWARE\TIMER\timer.c                0x00000000   Number         0  timer.o ABSOLUTE
    ..\HARDWARE\TOUCH\ctiic.c                0x00000000   Number         0  ctiic.o ABSOLUTE
    ..\HARDWARE\TOUCH\ott2001a.c             0x00000000   Number         0  ott2001a.o ABSOLUTE
    ..\HARDWARE\TOUCH\touch.c                0x00000000   Number         0  touch.o ABSOLUTE
    ..\STM32F10x_FWLib\src\misc.c            0x00000000   Number         0  misc.o ABSOLUTE
    ..\STM32F10x_FWLib\src\stm32f10x_gpio.c  0x00000000   Number         0  stm32f10x_gpio.o ABSOLUTE
    ..\STM32F10x_FWLib\src\stm32f10x_rcc.c   0x00000000   Number         0  stm32f10x_rcc.o ABSOLUTE
    ..\STM32F10x_FWLib\src\stm32f10x_tim.c   0x00000000   Number         0  stm32f10x_tim.o ABSOLUTE
    ..\STM32F10x_FWLib\src\stm32f10x_usart.c 0x00000000   Number         0  stm32f10x_usart.o ABSOLUTE
    ..\SYSTEM\delay\delay.c                  0x00000000   Number         0  delay.o ABSOLUTE
    ..\SYSTEM\sys\sys.c                      0x00000000   Number         0  sys.o ABSOLUTE
    ..\SYSTEM\usart\usart.c                  0x00000000   Number         0  usart.o ABSOLUTE
    ..\\CORE\\core_cm3.c                     0x00000000   Number         0  core_cm3.o ABSOLUTE
    dc.s                                     0x00000000   Number         0  dc.o ABSOLUTE
    main.c                                   0x00000000   Number         0  main.o ABSOLUTE
    stm32f10x_it.c                           0x00000000   Number         0  stm32f10x_it.o ABSOLUTE
    system_stm32f10x.c                       0x00000000   Number         0  system_stm32f10x.o ABSOLUTE
    RESET                                    0x08000000   Section      304  startup_stm32f10x_hd.o(RESET)
    !!!main                                  0x08000130   Section        8  __main.o(!!!main)
    !!!scatter                               0x08000138   Section       52  __scatter.o(!!!scatter)
    !!handler_copy                           0x0800016c   Section       26  __scatter_copy.o(!!handler_copy)
    !!handler_zi                             0x08000188   Section       28  __scatter_zi.o(!!handler_zi)
    .ARM.Collect$$_printf_percent$$00000000  0x080001a4   Section        0  _printf_percent.o(.ARM.Collect$$_printf_percent$$00000000)
    .ARM.Collect$$_printf_percent$$0000000C  0x080001a4   Section        6  _printf_x.o(.ARM.Collect$$_printf_percent$$0000000C)
    .ARM.Collect$$_printf_percent$$00000017  0x080001aa   Section        4  _printf_percent_end.o(.ARM.Collect$$_printf_percent$$00000017)
    .ARM.Collect$$libinit$$00000000          0x080001ae   Section        2  libinit.o(.ARM.Collect$$libinit$$00000000)
    .ARM.Collect$$libinit$$00000002          0x080001b0   Section        0  libinit2.o(.ARM.Collect$$libinit$$00000002)
    .ARM.Collect$$libinit$$00000008          0x080001b0   Section        0  libinit2.o(.ARM.Collect$$libinit$$00000008)
    .ARM.Collect$$libinit$$0000000A          0x080001b0   Section        0  libinit2.o(.ARM.Collect$$libinit$$0000000A)
    .ARM.Collect$$libinit$$0000000C          0x080001b0   Section        0  libinit2.o(.ARM.Collect$$libinit$$0000000C)
    .ARM.Collect$$libinit$$0000000F          0x080001b0   Section        0  libinit2.o(.ARM.Collect$$libinit$$0000000F)
    .ARM.Collect$$libinit$$00000011          0x080001b0   Section        0  libinit2.o(.ARM.Collect$$libinit$$00000011)
    .ARM.Collect$$libinit$$00000013          0x080001b0   Section        0  libinit2.o(.ARM.Collect$$libinit$$00000013)
    .ARM.Collect$$libinit$$00000015          0x080001b0   Section        0  libinit2.o(.ARM.Collect$$libinit$$00000015)
    .ARM.Collect$$libinit$$00000017          0x080001b0   Section        0  libinit2.o(.ARM.Collect$$libinit$$00000017)
    .ARM.Collect$$libinit$$00000019          0x080001b0   Section        0  libinit2.o(.ARM.Collect$$libinit$$00000019)
    .ARM.Collect$$libinit$$0000001B          0x080001b0   Section        0  libinit2.o(.ARM.Collect$$libinit$$0000001B)
    .ARM.Collect$$libinit$$0000001D          0x080001b0   Section        0  libinit2.o(.ARM.Collect$$libinit$$0000001D)
    .ARM.Collect$$libinit$$0000001F          0x080001b0   Section        0  libinit2.o(.ARM.Collect$$libinit$$0000001F)
    .ARM.Collect$$libinit$$00000021          0x080001b0   Section        0  libinit2.o(.ARM.Collect$$libinit$$00000021)
    .ARM.Collect$$libinit$$00000023          0x080001b0   Section        0  libinit2.o(.ARM.Collect$$libinit$$00000023)
    .ARM.Collect$$libinit$$0000002A          0x080001b0   Section        0  libinit2.o(.ARM.Collect$$libinit$$0000002A)
    .ARM.Collect$$libinit$$0000002C          0x080001b0   Section        0  libinit2.o(.ARM.Collect$$libinit$$0000002C)
    .ARM.Collect$$libinit$$0000002E          0x080001b0   Section        0  libinit2.o(.ARM.Collect$$libinit$$0000002E)
    .ARM.Collect$$libinit$$00000030          0x080001b0   Section        0  libinit2.o(.ARM.Collect$$libinit$$00000030)
    .ARM.Collect$$libinit$$00000031          0x080001b0   Section        2  libinit2.o(.ARM.Collect$$libinit$$00000031)
    .ARM.Collect$$libshutdown$$00000000      0x080001b2   Section        2  libshutdown.o(.ARM.Collect$$libshutdown$$00000000)
    .ARM.Collect$$libshutdown$$00000003      0x080001b4   Section        0  libshutdown2.o(.ARM.Collect$$libshutdown$$00000003)
    .ARM.Collect$$libshutdown$$00000006      0x080001b4   Section        0  libshutdown2.o(.ARM.Collect$$libshutdown$$00000006)
    .ARM.Collect$$libshutdown$$00000009      0x080001b4   Section        0  libshutdown2.o(.ARM.Collect$$libshutdown$$00000009)
    .ARM.Collect$$libshutdown$$0000000B      0x080001b4   Section        0  libshutdown2.o(.ARM.Collect$$libshutdown$$0000000B)
    .ARM.Collect$$libshutdown$$0000000E      0x080001b4   Section        0  libshutdown2.o(.ARM.Collect$$libshutdown$$0000000E)
    .ARM.Collect$$libshutdown$$0000000F      0x080001b4   Section        2  libshutdown2.o(.ARM.Collect$$libshutdown$$0000000F)
    .ARM.Collect$$rtentry$$00000000          0x080001b6   Section        0  rtentry.o(.ARM.Collect$$rtentry$$00000000)
    .ARM.Collect$$rtentry$$00000002          0x080001b6   Section        0  rtentry2.o(.ARM.Collect$$rtentry$$00000002)
    .ARM.Collect$$rtentry$$00000004          0x080001b6   Section        6  rtentry4.o(.ARM.Collect$$rtentry$$00000004)
    .ARM.Collect$$rtentry$$00000009          0x080001bc   Section        0  rtentry2.o(.ARM.Collect$$rtentry$$00000009)
    .ARM.Collect$$rtentry$$0000000A          0x080001bc   Section        4  rtentry2.o(.ARM.Collect$$rtentry$$0000000A)
    .ARM.Collect$$rtentry$$0000000C          0x080001c0   Section        0  rtentry2.o(.ARM.Collect$$rtentry$$0000000C)
    .ARM.Collect$$rtentry$$0000000D          0x080001c0   Section        8  rtentry2.o(.ARM.Collect$$rtentry$$0000000D)
    .ARM.Collect$$rtexit$$00000000           0x080001c8   Section        2  rtexit.o(.ARM.Collect$$rtexit$$00000000)
    .ARM.Collect$$rtexit$$00000002           0x080001ca   Section        0  rtexit2.o(.ARM.Collect$$rtexit$$00000002)
    .ARM.Collect$$rtexit$$00000003           0x080001ca   Section        4  rtexit2.o(.ARM.Collect$$rtexit$$00000003)
    .ARM.Collect$$rtexit$$00000004           0x080001ce   Section        6  rtexit2.o(.ARM.Collect$$rtexit$$00000004)
    .text                                    0x080001d4   Section        0  main.o(.text)
    .text                                    0x080008d8   Section        0  stm32f10x_it.o(.text)
    .text                                    0x080008f4   Section        0  system_stm32f10x.o(.text)
    SetSysClockTo72                          0x080008f5   Thumb Code   214  system_stm32f10x.o(.text)
    SetSysClock                              0x080009cb   Thumb Code     8  system_stm32f10x.o(.text)
    .text                                    0x08000ad4   Section        0  lcd.o(.text)
    .text                                    0x08006360   Section        0  key.o(.text)
    .text                                    0x0800645c   Section        0  myiic.o(.text)
    .text                                    0x080066b4   Section        0  24cxx.o(.text)
    .text                                    0x08006830   Section        0  ctiic.o(.text)
    .text                                    0x08006a90   Section        0  ott2001a.o(.text)
    .text                                    0x08006dfc   Section        0  touch.o(.text)
    .text                                    0x08007a00   Section        0  timer.o(.text)
    .text                                    0x08007a98   Section        0  delay.o(.text)
    .text                                    0x08007b6c   Section        0  sys.o(.text)
    .text                                    0x08007b78   Section        0  usart.o(.text)
    .text                                    0x08007d7c   Section       64  startup_stm32f10x_hd.o(.text)
    .text                                    0x08007dbc   Section        0  stm32f10x_gpio.o(.text)
    .text                                    0x08008118   Section        0  stm32f10x_rcc.o(.text)
    .text                                    0x080084bc   Section        0  stm32f10x_usart.o(.text)
    .text                                    0x080088c4   Section        0  misc.o(.text)
    .text                                    0x080089a0   Section        0  stm32f10x_tim.o(.text)
    TI4_Config                               0x08008e47   Thumb Code   130  stm32f10x_tim.o(.text)
    TI3_Config                               0x08008edb   Thumb Code   122  stm32f10x_tim.o(.text)
    TI2_Config                               0x08008f6f   Thumb Code   130  stm32f10x_tim.o(.text)
    TI1_Config                               0x08009003   Thumb Code   108  stm32f10x_tim.o(.text)
    .text                                    0x080097ba   Section        2  use_no_semi_2.o(.text)
    .text                                    0x080097bc   Section        0  noretval__2printf.o(.text)
    .text                                    0x080097d4   Section        0  __printf.o(.text)
    .text                                    0x0800983c   Section        0  _printf_hex_int.o(.text)
    .text                                    0x08009894   Section        0  heapauxi.o(.text)
    .text                                    0x0800989a   Section        2  use_no_semi.o(.text)
    .text                                    0x0800989c   Section        0  _rserrno.o(.text)
    .text                                    0x080098b2   Section        0  _printf_intcommon.o(.text)
    .text                                    0x08009964   Section        0  _printf_char_file.o(.text)
    .text                                    0x08009988   Section        8  rt_errno_addr_intlibspace.o(.text)
    .text                                    0x08009990   Section        0  _printf_char_common.o(.text)
    _printf_input_char                       0x08009991   Thumb Code    10  _printf_char_common.o(.text)
    .text                                    0x080099c0   Section        0  ferror.o(.text)
    .text                                    0x080099c8   Section        8  libspace.o(.text)
    .text                                    0x080099d0   Section       74  sys_stackheap_outer.o(.text)
    .text                                    0x08009a1a   Section        0  exit.o(.text)
    i.sqrt                                   0x08009a26   Section        0  sqrt.o(i.sqrt)
    x$fpl$dadd                               0x08009a74   Section      336  daddsub_clz.o(x$fpl$dadd)
    _dadd1                                   0x08009a85   Thumb Code     0  daddsub_clz.o(x$fpl$dadd)
    x$fpl$dcmpinf                            0x08009bc4   Section       24  dcmpi.o(x$fpl$dcmpinf)
    x$fpl$dfixu                              0x08009bdc   Section       90  dfixu.o(x$fpl$dfixu)
    x$fpl$dflt                               0x08009c36   Section       46  dflt_clz.o(x$fpl$dflt)
    x$fpl$dfltu                              0x08009c64   Section       38  dflt_clz.o(x$fpl$dfltu)
    x$fpl$dleqf                              0x08009c8c   Section      120  dleqf.o(x$fpl$dleqf)
    x$fpl$dmul                               0x08009d04   Section      340  dmul.o(x$fpl$dmul)
    x$fpl$dnaninf                            0x08009e58   Section      156  dnaninf.o(x$fpl$dnaninf)
    x$fpl$dretinf                            0x08009ef4   Section       12  dretinf.o(x$fpl$dretinf)
    x$fpl$drleqf                             0x08009f00   Section      108  drleqf.o(x$fpl$drleqf)
    x$fpl$drsb                               0x08009f6c   Section       22  daddsub_clz.o(x$fpl$drsb)
    x$fpl$dsqrt                              0x08009f84   Section      460  dsqrt_noumaal.o(x$fpl$dsqrt)
    x$fpl$dsub                               0x0800a150   Section      468  daddsub_clz.o(x$fpl$dsub)
    _dsub1                                   0x0800a161   Thumb Code     0  daddsub_clz.o(x$fpl$dsub)
    x$fpl$f2d                                0x0800a324   Section       86  f2d.o(x$fpl$f2d)
    x$fpl$fadd                               0x0800a37c   Section      196  faddsub_clz.o(x$fpl$fadd)
    _fadd1                                   0x0800a38b   Thumb Code     0  faddsub_clz.o(x$fpl$fadd)
    x$fpl$fdiv                               0x0800a440   Section      388  fdiv.o(x$fpl$fdiv)
    _fdiv1                                   0x0800a441   Thumb Code     0  fdiv.o(x$fpl$fdiv)
    x$fpl$ffix                               0x0800a5c4   Section       54  ffix.o(x$fpl$ffix)
    x$fpl$ffixu                              0x0800a5fc   Section       62  ffixu.o(x$fpl$ffixu)
    x$fpl$fflt                               0x0800a63c   Section       48  fflt_clz.o(x$fpl$fflt)
    x$fpl$ffltu                              0x0800a66c   Section       38  fflt_clz.o(x$fpl$ffltu)
    x$fpl$fmul                               0x0800a694   Section      258  fmul.o(x$fpl$fmul)
    x$fpl$fnaninf                            0x0800a796   Section      140  fnaninf.o(x$fpl$fnaninf)
    x$fpl$fretinf                            0x0800a822   Section       10  fretinf.o(x$fpl$fretinf)
    x$fpl$fsub                               0x0800a82c   Section      234  faddsub_clz.o(x$fpl$fsub)
    _fsub1                                   0x0800a83b   Thumb Code     0  faddsub_clz.o(x$fpl$fsub)
    .constdata                               0x0800a916   Section       10  main.o(.constdata)
    x$fpl$usenofp                            0x0800a916   Section        0  usenofp.o(x$fpl$usenofp)
    .constdata                               0x0800a920   Section     6080  lcd.o(.constdata)
    .constdata                               0x0800c0e0   Section       10  ott2001a.o(.constdata)
    .constdata                               0x0800c0ea   Section       12  touch.o(.constdata)
    .constdata                               0x0800c0f6   Section       40  _printf_hex_int.o(.constdata)
    uc_hextab                                0x0800c0f6   Data          20  _printf_hex_int.o(.constdata)
    lc_hextab                                0x0800c10a   Data          20  _printf_hex_int.o(.constdata)
    .conststring                             0x0800c120   Section      121  touch.o(.conststring)
    .data                                    0x20000000   Section       20  system_stm32f10x.o(.data)
    .data                                    0x20000014   Section        4  lcd.o(.data)
    .data                                    0x20000018   Section        1  key.o(.data)
    key_up                                   0x20000018   Data           1  key.o(.data)
    .data                                    0x20000019   Section        1  ott2001a.o(.data)
    t                                        0x20000019   Data           1  ott2001a.o(.data)
    .data                                    0x2000001c   Section       60  touch.o(.data)
    .data                                    0x20000058   Section        1  timer.o(.data)
    .data                                    0x2000005a   Section        4  delay.o(.data)
    fac_us                                   0x2000005a   Data           1  delay.o(.data)
    fac_ms                                   0x2000005c   Data           2  delay.o(.data)
    .data                                    0x20000060   Section        5  usart.o(.data)
    .data                                    0x20000065   Section       20  stm32f10x_rcc.o(.data)
    APBAHBPrescTable                         0x20000065   Data          16  stm32f10x_rcc.o(.data)
    ADCPrescTable                            0x20000075   Data           4  stm32f10x_rcc.o(.data)
    .bss                                     0x2000007c   Section       14  lcd.o(.bss)
    .bss                                     0x2000008a   Section     2208  usart.o(.bss)
    .bss                                     0x2000092c   Section       96  libspace.o(.bss)
    HEAP                                     0x20000990   Section      512  startup_stm32f10x_hd.o(HEAP)
    Heap_Mem                                 0x20000990   Data         512  startup_stm32f10x_hd.o(HEAP)
    STACK                                    0x20000b90   Section     1024  startup_stm32f10x_hd.o(STACK)
    Stack_Mem                                0x20000b90   Data        1024  startup_stm32f10x_hd.o(STACK)
    __initial_sp                             0x20000f90   Data           0  startup_stm32f10x_hd.o(STACK)

    Global Symbols

    Symbol Name                              Value     Ov Type        Size  Object(Section)

    BuildAttributes$$THM_ISAv4$P$D$K$B$S$PE$A:L22UL41UL21$X:L11$S22US41US21$IEEE1$IW$USESV6$~STKCKD$USESV7$~SHL$OTIME$ROPI$IEEEJ$EBA8$UX$STANDARDLIB$REQ8$PRES8$EABIv2 0x00000000   Number         0  anon$$obj.o ABSOLUTE
    __ARM_use_no_argv                        0x00000000   Number         0  main.o ABSOLUTE
    __ARM_exceptions_init                     - Undefined Weak Reference
    __alloca_initialize                       - Undefined Weak Reference
    __cpp_initialize__aeabi_                  - Undefined Weak Reference
    __cxa_finalize                            - Undefined Weak Reference
    __rt_locale                               - Undefined Weak Reference
    __sigvec_lookup                           - Undefined Weak Reference
    _atexit_init                              - Undefined Weak Reference
    _call_atexit_fns                          - Undefined Weak Reference
    _clock_init                               - Undefined Weak Reference
    _fp_trap_init                             - Undefined Weak Reference
    _fp_trap_shutdown                         - Undefined Weak Reference
    _get_lc_collate                           - Undefined Weak Reference
    _get_lc_ctype                             - Undefined Weak Reference
    _get_lc_monetary                          - Undefined Weak Reference
    _get_lc_numeric                           - Undefined Weak Reference
    _get_lc_time                              - Undefined Weak Reference
    _getenv_init                              - Undefined Weak Reference
    _handle_redirection                       - Undefined Weak Reference
    _init_alloc                               - Undefined Weak Reference
    _init_user_alloc                          - Undefined Weak Reference
    _initio                                   - Undefined Weak Reference
    _mutex_acquire                            - Undefined Weak Reference
    _mutex_release                            - Undefined Weak Reference
    _printf_post_padding                      - Undefined Weak Reference
    _printf_pre_padding                       - Undefined Weak Reference
    _printf_truncate_unsigned                 - Undefined Weak Reference
    _rand_init                                - Undefined Weak Reference
    _signal_finish                            - Undefined Weak Reference
    _signal_init                              - Undefined Weak Reference
    _terminate_alloc                          - Undefined Weak Reference
    _terminate_user_alloc                     - Undefined Weak Reference
    _terminateio                              - Undefined Weak Reference
    __Vectors_Size                           0x00000130   Number         0  startup_stm32f10x_hd.o ABSOLUTE
    __Vectors                                0x08000000   Data           4  startup_stm32f10x_hd.o(RESET)
    __Vectors_End                            0x08000130   Data           0  startup_stm32f10x_hd.o(RESET)
    __main                                   0x08000131   Thumb Code     8  __main.o(!!!main)
    __scatterload                            0x08000139   Thumb Code     0  __scatter.o(!!!scatter)
    __scatterload_rt2                        0x08000139   Thumb Code    44  __scatter.o(!!!scatter)
    __scatterload_rt2_thumb_only             0x08000139   Thumb Code     0  __scatter.o(!!!scatter)
    __scatterload_null                       0x08000147   Thumb Code     0  __scatter.o(!!!scatter)
    __scatterload_copy                       0x0800016d   Thumb Code    26  __scatter_copy.o(!!handler_copy)
    __scatterload_zeroinit                   0x08000189   Thumb Code    28  __scatter_zi.o(!!handler_zi)
    _printf_percent                          0x080001a5   Thumb Code     0  _printf_percent.o(.ARM.Collect$$_printf_percent$$00000000)
    _printf_x                                0x080001a5   Thumb Code     0  _printf_x.o(.ARM.Collect$$_printf_percent$$0000000C)
    _printf_percent_end                      0x080001ab   Thumb Code     0  _printf_percent_end.o(.ARM.Collect$$_printf_percent$$00000017)
    __rt_lib_init                            0x080001af   Thumb Code     0  libinit.o(.ARM.Collect$$libinit$$00000000)
    __rt_lib_init_alloca_1                   0x080001b1   Thumb Code     0  libinit2.o(.ARM.Collect$$libinit$$0000002C)
    __rt_lib_init_argv_1                     0x080001b1   Thumb Code     0  libinit2.o(.ARM.Collect$$libinit$$0000002A)
    __rt_lib_init_atexit_1                   0x080001b1   Thumb Code     0  libinit2.o(.ARM.Collect$$libinit$$00000019)
    __rt_lib_init_clock_1                    0x080001b1   Thumb Code     0  libinit2.o(.ARM.Collect$$libinit$$0000001F)
    __rt_lib_init_cpp_1                      0x080001b1   Thumb Code     0  libinit2.o(.ARM.Collect$$libinit$$00000030)
    __rt_lib_init_exceptions_1               0x080001b1   Thumb Code     0  libinit2.o(.ARM.Collect$$libinit$$0000002E)
    __rt_lib_init_fp_1                       0x080001b1   Thumb Code     0  libinit2.o(.ARM.Collect$$libinit$$00000002)
    __rt_lib_init_fp_trap_1                  0x080001b1   Thumb Code     0  libinit2.o(.ARM.Collect$$libinit$$0000001D)
    __rt_lib_init_getenv_1                   0x080001b1   Thumb Code     0  libinit2.o(.ARM.Collect$$libinit$$00000021)
    __rt_lib_init_heap_1                     0x080001b1   Thumb Code     0  libinit2.o(.ARM.Collect$$libinit$$00000008)
    __rt_lib_init_lc_collate_1               0x080001b1   Thumb Code     0  libinit2.o(.ARM.Collect$$libinit$$0000000F)
    __rt_lib_init_lc_ctype_1                 0x080001b1   Thumb Code     0  libinit2.o(.ARM.Collect$$libinit$$00000011)
    __rt_lib_init_lc_monetary_1              0x080001b1   Thumb Code     0  libinit2.o(.ARM.Collect$$libinit$$00000013)
    __rt_lib_init_lc_numeric_1               0x080001b1   Thumb Code     0  libinit2.o(.ARM.Collect$$libinit$$00000015)
    __rt_lib_init_lc_time_1                  0x080001b1   Thumb Code     0  libinit2.o(.ARM.Collect$$libinit$$00000017)
    __rt_lib_init_rand_1                     0x080001b1   Thumb Code     0  libinit2.o(.ARM.Collect$$libinit$$0000000C)
    __rt_lib_init_return                     0x080001b1   Thumb Code     0  libinit2.o(.ARM.Collect$$libinit$$00000031)
    __rt_lib_init_signal_1                   0x080001b1   Thumb Code     0  libinit2.o(.ARM.Collect$$libinit$$0000001B)
    __rt_lib_init_stdio_1                    0x080001b1   Thumb Code     0  libinit2.o(.ARM.Collect$$libinit$$00000023)
    __rt_lib_init_user_alloc_1               0x080001b1   Thumb Code     0  libinit2.o(.ARM.Collect$$libinit$$0000000A)
    __rt_lib_shutdown                        0x080001b3   Thumb Code     0  libshutdown.o(.ARM.Collect$$libshutdown$$00000000)
    __rt_lib_shutdown_fp_trap_1              0x080001b5   Thumb Code     0  libshutdown2.o(.ARM.Collect$$libshutdown$$00000006)
    __rt_lib_shutdown_heap_1                 0x080001b5   Thumb Code     0  libshutdown2.o(.ARM.Collect$$libshutdown$$0000000E)
    __rt_lib_shutdown_return                 0x080001b5   Thumb Code     0  libshutdown2.o(.ARM.Collect$$libshutdown$$0000000F)
    __rt_lib_shutdown_signal_1               0x080001b5   Thumb Code     0  libshutdown2.o(.ARM.Collect$$libshutdown$$00000009)
    __rt_lib_shutdown_stdio_1                0x080001b5   Thumb Code     0  libshutdown2.o(.ARM.Collect$$libshutdown$$00000003)
    __rt_lib_shutdown_user_alloc_1           0x080001b5   Thumb Code     0  libshutdown2.o(.ARM.Collect$$libshutdown$$0000000B)
    __rt_entry                               0x080001b7   Thumb Code     0  rtentry.o(.ARM.Collect$$rtentry$$00000000)
    __rt_entry_presh_1                       0x080001b7   Thumb Code     0  rtentry2.o(.ARM.Collect$$rtentry$$00000002)
    __rt_entry_sh                            0x080001b7   Thumb Code     0  rtentry4.o(.ARM.Collect$$rtentry$$00000004)
    __rt_entry_li                            0x080001bd   Thumb Code     0  rtentry2.o(.ARM.Collect$$rtentry$$0000000A)
    __rt_entry_postsh_1                      0x080001bd   Thumb Code     0  rtentry2.o(.ARM.Collect$$rtentry$$00000009)
    __rt_entry_main                          0x080001c1   Thumb Code     0  rtentry2.o(.ARM.Collect$$rtentry$$0000000D)
    __rt_entry_postli_1                      0x080001c1   Thumb Code     0  rtentry2.o(.ARM.Collect$$rtentry$$0000000C)
    __rt_exit                                0x080001c9   Thumb Code     0  rtexit.o(.ARM.Collect$$rtexit$$00000000)
    __rt_exit_ls                             0x080001cb   Thumb Code     0  rtexit2.o(.ARM.Collect$$rtexit$$00000003)
    __rt_exit_prels_1                        0x080001cb   Thumb Code     0  rtexit2.o(.ARM.Collect$$rtexit$$00000002)
    __rt_exit_exit                           0x080001cf   Thumb Code     0  rtexit2.o(.ARM.Collect$$rtexit$$00000004)
    Load_Drow_Dialog                         0x080001d5   Thumb Code    52  main.o(.text)
    gui_draw_hline                           0x08000209   Thumb Code    36  main.o(.text)
    gui_fill_circle                          0x0800022d   Thumb Code   176  main.o(.text)
    my_abs                                   0x080002dd   Thumb Code    18  main.o(.text)
    lcd_draw_bline                           0x080002ef   Thumb Code   212  main.o(.text)
    rtp_test                                 0x080003c3   Thumb Code   164  main.o(.text)
    ctp_test                                 0x08000467   Thumb Code   276  main.o(.text)
    dspLine                                  0x0800057b   Thumb Code    64  main.o(.text)
    dipAll                                   0x080005bb   Thumb Code    74  main.o(.text)
    cpyArray                                 0x08000605   Thumb Code    22  main.o(.text)
    main                                     0x0800061b   Thumb Code   408  main.o(.text)
    NMI_Handler                              0x080008d9   Thumb Code     2  stm32f10x_it.o(.text)
    HardFault_Handler                        0x080008db   Thumb Code     4  stm32f10x_it.o(.text)
    MemManage_Handler                        0x080008df   Thumb Code     4  stm32f10x_it.o(.text)
    BusFault_Handler                         0x080008e3   Thumb Code     4  stm32f10x_it.o(.text)
    UsageFault_Handler                       0x080008e7   Thumb Code     4  stm32f10x_it.o(.text)
    SVC_Handler                              0x080008eb   Thumb Code     2  stm32f10x_it.o(.text)
    DebugMon_Handler                         0x080008ed   Thumb Code     2  stm32f10x_it.o(.text)
    PendSV_Handler                           0x080008ef   Thumb Code     2  stm32f10x_it.o(.text)
    SysTick_Handler                          0x080008f1   Thumb Code     2  stm32f10x_it.o(.text)
    SystemInit                               0x080009d3   Thumb Code    78  system_stm32f10x.o(.text)
    SystemCoreClockUpdate                    0x08000a21   Thumb Code   142  system_stm32f10x.o(.text)
    LCD_WR_REG                               0x08000ad5   Thumb Code    60  lcd.o(.text)
    LCD_WR_DATAX                             0x08000b11   Thumb Code    60  lcd.o(.text)
    LCD_RD_DATA                              0x08000b4d   Thumb Code   118  lcd.o(.text)
    LCD_WriteReg                             0x08000bc3   Thumb Code    68  lcd.o(.text)
    LCD_ReadReg                              0x08000c07   Thumb Code    16  lcd.o(.text)
    LCD_WriteRAM_Prepare                     0x08000c17   Thumb Code    12  lcd.o(.text)
    LCD_WriteRAM                             0x08000c23   Thumb Code    60  lcd.o(.text)
    LCD_BGR2RGB                              0x08000c5f   Thumb Code    26  lcd.o(.text)
    LCD_SetCursor                            0x08000c79   Thumb Code   860  lcd.o(.text)
    LCD_ReadPoint                            0x08000fd5   Thumb Code   464  lcd.o(.text)
    LCD_DisplayOn                            0x080011a5   Thumb Code    80  lcd.o(.text)
    LCD_DisplayOff                           0x080011f5   Thumb Code    78  lcd.o(.text)
    LCD_Scan_Dir                             0x08001243   Thumb Code  1504  lcd.o(.text)
    LCD_DrawPoint                            0x08001823   Thumb Code    76  lcd.o(.text)
    LCD_Fast_DrawPoint                       0x0800186f   Thumb Code   980  lcd.o(.text)
    LCD_Display_Dir                          0x08001c43   Thumb Code   420  lcd.o(.text)
    LCD_Set_Window                           0x08001de7   Thumb Code  1212  lcd.o(.text)
    LCD_Clear                                0x080022a3   Thumb Code   164  lcd.o(.text)
    LCD_Init                                 0x08002347   Thumb Code 14852  lcd.o(.text)
    LCD_Fill                                 0x08005d4b   Thumb Code   226  lcd.o(.text)
    LCD_Color_Fill                           0x08005e2d   Thumb Code   140  lcd.o(.text)
    LCD_DrawLine                             0x08005eb9   Thumb Code   176  lcd.o(.text)
    LCD_DrawRectangle                        0x08005f69   Thumb Code    80  lcd.o(.text)
    LCD_Draw_Circle                          0x08005fb9   Thumb Code   176  lcd.o(.text)
    LCD_ShowChar                             0x08006069   Thumb Code   272  lcd.o(.text)
    LCD_Pow                                  0x08006179   Thumb Code    22  lcd.o(.text)
    LCD_ShowNum                              0x0800618f   Thumb Code   148  lcd.o(.text)
    LCD_ShowxNum                             0x08006223   Thumb Code   190  lcd.o(.text)
    LCD_ShowString                           0x080062e1   Thumb Code   102  lcd.o(.text)
    KEY_Init                                 0x08006361   Thumb Code    82  key.o(.text)
    KEY_Scan                                 0x080063b3   Thumb Code   154  key.o(.text)
    IIC_Init                                 0x0800645d   Thumb Code    52  myiic.o(.text)
    IIC_Start                                0x08006491   Thumb Code    68  myiic.o(.text)
    IIC_Stop                                 0x080064d5   Thumb Code    62  myiic.o(.text)
    IIC_Wait_Ack                             0x08006513   Thumb Code    86  myiic.o(.text)
    IIC_Ack                                  0x08006569   Thumb Code    66  myiic.o(.text)
    IIC_NAck                                 0x080065ab   Thumb Code    66  myiic.o(.text)
    IIC_Send_Byte                            0x080065ed   Thumb Code    90  myiic.o(.text)
    IIC_Read_Byte                            0x08006647   Thumb Code    98  myiic.o(.text)
    AT24CXX_Init                             0x080066b5   Thumb Code     8  24cxx.o(.text)
    AT24CXX_ReadOneByte                      0x080066bd   Thumb Code    88  24cxx.o(.text)
    AT24CXX_WriteOneByte                     0x08006715   Thumb Code    80  24cxx.o(.text)
    AT24CXX_WriteLenByte                     0x08006765   Thumb Code    42  24cxx.o(.text)
    AT24CXX_ReadLenByte                      0x0800678f   Thumb Code    44  24cxx.o(.text)
    AT24CXX_Check                            0x080067bb   Thumb Code    46  24cxx.o(.text)
    AT24CXX_Read                             0x080067e9   Thumb Code    34  24cxx.o(.text)
    AT24CXX_Write                            0x0800680b   Thumb Code    36  24cxx.o(.text)
    CT_Delay                                 0x08006831   Thumb Code    10  ctiic.o(.text)
    CT_IIC_Init                              0x0800683b   Thumb Code    62  ctiic.o(.text)
    CT_IIC_Start                             0x08006879   Thumb Code    60  ctiic.o(.text)
    CT_IIC_Stop                              0x080068b5   Thumb Code    64  ctiic.o(.text)
    CT_IIC_Wait_Ack                          0x080068f5   Thumb Code    86  ctiic.o(.text)
    CT_IIC_Ack                               0x0800694b   Thumb Code    66  ctiic.o(.text)
    CT_IIC_NAck                              0x0800698d   Thumb Code    66  ctiic.o(.text)
    CT_IIC_Send_Byte                         0x080069cf   Thumb Code    82  ctiic.o(.text)
    CT_IIC_Read_Byte                         0x08006a21   Thumb Code    94  ctiic.o(.text)
    OTT2001A_WR_Reg                          0x08006a91   Thumb Code    92  ott2001a.o(.text)
    OTT2001A_RD_Reg                          0x08006aed   Thumb Code    98  ott2001a.o(.text)
    OTT2001A_SensorControl                   0x08006b4f   Thumb Code    28  ott2001a.o(.text)
    OTT2001A_Init                            0x08006b6b   Thumb Code   156  ott2001a.o(.text)
    CTP_Scan                                 0x08006c07   Thumb Code   446  ott2001a.o(.text)
    TP_Write_Byte                            0x08006dfd   Thumb Code    56  touch.o(.text)
    TP_Read_AD                               0x08006e35   Thumb Code   132  touch.o(.text)
    TP_Read_XOY                              0x08006eb9   Thumb Code   120  touch.o(.text)
    TP_Read_XY                               0x08006f31   Thumb Code    38  touch.o(.text)
    TP_Read_XY2                              0x08006f57   Thumb Code   192  touch.o(.text)
    TP_Drow_Touch_Point                      0x08007017   Thumb Code   108  touch.o(.text)
    TP_Draw_Big_Point                        0x08007083   Thumb Code    54  touch.o(.text)
    TP_Scan                                  0x080070b9   Thumb Code   264  touch.o(.text)
    TP_Save_Adjdata                          0x080071c1   Thumb Code   112  touch.o(.text)
    TP_Get_Adjdata                           0x08007231   Thumb Code   120  touch.o(.text)
    TP_Adj_Info_Show                         0x080072a9   Thumb Code   376  touch.o(.text)
    TP_Adjust                                0x08007421   Thumb Code  1246  touch.o(.text)
    TP_Init                                  0x080078ff   Thumb Code   170  touch.o(.text)
    TIM3_Int_Init                            0x08007a01   Thumb Code    90  timer.o(.text)
    TIM3_IRQHandler                          0x08007a5b   Thumb Code    52  timer.o(.text)
    delay_init                               0x08007a99   Thumb Code    50  delay.o(.text)
    delay_us                                 0x08007acb   Thumb Code    72  delay.o(.text)
    delay_ms                                 0x08007b13   Thumb Code    72  delay.o(.text)
    NVIC_Configuration                       0x08007b6d   Thumb Code    12  sys.o(.text)
    _sys_exit                                0x08007b79   Thumb Code     6  usart.o(.text)
    fputc                                    0x08007b7f   Thumb Code    24  usart.o(.text)
    uart_init                                0x08007b97   Thumb Code   158  usart.o(.text)
    USART1_IRQHandler                        0x08007c35   Thumb Code   306  usart.o(.text)
    Reset_Handler                            0x08007d7d   Thumb Code     8  startup_stm32f10x_hd.o(.text)
    ADC1_2_IRQHandler                        0x08007d97   Thumb Code     0  startup_stm32f10x_hd.o(.text)
    ADC3_IRQHandler                          0x08007d97   Thumb Code     0  startup_stm32f10x_hd.o(.text)
    CAN1_RX1_IRQHandler                      0x08007d97   Thumb Code     0  startup_stm32f10x_hd.o(.text)
    CAN1_SCE_IRQHandler                      0x08007d97   Thumb Code     0  startup_stm32f10x_hd.o(.text)
    DMA1_Channel1_IRQHandler                 0x08007d97   Thumb Code     0  startup_stm32f10x_hd.o(.text)
    DMA1_Channel2_IRQHandler                 0x08007d97   Thumb Code     0  startup_stm32f10x_hd.o(.text)
    DMA1_Channel3_IRQHandler                 0x08007d97   Thumb Code     0  startup_stm32f10x_hd.o(.text)
    DMA1_Channel4_IRQHandler                 0x08007d97   Thumb Code     0  startup_stm32f10x_hd.o(.text)
    DMA1_Channel5_IRQHandler                 0x08007d97   Thumb Code     0  startup_stm32f10x_hd.o(.text)
    DMA1_Channel6_IRQHandler                 0x08007d97   Thumb Code     0  startup_stm32f10x_hd.o(.text)
    DMA1_Channel7_IRQHandler                 0x08007d97   Thumb Code     0  startup_stm32f10x_hd.o(.text)
    DMA2_Channel1_IRQHandler                 0x08007d97   Thumb Code     0  startup_stm32f10x_hd.o(.text)
    DMA2_Channel2_IRQHandler                 0x08007d97   Thumb Code     0  startup_stm32f10x_hd.o(.text)
    DMA2_Channel3_IRQHandler                 0x08007d97   Thumb Code     0  startup_stm32f10x_hd.o(.text)
    DMA2_Channel4_5_IRQHandler               0x08007d97   Thumb Code     0  startup_stm32f10x_hd.o(.text)
    EXTI0_IRQHandler                         0x08007d97   Thumb Code     0  startup_stm32f10x_hd.o(.text)
    EXTI15_10_IRQHandler                     0x08007d97   Thumb Code     0  startup_stm32f10x_hd.o(.text)
    EXTI1_IRQHandler                         0x08007d97   Thumb Code     0  startup_stm32f10x_hd.o(.text)
    EXTI2_IRQHandler                         0x08007d97   Thumb Code     0  startup_stm32f10x_hd.o(.text)
    EXTI3_IRQHandler                         0x08007d97   Thumb Code     0  startup_stm32f10x_hd.o(.text)
    EXTI4_IRQHandler                         0x08007d97   Thumb Code     0  startup_stm32f10x_hd.o(.text)
    EXTI9_5_IRQHandler                       0x08007d97   Thumb Code     0  startup_stm32f10x_hd.o(.text)
    FLASH_IRQHandler                         0x08007d97   Thumb Code     0  startup_stm32f10x_hd.o(.text)
    FSMC_IRQHandler                          0x08007d97   Thumb Code     0  startup_stm32f10x_hd.o(.text)
    I2C1_ER_IRQHandler                       0x08007d97   Thumb Code     0  startup_stm32f10x_hd.o(.text)
    I2C1_EV_IRQHandler                       0x08007d97   Thumb Code     0  startup_stm32f10x_hd.o(.text)
    I2C2_ER_IRQHandler                       0x08007d97   Thumb Code     0  startup_stm32f10x_hd.o(.text)
    I2C2_EV_IRQHandler                       0x08007d97   Thumb Code     0  startup_stm32f10x_hd.o(.text)
    PVD_IRQHandler                           0x08007d97   Thumb Code     0  startup_stm32f10x_hd.o(.text)
    RCC_IRQHandler                           0x08007d97   Thumb Code     0  startup_stm32f10x_hd.o(.text)
    RTCAlarm_IRQHandler                      0x08007d97   Thumb Code     0  startup_stm32f10x_hd.o(.text)
    RTC_IRQHandler                           0x08007d97   Thumb Code     0  startup_stm32f10x_hd.o(.text)
    SDIO_IRQHandler                          0x08007d97   Thumb Code     0  startup_stm32f10x_hd.o(.text)
    SPI1_IRQHandler                          0x08007d97   Thumb Code     0  startup_stm32f10x_hd.o(.text)
    SPI2_IRQHandler                          0x08007d97   Thumb Code     0  startup_stm32f10x_hd.o(.text)
    SPI3_IRQHandler                          0x08007d97   Thumb Code     0  startup_stm32f10x_hd.o(.text)
    TAMPER_IRQHandler                        0x08007d97   Thumb Code     0  startup_stm32f10x_hd.o(.text)
    TIM1_BRK_IRQHandler                      0x08007d97   Thumb Code     0  startup_stm32f10x_hd.o(.text)
    TIM1_CC_IRQHandler                       0x08007d97   Thumb Code     0  startup_stm32f10x_hd.o(.text)
    TIM1_TRG_COM_IRQHandler                  0x08007d97   Thumb Code     0  startup_stm32f10x_hd.o(.text)
    TIM1_UP_IRQHandler                       0x08007d97   Thumb Code     0  startup_stm32f10x_hd.o(.text)
    TIM2_IRQHandler                          0x08007d97   Thumb Code     0  startup_stm32f10x_hd.o(.text)
    TIM4_IRQHandler                          0x08007d97   Thumb Code     0  startup_stm32f10x_hd.o(.text)
    TIM5_IRQHandler                          0x08007d97   Thumb Code     0  startup_stm32f10x_hd.o(.text)
    TIM6_IRQHandler                          0x08007d97   Thumb Code     0  startup_stm32f10x_hd.o(.text)
    TIM7_IRQHandler                          0x08007d97   Thumb Code     0  startup_stm32f10x_hd.o(.text)
    TIM8_BRK_IRQHandler                      0x08007d97   Thumb Code     0  startup_stm32f10x_hd.o(.text)
    TIM8_CC_IRQHandler                       0x08007d97   Thumb Code     0  startup_stm32f10x_hd.o(.text)
    TIM8_TRG_COM_IRQHandler                  0x08007d97   Thumb Code     0  startup_stm32f10x_hd.o(.text)
    TIM8_UP_IRQHandler                       0x08007d97   Thumb Code     0  startup_stm32f10x_hd.o(.text)
    UART4_IRQHandler                         0x08007d97   Thumb Code     0  startup_stm32f10x_hd.o(.text)
    UART5_IRQHandler                         0x08007d97   Thumb Code     0  startup_stm32f10x_hd.o(.text)
    USART2_IRQHandler                        0x08007d97   Thumb Code     0  startup_stm32f10x_hd.o(.text)
    USART3_IRQHandler                        0x08007d97   Thumb Code     0  startup_stm32f10x_hd.o(.text)
    USBWakeUp_IRQHandler                     0x08007d97   Thumb Code     0  startup_stm32f10x_hd.o(.text)
    USB_HP_CAN1_TX_IRQHandler                0x08007d97   Thumb Code     0  startup_stm32f10x_hd.o(.text)
    USB_LP_CAN1_RX0_IRQHandler               0x08007d97   Thumb Code     0  startup_stm32f10x_hd.o(.text)
    WWDG_IRQHandler                          0x08007d97   Thumb Code     0  startup_stm32f10x_hd.o(.text)
    __user_initial_stackheap                 0x08007d99   Thumb Code     0  startup_stm32f10x_hd.o(.text)
    GPIO_DeInit                              0x08007dbd   Thumb Code   172  stm32f10x_gpio.o(.text)
    GPIO_AFIODeInit                          0x08007e69   Thumb Code    20  stm32f10x_gpio.o(.text)
    GPIO_Init                                0x08007e7d   Thumb Code   278  stm32f10x_gpio.o(.text)
    GPIO_StructInit                          0x08007f93   Thumb Code    16  stm32f10x_gpio.o(.text)
    GPIO_ReadInputDataBit                    0x08007fa3   Thumb Code    18  stm32f10x_gpio.o(.text)
    GPIO_ReadInputData                       0x08007fb5   Thumb Code     8  stm32f10x_gpio.o(.text)
    GPIO_ReadOutputDataBit                   0x08007fbd   Thumb Code    18  stm32f10x_gpio.o(.text)
    GPIO_ReadOutputData                      0x08007fcf   Thumb Code     8  stm32f10x_gpio.o(.text)
    GPIO_SetBits                             0x08007fd7   Thumb Code     4  stm32f10x_gpio.o(.text)
    GPIO_ResetBits                           0x08007fdb   Thumb Code     4  stm32f10x_gpio.o(.text)
    GPIO_WriteBit                            0x08007fdf   Thumb Code    10  stm32f10x_gpio.o(.text)
    GPIO_Write                               0x08007fe9   Thumb Code     4  stm32f10x_gpio.o(.text)
    GPIO_PinLockConfig                       0x08007fed   Thumb Code    18  stm32f10x_gpio.o(.text)
    GPIO_EventOutputConfig                   0x08007fff   Thumb Code    26  stm32f10x_gpio.o(.text)
    GPIO_EventOutputCmd                      0x08008019   Thumb Code     6  stm32f10x_gpio.o(.text)
    GPIO_PinRemapConfig                      0x0800801f   Thumb Code   138  stm32f10x_gpio.o(.text)
    GPIO_EXTILineConfig                      0x080080a9   Thumb Code    66  stm32f10x_gpio.o(.text)
    GPIO_ETH_MediaInterfaceConfig            0x080080eb   Thumb Code     8  stm32f10x_gpio.o(.text)
    RCC_DeInit                               0x08008119   Thumb Code    64  stm32f10x_rcc.o(.text)
    RCC_HSEConfig                            0x08008159   Thumb Code    70  stm32f10x_rcc.o(.text)
    RCC_GetFlagStatus                        0x0800819f   Thumb Code    56  stm32f10x_rcc.o(.text)
    RCC_WaitForHSEStartUp                    0x080081d7   Thumb Code    56  stm32f10x_rcc.o(.text)
    RCC_AdjustHSICalibrationValue            0x0800820f   Thumb Code    20  stm32f10x_rcc.o(.text)
    RCC_HSICmd                               0x08008223   Thumb Code     6  stm32f10x_rcc.o(.text)
    RCC_PLLConfig                            0x08008229   Thumb Code    24  stm32f10x_rcc.o(.text)
    RCC_PLLCmd                               0x08008241   Thumb Code     6  stm32f10x_rcc.o(.text)
    RCC_SYSCLKConfig                         0x08008247   Thumb Code    18  stm32f10x_rcc.o(.text)
    RCC_GetSYSCLKSource                      0x08008259   Thumb Code    10  stm32f10x_rcc.o(.text)
    RCC_HCLKConfig                           0x08008263   Thumb Code    18  stm32f10x_rcc.o(.text)
    RCC_PCLK1Config                          0x08008275   Thumb Code    18  stm32f10x_rcc.o(.text)
    RCC_PCLK2Config                          0x08008287   Thumb Code    20  stm32f10x_rcc.o(.text)
    RCC_ITConfig                             0x0800829b   Thumb Code    26  stm32f10x_rcc.o(.text)
    RCC_USBCLKConfig                         0x080082b5   Thumb Code     8  stm32f10x_rcc.o(.text)
    RCC_ADCCLKConfig                         0x080082bd   Thumb Code    18  stm32f10x_rcc.o(.text)
    RCC_LSEConfig                            0x080082cf   Thumb Code    50  stm32f10x_rcc.o(.text)
    RCC_LSICmd                               0x08008301   Thumb Code     6  stm32f10x_rcc.o(.text)
    RCC_RTCCLKConfig                         0x08008307   Thumb Code    12  stm32f10x_rcc.o(.text)
    RCC_RTCCLKCmd                            0x08008313   Thumb Code     8  stm32f10x_rcc.o(.text)
    RCC_GetClocksFreq                        0x0800831b   Thumb Code   192  stm32f10x_rcc.o(.text)
    RCC_AHBPeriphClockCmd                    0x080083db   Thumb Code    26  stm32f10x_rcc.o(.text)
    RCC_APB2PeriphClockCmd                   0x080083f5   Thumb Code    26  stm32f10x_rcc.o(.text)
    RCC_APB1PeriphClockCmd                   0x0800840f   Thumb Code    26  stm32f10x_rcc.o(.text)
    RCC_APB2PeriphResetCmd                   0x08008429   Thumb Code    26  stm32f10x_rcc.o(.text)
    RCC_APB1PeriphResetCmd                   0x08008443   Thumb Code    26  stm32f10x_rcc.o(.text)
    RCC_BackupResetCmd                       0x0800845d   Thumb Code     8  stm32f10x_rcc.o(.text)
    RCC_ClockSecuritySystemCmd               0x08008465   Thumb Code     6  stm32f10x_rcc.o(.text)
    RCC_MCOConfig                            0x0800846b   Thumb Code     6  stm32f10x_rcc.o(.text)
    RCC_ClearFlag                            0x08008471   Thumb Code    14  stm32f10x_rcc.o(.text)
    RCC_GetITStatus                          0x0800847f   Thumb Code    20  stm32f10x_rcc.o(.text)
    RCC_ClearITPendingBit                    0x08008493   Thumb Code     6  stm32f10x_rcc.o(.text)
    USART_DeInit                             0x080084bd   Thumb Code   134  stm32f10x_usart.o(.text)
    USART_Init                               0x08008543   Thumb Code   210  stm32f10x_usart.o(.text)
    USART_StructInit                         0x08008615   Thumb Code    24  stm32f10x_usart.o(.text)
    USART_ClockInit                          0x0800862d   Thumb Code    34  stm32f10x_usart.o(.text)
    USART_ClockStructInit                    0x0800864f   Thumb Code    12  stm32f10x_usart.o(.text)
    USART_Cmd                                0x0800865b   Thumb Code    24  stm32f10x_usart.o(.text)
    USART_ITConfig                           0x08008673   Thumb Code    74  stm32f10x_usart.o(.text)
    USART_DMACmd                             0x080086bd   Thumb Code    18  stm32f10x_usart.o(.text)
    USART_SetAddress                         0x080086cf   Thumb Code    18  stm32f10x_usart.o(.text)
    USART_WakeUpConfig                       0x080086e1   Thumb Code    18  stm32f10x_usart.o(.text)
    USART_ReceiverWakeUpCmd                  0x080086f3   Thumb Code    24  stm32f10x_usart.o(.text)
    USART_LINBreakDetectLengthConfig         0x0800870b   Thumb Code    18  stm32f10x_usart.o(.text)
    USART_LINCmd                             0x0800871d   Thumb Code    24  stm32f10x_usart.o(.text)
    USART_SendData                           0x08008735   Thumb Code     8  stm32f10x_usart.o(.text)
    USART_ReceiveData                        0x0800873d   Thumb Code    10  stm32f10x_usart.o(.text)
    USART_SendBreak                          0x08008747   Thumb Code    10  stm32f10x_usart.o(.text)
    USART_SetGuardTime                       0x08008751   Thumb Code    16  stm32f10x_usart.o(.text)
    USART_SetPrescaler                       0x08008761   Thumb Code    16  stm32f10x_usart.o(.text)
    USART_SmartCardCmd                       0x08008771   Thumb Code    24  stm32f10x_usart.o(.text)
    USART_SmartCardNACKCmd                   0x08008789   Thumb Code    24  stm32f10x_usart.o(.text)
    USART_HalfDuplexCmd                      0x080087a1   Thumb Code    24  stm32f10x_usart.o(.text)
    USART_OverSampling8Cmd                   0x080087b9   Thumb Code    22  stm32f10x_usart.o(.text)
    USART_OneBitMethodCmd                    0x080087cf   Thumb Code    24  stm32f10x_usart.o(.text)
    USART_IrDAConfig                         0x080087e7   Thumb Code    18  stm32f10x_usart.o(.text)
    USART_IrDACmd                            0x080087f9   Thumb Code    24  stm32f10x_usart.o(.text)
    USART_GetFlagStatus                      0x08008811   Thumb Code    26  stm32f10x_usart.o(.text)
    USART_ClearFlag                          0x0800882b   Thumb Code    18  stm32f10x_usart.o(.text)
    USART_GetITStatus                        0x0800883d   Thumb Code    84  stm32f10x_usart.o(.text)
    USART_ClearITPendingBit                  0x08008891   Thumb Code    52  stm32f10x_usart.o(.text)
    NVIC_PriorityGroupConfig                 0x080088c5   Thumb Code    10  misc.o(.text)
    NVIC_Init                                0x080088cf   Thumb Code   100  misc.o(.text)
    NVIC_SetVectorTable                      0x08008933   Thumb Code    14  misc.o(.text)
    NVIC_SystemLPConfig                      0x08008941   Thumb Code    34  misc.o(.text)
    SysTick_CLKSourceConfig                  0x08008963   Thumb Code    40  misc.o(.text)
    TIM_DeInit                               0x080089a1   Thumb Code   424  stm32f10x_tim.o(.text)
    TIM_TimeBaseInit                         0x08008b49   Thumb Code   122  stm32f10x_tim.o(.text)
    TIM_OC1Init                              0x08008bc3   Thumb Code   132  stm32f10x_tim.o(.text)
    TIM_OC2Init                              0x08008c47   Thumb Code   154  stm32f10x_tim.o(.text)
    TIM_OC3Init                              0x08008ce1   Thumb Code   150  stm32f10x_tim.o(.text)
    TIM_OC4Init                              0x08008d77   Thumb Code   182  stm32f10x_tim.o(.text)
    TIM_SetIC4Prescaler                      0x08008e2d   Thumb Code    26  stm32f10x_tim.o(.text)
    TIM_SetIC3Prescaler                      0x08008ec9   Thumb Code    18  stm32f10x_tim.o(.text)
    TIM_SetIC2Prescaler                      0x08008f55   Thumb Code    26  stm32f10x_tim.o(.text)
    TIM_SetIC1Prescaler                      0x08008ff1   Thumb Code    18  stm32f10x_tim.o(.text)
    TIM_ICInit                               0x0800906f   Thumb Code   150  stm32f10x_tim.o(.text)
    TIM_PWMIConfig                           0x08009105   Thumb Code   124  stm32f10x_tim.o(.text)
    TIM_BDTRConfig                           0x08009181   Thumb Code    32  stm32f10x_tim.o(.text)
    TIM_TimeBaseStructInit                   0x080091a1   Thumb Code    18  stm32f10x_tim.o(.text)
    TIM_OCStructInit                         0x080091b3   Thumb Code    20  stm32f10x_tim.o(.text)
    TIM_ICStructInit                         0x080091c7   Thumb Code    18  stm32f10x_tim.o(.text)
    TIM_BDTRStructInit                       0x080091d9   Thumb Code    40  stm32f10x_tim.o(.text)
    TIM_Cmd                                  0x08009201   Thumb Code    24  stm32f10x_tim.o(.text)
    TIM_CtrlPWMOutputs                       0x08009219   Thumb Code    30  stm32f10x_tim.o(.text)
    TIM_ITConfig                             0x08009237   Thumb Code    18  stm32f10x_tim.o(.text)
    TIM_GenerateEvent                        0x08009249   Thumb Code     4  stm32f10x_tim.o(.text)
    TIM_DMAConfig                            0x0800924d   Thumb Code    10  stm32f10x_tim.o(.text)
    TIM_DMACmd                               0x08009257   Thumb Code    18  stm32f10x_tim.o(.text)
    TIM_InternalClockConfig                  0x08009269   Thumb Code    12  stm32f10x_tim.o(.text)
    TIM_SelectInputTrigger                   0x08009275   Thumb Code    18  stm32f10x_tim.o(.text)
    TIM_ITRxExternalClockConfig              0x08009287   Thumb Code    24  stm32f10x_tim.o(.text)
    TIM_TIxExternalClockConfig               0x0800929f   Thumb Code    62  stm32f10x_tim.o(.text)
    TIM_ETRConfig                            0x080092dd   Thumb Code    28  stm32f10x_tim.o(.text)
    TIM_ETRClockMode1Config                  0x080092f9   Thumb Code    54  stm32f10x_tim.o(.text)
    TIM_ETRClockMode2Config                  0x0800932f   Thumb Code    32  stm32f10x_tim.o(.text)
    TIM_PrescalerConfig                      0x0800934f   Thumb Code     6  stm32f10x_tim.o(.text)
    TIM_CounterModeConfig                    0x08009355   Thumb Code    18  stm32f10x_tim.o(.text)
    TIM_EncoderInterfaceConfig               0x08009367   Thumb Code    66  stm32f10x_tim.o(.text)
    TIM_ForcedOC1Config                      0x080093a9   Thumb Code    18  stm32f10x_tim.o(.text)
    TIM_ForcedOC2Config                      0x080093bb   Thumb Code    26  stm32f10x_tim.o(.text)
    TIM_ForcedOC3Config                      0x080093d5   Thumb Code    18  stm32f10x_tim.o(.text)
    TIM_ForcedOC4Config                      0x080093e7   Thumb Code    26  stm32f10x_tim.o(.text)
    TIM_ARRPreloadConfig                     0x08009401   Thumb Code    24  stm32f10x_tim.o(.text)
    TIM_SelectCOM                            0x08009419   Thumb Code    24  stm32f10x_tim.o(.text)
    TIM_SelectCCDMA                          0x08009431   Thumb Code    24  stm32f10x_tim.o(.text)
    TIM_CCPreloadControl                     0x08009449   Thumb Code    24  stm32f10x_tim.o(.text)
    TIM_OC1PreloadConfig                     0x08009461   Thumb Code    18  stm32f10x_tim.o(.text)
    TIM_OC2PreloadConfig                     0x08009473   Thumb Code    26  stm32f10x_tim.o(.text)
    TIM_OC3PreloadConfig                     0x0800948d   Thumb Code    18  stm32f10x_tim.o(.text)
    TIM_OC4PreloadConfig                     0x0800949f   Thumb Code    26  stm32f10x_tim.o(.text)
    TIM_OC1FastConfig                        0x080094b9   Thumb Code    18  stm32f10x_tim.o(.text)
    TIM_OC2FastConfig                        0x080094cb   Thumb Code    26  stm32f10x_tim.o(.text)
    TIM_OC3FastConfig                        0x080094e5   Thumb Code    18  stm32f10x_tim.o(.text)
    TIM_OC4FastConfig                        0x080094f7   Thumb Code    26  stm32f10x_tim.o(.text)
    TIM_ClearOC1Ref                          0x08009511   Thumb Code    18  stm32f10x_tim.o(.text)
    TIM_ClearOC2Ref                          0x08009523   Thumb Code    24  stm32f10x_tim.o(.text)
    TIM_ClearOC3Ref                          0x0800953b   Thumb Code    18  stm32f10x_tim.o(.text)
    TIM_ClearOC4Ref                          0x0800954d   Thumb Code    24  stm32f10x_tim.o(.text)
    TIM_OC1PolarityConfig                    0x08009565   Thumb Code    18  stm32f10x_tim.o(.text)
    TIM_OC1NPolarityConfig                   0x08009577   Thumb Code    18  stm32f10x_tim.o(.text)
    TIM_OC2PolarityConfig                    0x08009589   Thumb Code    26  stm32f10x_tim.o(.text)
    TIM_OC2NPolarityConfig                   0x080095a3   Thumb Code    26  stm32f10x_tim.o(.text)
    TIM_OC3PolarityConfig                    0x080095bd   Thumb Code    26  stm32f10x_tim.o(.text)
    TIM_OC3NPolarityConfig                   0x080095d7   Thumb Code    26  stm32f10x_tim.o(.text)
    TIM_OC4PolarityConfig                    0x080095f1   Thumb Code    26  stm32f10x_tim.o(.text)
    TIM_CCxCmd                               0x0800960b   Thumb Code    30  stm32f10x_tim.o(.text)
    TIM_CCxNCmd                              0x08009629   Thumb Code    30  stm32f10x_tim.o(.text)
    TIM_SelectOCxM                           0x08009647   Thumb Code    82  stm32f10x_tim.o(.text)
    TIM_UpdateDisableConfig                  0x08009699   Thumb Code    24  stm32f10x_tim.o(.text)
    TIM_UpdateRequestConfig                  0x080096b1   Thumb Code    24  stm32f10x_tim.o(.text)
    TIM_SelectHallSensor                     0x080096c9   Thumb Code    24  stm32f10x_tim.o(.text)
    TIM_SelectOnePulseMode                   0x080096e1   Thumb Code    18  stm32f10x_tim.o(.text)
    TIM_SelectOutputTrigger                  0x080096f3   Thumb Code    18  stm32f10x_tim.o(.text)
    TIM_SelectSlaveMode                      0x08009705   Thumb Code    18  stm32f10x_tim.o(.text)
    TIM_SelectMasterSlaveMode                0x08009717   Thumb Code    18  stm32f10x_tim.o(.text)
    TIM_SetCounter                           0x08009729   Thumb Code     4  stm32f10x_tim.o(.text)
    TIM_SetAutoreload                        0x0800972d   Thumb Code     4  stm32f10x_tim.o(.text)
    TIM_SetCompare1                          0x08009731   Thumb Code     4  stm32f10x_tim.o(.text)
    TIM_SetCompare2                          0x08009735   Thumb Code     4  stm32f10x_tim.o(.text)
    TIM_SetCompare3                          0x08009739   Thumb Code     4  stm32f10x_tim.o(.text)
    TIM_SetCompare4                          0x0800973d   Thumb Code     6  stm32f10x_tim.o(.text)
    TIM_SetClockDivision                     0x08009743   Thumb Code    18  stm32f10x_tim.o(.text)
    TIM_GetCapture1                          0x08009755   Thumb Code     6  stm32f10x_tim.o(.text)
    TIM_GetCapture2                          0x0800975b   Thumb Code     6  stm32f10x_tim.o(.text)
    TIM_GetCapture3                          0x08009761   Thumb Code     6  stm32f10x_tim.o(.text)
    TIM_GetCapture4                          0x08009767   Thumb Code     8  stm32f10x_tim.o(.text)
    TIM_GetCounter                           0x0800976f   Thumb Code     6  stm32f10x_tim.o(.text)
    TIM_GetPrescaler                         0x08009775   Thumb Code     6  stm32f10x_tim.o(.text)
    TIM_GetFlagStatus                        0x0800977b   Thumb Code    18  stm32f10x_tim.o(.text)
    TIM_ClearFlag                            0x0800978d   Thumb Code     6  stm32f10x_tim.o(.text)
    TIM_GetITStatus                          0x08009793   Thumb Code    34  stm32f10x_tim.o(.text)
    TIM_ClearITPendingBit                    0x080097b5   Thumb Code     6  stm32f10x_tim.o(.text)
    __use_no_semihosting                     0x080097bb   Thumb Code     2  use_no_semi_2.o(.text)
    __2printf                                0x080097bd   Thumb Code    20  noretval__2printf.o(.text)
    __printf                                 0x080097d5   Thumb Code   104  __printf.o(.text)
    _printf_int_hex                          0x0800983d   Thumb Code    84  _printf_hex_int.o(.text)
    _printf_longlong_hex                     0x0800983d   Thumb Code     0  _printf_hex_int.o(.text)
    __use_two_region_memory                  0x08009895   Thumb Code     2  heapauxi.o(.text)
    __rt_heap_escrow$2region                 0x08009897   Thumb Code     2  heapauxi.o(.text)
    __rt_heap_expand$2region                 0x08009899   Thumb Code     2  heapauxi.o(.text)
    __I$use$semihosting                      0x0800989b   Thumb Code     0  use_no_semi.o(.text)
    __use_no_semihosting_swi                 0x0800989b   Thumb Code     2  use_no_semi.o(.text)
    __read_errno                             0x0800989d   Thumb Code    10  _rserrno.o(.text)
    __set_errno                              0x080098a7   Thumb Code    12  _rserrno.o(.text)
    _printf_int_common                       0x080098b3   Thumb Code   178  _printf_intcommon.o(.text)
    _printf_char_file                        0x08009965   Thumb Code    32  _printf_char_file.o(.text)
    __aeabi_errno_addr                       0x08009989   Thumb Code     8  rt_errno_addr_intlibspace.o(.text)
    __errno$intlibspace                      0x08009989   Thumb Code     0  rt_errno_addr_intlibspace.o(.text)
    __rt_errno_addr$intlibspace              0x08009989   Thumb Code     0  rt_errno_addr_intlibspace.o(.text)
    _printf_char_common                      0x0800999b   Thumb Code    32  _printf_char_common.o(.text)
    ferror                                   0x080099c1   Thumb Code     8  ferror.o(.text)
    __user_libspace                          0x080099c9   Thumb Code     8  libspace.o(.text)
    __user_perproc_libspace                  0x080099c9   Thumb Code     0  libspace.o(.text)
    __user_perthread_libspace                0x080099c9   Thumb Code     0  libspace.o(.text)
    __user_setup_stackheap                   0x080099d1   Thumb Code    74  sys_stackheap_outer.o(.text)
    exit                                     0x08009a1b   Thumb Code    12  exit.o(.text)
    sqrt                                     0x08009a27   Thumb Code    76  sqrt.o(i.sqrt)
    __aeabi_dadd                             0x08009a75   Thumb Code     0  daddsub_clz.o(x$fpl$dadd)
    _dadd                                    0x08009a75   Thumb Code   332  daddsub_clz.o(x$fpl$dadd)
    __fpl_dcmp_Inf                           0x08009bc5   Thumb Code    24  dcmpi.o(x$fpl$dcmpinf)
    __aeabi_d2uiz                            0x08009bdd   Thumb Code     0  dfixu.o(x$fpl$dfixu)
    _dfixu                                   0x08009bdd   Thumb Code    90  dfixu.o(x$fpl$dfixu)
    __aeabi_i2d                              0x08009c37   Thumb Code     0  dflt_clz.o(x$fpl$dflt)
    _dflt                                    0x08009c37   Thumb Code    46  dflt_clz.o(x$fpl$dflt)
    __aeabi_ui2d                             0x08009c65   Thumb Code     0  dflt_clz.o(x$fpl$dfltu)
    _dfltu                                   0x08009c65   Thumb Code    38  dflt_clz.o(x$fpl$dfltu)
    __aeabi_cdcmple                          0x08009c8d   Thumb Code     0  dleqf.o(x$fpl$dleqf)
    _dcmple                                  0x08009c8d   Thumb Code   120  dleqf.o(x$fpl$dleqf)
    __fpl_dcmple_InfNaN                      0x08009cef   Thumb Code     0  dleqf.o(x$fpl$dleqf)
    __aeabi_dmul                             0x08009d05   Thumb Code     0  dmul.o(x$fpl$dmul)
    _dmul                                    0x08009d05   Thumb Code   332  dmul.o(x$fpl$dmul)
    __fpl_dnaninf                            0x08009e59   Thumb Code   156  dnaninf.o(x$fpl$dnaninf)
    __fpl_dretinf                            0x08009ef5   Thumb Code    12  dretinf.o(x$fpl$dretinf)
    __aeabi_cdrcmple                         0x08009f01   Thumb Code     0  drleqf.o(x$fpl$drleqf)
    _drcmple                                 0x08009f01   Thumb Code   108  drleqf.o(x$fpl$drleqf)
    __aeabi_drsub                            0x08009f6d   Thumb Code     0  daddsub_clz.o(x$fpl$drsb)
    _drsb                                    0x08009f6d   Thumb Code    22  daddsub_clz.o(x$fpl$drsb)
    _dsqrt                                   0x08009f85   Thumb Code   456  dsqrt_noumaal.o(x$fpl$dsqrt)
    __aeabi_dsub                             0x0800a151   Thumb Code     0  daddsub_clz.o(x$fpl$dsub)
    _dsub                                    0x0800a151   Thumb Code   464  daddsub_clz.o(x$fpl$dsub)
    __aeabi_f2d                              0x0800a325   Thumb Code     0  f2d.o(x$fpl$f2d)
    _f2d                                     0x0800a325   Thumb Code    86  f2d.o(x$fpl$f2d)
    __aeabi_fadd                             0x0800a37d   Thumb Code     0  faddsub_clz.o(x$fpl$fadd)
    _fadd                                    0x0800a37d   Thumb Code   196  faddsub_clz.o(x$fpl$fadd)
    __aeabi_fdiv                             0x0800a441   Thumb Code     0  fdiv.o(x$fpl$fdiv)
    _fdiv                                    0x0800a441   Thumb Code   384  fdiv.o(x$fpl$fdiv)
    __aeabi_f2iz                             0x0800a5c5   Thumb Code     0  ffix.o(x$fpl$ffix)
    _ffix                                    0x0800a5c5   Thumb Code    54  ffix.o(x$fpl$ffix)
    __aeabi_f2uiz                            0x0800a5fd   Thumb Code     0  ffixu.o(x$fpl$ffixu)
    _ffixu                                   0x0800a5fd   Thumb Code    62  ffixu.o(x$fpl$ffixu)
    __aeabi_i2f                              0x0800a63d   Thumb Code     0  fflt_clz.o(x$fpl$fflt)
    _fflt                                    0x0800a63d   Thumb Code    48  fflt_clz.o(x$fpl$fflt)
    __aeabi_ui2f                             0x0800a66d   Thumb Code     0  fflt_clz.o(x$fpl$ffltu)
    _ffltu                                   0x0800a66d   Thumb Code    38  fflt_clz.o(x$fpl$ffltu)
    __aeabi_fmul                             0x0800a695   Thumb Code     0  fmul.o(x$fpl$fmul)
    _fmul                                    0x0800a695   Thumb Code   258  fmul.o(x$fpl$fmul)
    __fpl_fnaninf                            0x0800a797   Thumb Code   140  fnaninf.o(x$fpl$fnaninf)
    __fpl_fretinf                            0x0800a823   Thumb Code    10  fretinf.o(x$fpl$fretinf)
    __aeabi_fsub                             0x0800a82d   Thumb Code     0  faddsub_clz.o(x$fpl$fsub)
    _fsub                                    0x0800a82d   Thumb Code   234  faddsub_clz.o(x$fpl$fsub)
    POINT_COLOR_TBL                          0x0800a916   Data          10  main.o(.constdata)
    __I$use$fp                               0x0800a916   Number         0  usenofp.o(x$fpl$usenofp)
    asc2_1206                                0x0800a920   Data        1140  lcd.o(.constdata)
    asc2_1608                                0x0800ad94   Data        1520  lcd.o(.constdata)
    asc2_2412                                0x0800b384   Data        3420  lcd.o(.constdata)
    OTT_TPX_TBL                              0x0800c0e0   Data          10  ott2001a.o(.constdata)
    TP_ADJDIS_TBL                            0x0800c0ea   Data          12  touch.o(.constdata)
    Region$$Table$$Base                      0x0800c19c   Number         0  anon$$obj.o(Region$$Table)
    Region$$Table$$Limit                     0x0800c1bc   Number         0  anon$$obj.o(Region$$Table)
    SystemCoreClock                          0x20000000   Data           4  system_stm32f10x.o(.data)
    AHBPrescTable                            0x20000004   Data          16  system_stm32f10x.o(.data)
    POINT_COLOR                              0x20000014   Data           2  lcd.o(.data)
    BACK_COLOR                               0x20000016   Data           2  lcd.o(.data)
    tp_dev                                   0x2000001c   Data          52  touch.o(.data)
    CMD_RDX                                  0x20000050   Data           1  touch.o(.data)
    CMD_RDY                                  0x20000051   Data           1  touch.o(.data)
    TP_REMIND_MSG_TBL                        0x20000054   Data           4  touch.o(.data)
    g_timer                                  0x20000058   Data           1  timer.o(.data)
    __stdout                                 0x20000060   Data           4  usart.o(.data)
    bufCur                                   0x20000064   Data           1  usart.o(.data)
    lcddev                                   0x2000007c   Data          14  lcd.o(.bss)
    USART_RX_BUF                             0x2000008a   Data        2048  usart.o(.bss)
    USART_RX_STA                             0x2000088a   Data          32  usart.o(.bss)
    IMPORT_BUF                               0x200008aa   Data         128  usart.o(.bss)
    __libspace_start                         0x2000092c   Data          96  libspace.o(.bss)
    __temporary_stack_top$libspace           0x2000098c   Data           0  libspace.o(.bss)



==============================================================================

Memory Map of the image

  Image Entry point : 0x08000131

  Load Region LR_IROM1 (Base: 0x08000000, Size: 0x0000c238, Max: 0x00040000, ABSOLUTE)

    Execution Region ER_IROM1 (Base: 0x08000000, Size: 0x0000c1bc, Max: 0x00040000, ABSOLUTE)

    Base Addr    Size         Type   Attr      Idx    E Section Name        Object

    0x08000000   0x00000130   Data   RO          424    RESET               startup_stm32f10x_hd.o
    0x08000130   0x00000008   Code   RO          546  * !!!main             c_w.l(__main.o)
    0x08000138   0x00000034   Code   RO          789    !!!scatter          c_w.l(__scatter.o)
    0x0800016c   0x0000001a   Code   RO          791    !!handler_copy      c_w.l(__scatter_copy.o)
    0x08000186   0x00000002   PAD
    0x08000188   0x0000001c   Code   RO          793    !!handler_zi        c_w.l(__scatter_zi.o)
    0x080001a4   0x00000000   Code   RO          543    .ARM.Collect$$_printf_percent$$00000000  c_w.l(_printf_percent.o)
    0x080001a4   0x00000006   Code   RO          542    .ARM.Collect$$_printf_percent$$0000000C  c_w.l(_printf_x.o)
    0x080001aa   0x00000004   Code   RO          615    .ARM.Collect$$_printf_percent$$00000017  c_w.l(_printf_percent_end.o)
    0x080001ae   0x00000002   Code   RO          669    .ARM.Collect$$libinit$$00000000  c_w.l(libinit.o)
    0x080001b0   0x00000000   Code   RO          673    .ARM.Collect$$libinit$$00000002  c_w.l(libinit2.o)
    0x080001b0   0x00000000   Code   RO          676    .ARM.Collect$$libinit$$00000008  c_w.l(libinit2.o)
    0x080001b0   0x00000000   Code   RO          678    .ARM.Collect$$libinit$$0000000A  c_w.l(libinit2.o)
    0x080001b0   0x00000000   Code   RO          680    .ARM.Collect$$libinit$$0000000C  c_w.l(libinit2.o)
    0x080001b0   0x00000000   Code   RO          683    .ARM.Collect$$libinit$$0000000F  c_w.l(libinit2.o)
    0x080001b0   0x00000000   Code   RO          685    .ARM.Collect$$libinit$$00000011  c_w.l(libinit2.o)
    0x080001b0   0x00000000   Code   RO          687    .ARM.Collect$$libinit$$00000013  c_w.l(libinit2.o)
    0x080001b0   0x00000000   Code   RO          689    .ARM.Collect$$libinit$$00000015  c_w.l(libinit2.o)
    0x080001b0   0x00000000   Code   RO          691    .ARM.Collect$$libinit$$00000017  c_w.l(libinit2.o)
    0x080001b0   0x00000000   Code   RO          693    .ARM.Collect$$libinit$$00000019  c_w.l(libinit2.o)
    0x080001b0   0x00000000   Code   RO          695    .ARM.Collect$$libinit$$0000001B  c_w.l(libinit2.o)
    0x080001b0   0x00000000   Code   RO          697    .ARM.Collect$$libinit$$0000001D  c_w.l(libinit2.o)
    0x080001b0   0x00000000   Code   RO          699    .ARM.Collect$$libinit$$0000001F  c_w.l(libinit2.o)
    0x080001b0   0x00000000   Code   RO          701    .ARM.Collect$$libinit$$00000021  c_w.l(libinit2.o)
    0x080001b0   0x00000000   Code   RO          703    .ARM.Collect$$libinit$$00000023  c_w.l(libinit2.o)
    0x080001b0   0x00000000   Code   RO          707    .ARM.Collect$$libinit$$0000002A  c_w.l(libinit2.o)
    0x080001b0   0x00000000   Code   RO          709    .ARM.Collect$$libinit$$0000002C  c_w.l(libinit2.o)
    0x080001b0   0x00000000   Code   RO          711    .ARM.Collect$$libinit$$0000002E  c_w.l(libinit2.o)
    0x080001b0   0x00000000   Code   RO          713    .ARM.Collect$$libinit$$00000030  c_w.l(libinit2.o)
    0x080001b0   0x00000002   Code   RO          714    .ARM.Collect$$libinit$$00000031  c_w.l(libinit2.o)
    0x080001b2   0x00000002   Code   RO          732    .ARM.Collect$$libshutdown$$00000000  c_w.l(libshutdown.o)
    0x080001b4   0x00000000   Code   RO          743    .ARM.Collect$$libshutdown$$00000003  c_w.l(libshutdown2.o)
    0x080001b4   0x00000000   Code   RO          746    .ARM.Collect$$libshutdown$$00000006  c_w.l(libshutdown2.o)
    0x080001b4   0x00000000   Code   RO          749    .ARM.Collect$$libshutdown$$00000009  c_w.l(libshutdown2.o)
    0x080001b4   0x00000000   Code   RO          751    .ARM.Collect$$libshutdown$$0000000B  c_w.l(libshutdown2.o)
    0x080001b4   0x00000000   Code   RO          754    .ARM.Collect$$libshutdown$$0000000E  c_w.l(libshutdown2.o)
    0x080001b4   0x00000002   Code   RO          755    .ARM.Collect$$libshutdown$$0000000F  c_w.l(libshutdown2.o)
    0x080001b6   0x00000000   Code   RO          608    .ARM.Collect$$rtentry$$00000000  c_w.l(rtentry.o)
    0x080001b6   0x00000000   Code   RO          630    .ARM.Collect$$rtentry$$00000002  c_w.l(rtentry2.o)
    0x080001b6   0x00000006   Code   RO          642    .ARM.Collect$$rtentry$$00000004  c_w.l(rtentry4.o)
    0x080001bc   0x00000000   Code   RO          632    .ARM.Collect$$rtentry$$00000009  c_w.l(rtentry2.o)
    0x080001bc   0x00000004   Code   RO          633    .ARM.Collect$$rtentry$$0000000A  c_w.l(rtentry2.o)
    0x080001c0   0x00000000   Code   RO          635    .ARM.Collect$$rtentry$$0000000C  c_w.l(rtentry2.o)
    0x080001c0   0x00000008   Code   RO          636    .ARM.Collect$$rtentry$$0000000D  c_w.l(rtentry2.o)
    0x080001c8   0x00000002   Code   RO          670    .ARM.Collect$$rtexit$$00000000  c_w.l(rtexit.o)
    0x080001ca   0x00000000   Code   RO          716    .ARM.Collect$$rtexit$$00000002  c_w.l(rtexit2.o)
    0x080001ca   0x00000004   Code   RO          717    .ARM.Collect$$rtexit$$00000003  c_w.l(rtexit2.o)
    0x080001ce   0x00000006   Code   RO          718    .ARM.Collect$$rtexit$$00000004  c_w.l(rtexit2.o)
    0x080001d4   0x00000704   Code   RO            1    .text               main.o
    0x080008d8   0x0000001a   Code   RO           94    .text               stm32f10x_it.o
    0x080008f2   0x00000002   PAD
    0x080008f4   0x000001e0   Code   RO          138    .text               system_stm32f10x.o
    0x08000ad4   0x0000588c   Code   RO          191    .text               lcd.o
    0x08006360   0x000000fc   Code   RO          228    .text               key.o
    0x0800645c   0x00000258   Code   RO          244    .text               myiic.o
    0x080066b4   0x0000017a   Code   RO          259    .text               24cxx.o
    0x0800682e   0x00000002   PAD
    0x08006830   0x00000260   Code   RO          274    .text               ctiic.o
    0x08006a90   0x0000036c   Code   RO          289    .text               ott2001a.o
    0x08006dfc   0x00000c04   Code   RO          312    .text               touch.o
    0x08007a00   0x00000098   Code   RO          340    .text               timer.o
    0x08007a98   0x000000d4   Code   RO          358    .text               delay.o
    0x08007b6c   0x0000000c   Code   RO          372    .text               sys.o
    0x08007b78   0x00000204   Code   RO          384    .text               usart.o
    0x08007d7c   0x00000040   Code   RO          425    .text               startup_stm32f10x_hd.o
    0x08007dbc   0x0000035c   Code   RO          429    .text               stm32f10x_gpio.o
    0x08008118   0x000003a4   Code   RO          441    .text               stm32f10x_rcc.o
    0x080084bc   0x00000408   Code   RO          455    .text               stm32f10x_usart.o
    0x080088c4   0x000000dc   Code   RO          467    .text               misc.o
    0x080089a0   0x00000e1a   Code   RO          479    .text               stm32f10x_tim.o
    0x080097ba   0x00000002   Code   RO          493    .text               c_w.l(use_no_semi_2.o)
    0x080097bc   0x00000018   Code   RO          497    .text               c_w.l(noretval__2printf.o)
    0x080097d4   0x00000068   Code   RO          499    .text               c_w.l(__printf.o)
    0x0800983c   0x00000058   Code   RO          504    .text               c_w.l(_printf_hex_int.o)
    0x08009894   0x00000006   Code   RO          544    .text               c_w.l(heapauxi.o)
    0x0800989a   0x00000002   Code   RO          606    .text               c_w.l(use_no_semi.o)
    0x0800989c   0x00000016   Code   RO          609    .text               c_w.l(_rserrno.o)
    0x080098b2   0x000000b2   Code   RO          611    .text               c_w.l(_printf_intcommon.o)
    0x08009964   0x00000024   Code   RO          613    .text               c_w.l(_printf_char_file.o)
    0x08009988   0x00000008   Code   RO          647    .text               c_w.l(rt_errno_addr_intlibspace.o)
    0x08009990   0x00000030   Code   RO          649    .text               c_w.l(_printf_char_common.o)
    0x080099c0   0x00000008   Code   RO          651    .text               c_w.l(ferror.o)
    0x080099c8   0x00000008   Code   RO          655    .text               c_w.l(libspace.o)
    0x080099d0   0x0000004a   Code   RO          658    .text               c_w.l(sys_stackheap_outer.o)
    0x08009a1a   0x0000000c   Code   RO          662    .text               c_w.l(exit.o)
    0x08009a26   0x0000004c   Code   RO          599    i.sqrt              m_ws.l(sqrt.o)
    0x08009a72   0x00000002   PAD
    0x08009a74   0x00000150   Code   RO          548    x$fpl$dadd          fz_ws.l(daddsub_clz.o)
    0x08009bc4   0x00000018   Code   RO          616    x$fpl$dcmpinf       fz_ws.l(dcmpi.o)
    0x08009bdc   0x0000005a   Code   RO          554    x$fpl$dfixu         fz_ws.l(dfixu.o)
    0x08009c36   0x0000002e   Code   RO          559    x$fpl$dflt          fz_ws.l(dflt_clz.o)
    0x08009c64   0x00000026   Code   RO          558    x$fpl$dfltu         fz_ws.l(dflt_clz.o)
    0x08009c8a   0x00000002   PAD
    0x08009c8c   0x00000078   Code   RO          564    x$fpl$dleqf         fz_ws.l(dleqf.o)
    0x08009d04   0x00000154   Code   RO          566    x$fpl$dmul          fz_ws.l(dmul.o)
    0x08009e58   0x0000009c   Code   RO          618    x$fpl$dnaninf       fz_ws.l(dnaninf.o)
    0x08009ef4   0x0000000c   Code   RO          620    x$fpl$dretinf       fz_ws.l(dretinf.o)
    0x08009f00   0x0000006c   Code   RO          568    x$fpl$drleqf        fz_ws.l(drleqf.o)
    0x08009f6c   0x00000016   Code   RO          549    x$fpl$drsb          fz_ws.l(daddsub_clz.o)
    0x08009f82   0x00000002   PAD
    0x08009f84   0x000001cc   Code   RO          622    x$fpl$dsqrt         fz_ws.l(dsqrt_noumaal.o)
    0x0800a150   0x000001d4   Code   RO          550    x$fpl$dsub          fz_ws.l(daddsub_clz.o)
    0x0800a324   0x00000056   Code   RO          570    x$fpl$f2d           fz_ws.l(f2d.o)
    0x0800a37a   0x00000002   PAD
    0x0800a37c   0x000000c4   Code   RO          572    x$fpl$fadd          fz_ws.l(faddsub_clz.o)
    0x0800a440   0x00000184   Code   RO          579    x$fpl$fdiv          fz_ws.l(fdiv.o)
    0x0800a5c4   0x00000036   Code   RO          582    x$fpl$ffix          fz_ws.l(ffix.o)
    0x0800a5fa   0x00000002   PAD
    0x0800a5fc   0x0000003e   Code   RO          586    x$fpl$ffixu         fz_ws.l(ffixu.o)
    0x0800a63a   0x00000002   PAD
    0x0800a63c   0x00000030   Code   RO          591    x$fpl$fflt          fz_ws.l(fflt_clz.o)
    0x0800a66c   0x00000026   Code   RO          590    x$fpl$ffltu         fz_ws.l(fflt_clz.o)
    0x0800a692   0x00000002   PAD
    0x0800a694   0x00000102   Code   RO          596    x$fpl$fmul          fz_ws.l(fmul.o)
    0x0800a796   0x0000008c   Code   RO          624    x$fpl$fnaninf       fz_ws.l(fnaninf.o)
    0x0800a822   0x0000000a   Code   RO          626    x$fpl$fretinf       fz_ws.l(fretinf.o)
    0x0800a82c   0x000000ea   Code   RO          574    x$fpl$fsub          fz_ws.l(faddsub_clz.o)
    0x0800a916   0x00000000   Code   RO          628    x$fpl$usenofp       fz_ws.l(usenofp.o)
    0x0800a916   0x0000000a   Data   RO            2    .constdata          main.o
    0x0800a920   0x000017c0   Data   RO          193    .constdata          lcd.o
    0x0800c0e0   0x0000000a   Data   RO          290    .constdata          ott2001a.o
    0x0800c0ea   0x0000000c   Data   RO          313    .constdata          touch.o
    0x0800c0f6   0x00000028   Data   RO          505    .constdata          c_w.l(_printf_hex_int.o)
    0x0800c11e   0x00000002   PAD
    0x0800c120   0x00000079   Data   RO          314    .conststring        touch.o
    0x0800c199   0x00000003   PAD
    0x0800c19c   0x00000020   Data   RO          787    Region$$Table       anon$$obj.o


    Execution Region RW_IRAM1 (Base: 0x20000000, Size: 0x00000f90, Max: 0x0000c000, ABSOLUTE)

    Base Addr    Size         Type   Attr      Idx    E Section Name        Object

    0x20000000   0x00000014   Data   RW          139    .data               system_stm32f10x.o
    0x20000014   0x00000004   Data   RW          194    .data               lcd.o
    0x20000018   0x00000001   Data   RW          229    .data               key.o
    0x20000019   0x00000001   Data   RW          291    .data               ott2001a.o
    0x2000001a   0x00000002   PAD
    0x2000001c   0x0000003c   Data   RW          315    .data               touch.o
    0x20000058   0x00000001   Data   RW          341    .data               timer.o
    0x20000059   0x00000001   PAD
    0x2000005a   0x00000004   Data   RW          359    .data               delay.o
    0x2000005e   0x00000002   PAD
    0x20000060   0x00000005   Data   RW          386    .data               usart.o
    0x20000065   0x00000014   Data   RW          442    .data               stm32f10x_rcc.o
    0x20000079   0x00000003   PAD
    0x2000007c   0x0000000e   Zero   RW          192    .bss                lcd.o
    0x2000008a   0x000008a0   Zero   RW          385    .bss                usart.o
    0x2000092a   0x00000002   PAD
    0x2000092c   0x00000060   Zero   RW          656    .bss                c_w.l(libspace.o)
    0x2000098c   0x00000004   PAD
    0x20000990   0x00000200   Zero   RW          423    HEAP                startup_stm32f10x_hd.o
    0x20000b90   0x00000400   Zero   RW          422    STACK               startup_stm32f10x_hd.o


==============================================================================

Image component sizes


      Code (inc. data)   RO Data    RW Data    ZI Data      Debug   Object Name

       378          0          0          0          0       2722   24cxx.o
         0          0          0          0          0         32   core_cm3.o
       608         18          0          0          0       2037   ctiic.o
       212         18          0          4          0       1095   delay.o
       252         16          0          1          0        864   key.o
     22668        190       6080          4         14      23916   lcd.o
         0          0          0          0          0     204848   led.o
      1796        320         10          0          0     212333   main.o
       220         22          0          0          0       1873   misc.o
       600         12          0          0          0       1888   myiic.o
       876         56         10          1          0       2734   ott2001a.o
        64         26        304          0       1536        824   startup_stm32f10x_hd.o
       860         38          0          0          0       5721   stm32f10x_gpio.o
        26          0          0          0          0      44874   stm32f10x_it.o
       932         36          0         20          0       8932   stm32f10x_rcc.o
      3610         88          0          0          0      22204   stm32f10x_tim.o
      1032         22          0          0          0       8444   stm32f10x_usart.o
        12          0          0          0          0        489   sys.o
       480         38          0         20          0       1851   system_stm32f10x.o
       152         10          0          1          0       1102   timer.o
      3076        180        133         60          0       6535   touch.o
       516         22          0          5       2208       3420   usart.o

    ----------------------------------------------------------------------
     38374       1112       6572        124       3760     558738   Object Totals
         0          0         32          0          0          0   (incl. Generated)
         4          0          3          8          2          0   (incl. Padding)

    ----------------------------------------------------------------------

      Code (inc. data)   RO Data    RW Data    ZI Data      Debug   Library Member Name

         8          0          0          0          0         68   __main.o
       104          0          0          0          0         84   __printf.o
        52          8          0          0          0          0   __scatter.o
        26          0          0          0          0          0   __scatter_copy.o
        28          0          0          0          0          0   __scatter_zi.o
        48          6          0          0          0         96   _printf_char_common.o
        36          4          0          0          0         80   _printf_char_file.o
        88          4         40          0          0         88   _printf_hex_int.o
       178          0          0          0          0         88   _printf_intcommon.o
         0          0          0          0          0          0   _printf_percent.o
         4          0          0          0          0          0   _printf_percent_end.o
         6          0          0          0          0          0   _printf_x.o
        22          0          0          0          0        100   _rserrno.o
        12          0          0          0          0         72   exit.o
         8          0          0          0          0         68   ferror.o
         6          0          0          0          0        152   heapauxi.o
         2          0          0          0          0          0   libinit.o
         2          0          0          0          0          0   libinit2.o
         2          0          0          0          0          0   libshutdown.o
         2          0          0          0          0          0   libshutdown2.o
         8          4          0          0         96         68   libspace.o
        24          4          0          0          0         84   noretval__2printf.o
         8          4          0          0          0         68   rt_errno_addr_intlibspace.o
         0          0          0          0          0          0   rtentry.o
        12          0          0          0          0          0   rtentry2.o
         6          0          0          0          0          0   rtentry4.o
         2          0          0          0          0          0   rtexit.o
        10          0          0          0          0          0   rtexit2.o
        74          0          0          0          0         80   sys_stackheap_outer.o
         2          0          0          0          0         68   use_no_semi.o
         2          0          0          0          0         68   use_no_semi_2.o
       826         16          0          0          0        348   daddsub_clz.o
        24          0          0          0          0         68   dcmpi.o
        90          4          0          0          0         92   dfixu.o
        84          0          0          0          0        136   dflt_clz.o
       120          4          0          0          0         92   dleqf.o
       340         12          0          0          0        104   dmul.o
       156          4          0          0          0         92   dnaninf.o
        12          0          0          0          0         68   dretinf.o
       108          0          0          0          0         80   drleqf.o
       460         56          0          0          0        120   dsqrt_noumaal.o
        86          4          0          0          0         84   f2d.o
       430          8          0          0          0        168   faddsub_clz.o
       388         76          0          0          0         96   fdiv.o
        54          4          0          0          0         84   ffix.o
        62          4          0          0          0         84   ffixu.o
        86          0          0          0          0        136   fflt_clz.o
       258          4          0          0          0         84   fmul.o
       140          4          0          0          0         84   fnaninf.o
        10          0          0          0          0         68   fretinf.o
         0          0          0          0          0          0   usenofp.o
        76          0          0          0          0         84   sqrt.o

    ----------------------------------------------------------------------
      4608        234         42          0        100       3504   Library Totals
        16          0          2          0          4          0   (incl. Padding)

    ----------------------------------------------------------------------

      Code (inc. data)   RO Data    RW Data    ZI Data      Debug   Library Name

       782         34         40          0         96       1332   c_w.l
      3734        200          0          0          0       2088   fz_ws.l
        76          0          0          0          0         84   m_ws.l

    ----------------------------------------------------------------------
      4608        234         42          0        100       3504   Library Totals

    ----------------------------------------------------------------------

==============================================================================


      Code (inc. data)   RO Data    RW Data    ZI Data      Debug   

     42982       1346       6614        124       3860     558910   Grand Totals
     42982       1346       6614        124       3860     558910   ELF Image Totals
     42982       1346       6614        124          0          0   ROM Totals

==============================================================================

    Total RO  Size (Code + RO Data)                49596 (  48.43kB)
    Total RW  Size (RW Data + ZI Data)              3984 (   3.89kB)
    Total ROM Size (Code + RO Data + RW Data)      49720 (  48.55kB)

==============================================================================

